Archive member included because of file (symbol)

contiki-z1.a(contiki-z1-plat)
                              obj_z1/contiki-z1-main.o (init_platform)
contiki-z1.a(msp430.o)        obj_z1/contiki-z1-main.o (splhigh_)
contiki-z1.a(leds.o)          obj_z1/contiki-z1-main.o (leds_init)
contiki-z1.a(watchdog.o)      obj_z1/contiki-z1-main.o (watchdog_start)
contiki-z1.a(xmem.o)          obj_z1/contiki-z1-main.o (xmem_init)
contiki-z1.a(spi.o)           contiki-z1.a(xmem.o) (spi_init)
contiki-z1.a(cc2420.o)        obj_z1/contiki-z1-main.o (cc2420_set_pan_addr)
contiki-z1.a(cc2420-arch.o)   contiki-z1.a(cc2420.o) (cc2420_arch_init)
contiki-z1.a(node-id.o)       obj_z1/contiki-z1-main.o (node_id_restore)
contiki-z1.a(sensors.o)       border-router.co (sensors_event)
contiki-z1.a(button-sensor.o)
                              border-router.co (button_sensor)
contiki-z1.a(uart0.o)         obj_z1/contiki-z1-main.o (uart0_active)
contiki-z1.a(slip.o)          obj_z1/slip-bridge.o (slip_process)
contiki-z1.a(slip_uart0.o)    obj_z1/slip-bridge.o (slip_arch_writeb)
contiki-z1.a(z1-sensors.o)    contiki-z1.a(sensors.o) (sensors_flags)
contiki-z1.a(adxl345.o)       obj_z1/contiki-z1-main.o (adxl345)
contiki-z1.a(tmp102.o)        contiki-z1.a(z1-sensors.o) (tmp102)
contiki-z1.a(clock.o)         obj_z1/contiki-z1-main.o (clock_init)
contiki-z1.a(leds-arch.o)     contiki-z1.a(leds.o) (leds_arch_init)
contiki-z1.a(rtimer-arch.o)   obj_z1/contiki-z1-main.o (rtimer_arch_now)
contiki-z1.a(autostart.o)     obj_z1/contiki-z1-main.o (autostart_start)
contiki-z1.a(ctimer.o)        obj_z1/contiki-z1-main.o (ctimer_init)
contiki-z1.a(energest.o)      obj_z1/contiki-z1-main.o (energest_init)
contiki-z1.a(etimer.o)        contiki-z1.a(clock.o) (etimer_request_poll)
contiki-z1.a(process.o)       border-router.co (process_current)
contiki-z1.a(rtimer.o)        obj_z1/contiki-z1-main.o (rtimer_init)
contiki-z1.a(timer.o)         obj_z1/httpd-simple.o (timer_set)
contiki-z1.a(list.o)          contiki-z1.a(ctimer.o) (list_init)
contiki-z1.a(memb.o)          obj_z1/httpd-simple.o (memb_init)
contiki-z1.a(random.o)        obj_z1/contiki-z1-main.o (random_init)
contiki-z1.a(uip-ds6.o)       border-router.co (uip_ds6_if)
contiki-z1.a(uip-ds6-route.o)
                              contiki-z1.a(uip-ds6.o) (uip_ds6_route_init)
contiki-z1.a(uip6.o)          border-router.co (uip_aligned_buf)
contiki-z1.a(uip-ds6-nbr.o)   border-router.co (ds6_neighbors)
contiki-z1.a(uip-nd6.o)       contiki-z1.a(uip6.o) (uip_nd6_init)
contiki-z1.a(sicslowpan.o)    obj_z1/contiki-z1-main.o (sicslowpan_driver)
contiki-z1.a(psock.o)         border-router.co (psock_send)
contiki-z1.a(tcpip.o)         contiki-z1.a(sicslowpan.o) (tcpip_set_outputfunc)
contiki-z1.a(uip-debug.o)     border-router.co (uip_debug_ipaddr_print)
contiki-z1.a(rpl-dag.o)       border-router.co (rpl_set_prefix)
contiki-z1.a(rpl-timers.o)    contiki-z1.a(rpl-dag.o) (rpl_reset_dio_timer)
contiki-z1.a(rpl-ext-header.)
                              contiki-z1.a(uip6.o) (rpl_verify_hbh_header)
contiki-z1.a(rpl.o)           contiki-z1.a(rpl-timers.o) (rpl_get_mode)
contiki-z1.a(rpl-mrhof.o)     contiki-z1.a(rpl-dag.o) (rpl_mrhof)
contiki-z1.a(rpl-icmp6.o)     contiki-z1.a(rpl-dag.o) (rpl_icmp6_update_nbr_table)
contiki-z1.a(queuebuf.o)      obj_z1/contiki-z1-main.o (queuebuf_init)
contiki-z1.a(nbr-table.o)     contiki-z1.a(uip-ds6-route.o) (nbr_table_register)
contiki-z1.a(packetbuf.o)     contiki-z1.a(cc2420.o) (packetbuf_set_datalen)
contiki-z1.a(linkaddr.o)      obj_z1/contiki-z1-main.o (linkaddr_copy)
contiki-z1.a(link-stats.o)    contiki-z1.a(rpl-dag.o) (link_stats_from_lladdr)
contiki-z1.a(framer-802154.o)
                              contiki-z1.a(sicslowpan.o) (framer_802154)
contiki-z1.a(csma.o)          border-router.co (csma_driver)
contiki-z1.a(frame802154.o)   contiki-z1.a(framer-802154.o) (frame802154_get_pan_id)
contiki-z1.a(mac.o)           contiki-z1.a(csma.o) (mac_call_sent_callback)
contiki-z1.a(contikimac.o)    obj_z1/contiki-z1-main.o (contikimac_driver)
contiki-z1.a(nullsec.o)       obj_z1/contiki-z1-main.o (nullsec_driver)
contiki-z1.a(i2cmaster.o)     contiki-z1.a(adxl345.o) (i2c_receiveinit)
contiki-z1.a(stimer.o)        contiki-z1.a(uip-ds6.o) (stimer_set)
contiki-z1.a(uip-icmp6.o)     contiki-z1.a(uip6.o) (uip_icmp6_input)
contiki-z1.a(rpl-nbr-policy.)
                              contiki-z1.a(nbr-table.o) (rpl_nbr_policy_find_removable)
contiki-z1.a(mac-sequence.o)  contiki-z1.a(contikimac.o) (mac_sequence_is_duplicate)
/usr/local/bin/../lib/gcc/msp430/4.7.2/mcpu-430x/mmpy-16/msr20/mc20/libgcc.a(_mulsi3.o)
                              contiki-z1.a(rpl-timers.o) (__mulsi3)
/usr/local/bin/../lib/gcc/msp430/4.7.2/mcpu-430x/mmpy-16/msr20/mc20/libgcc.a(_udivmod16.o)
                              contiki-z1.a(rpl-dag.o) (__udivhi3)
/usr/local/bin/../lib/gcc/msp430/4.7.2/mcpu-430x/mmpy-16/msr20/mc20/libgcc.a(_divmod16.o)
[...]
Memory Configuration

Name             Origin             Length             Attributes
sfr              0x00000000         0x00000010
peripheral_8bit  0x00000010         0x000000f0
peripheral_16bit 0x00000100         0x00000100
ram_mirror       0x00000200         0x00000800         xw
infomem          0x00001000         0x00000100
infod            0x00001000         0x00000040
infoc            0x00001040         0x00000040
infob            0x00001080         0x00000040
infoa            0x000010c0         0x00000040
ram              0x00001100         0x00002000         xw
rom              0x00003100         0x0000cebe         xr
vectors          0x0000ffc0         0x00000040
far_rom          0x00010000         0x0000a000
bsl              0x00000000         0x00000000
ram2             0x00000000         0x00000000         xw
usbram           0x00000000         0x00000000         xw
*default*        0x00000000         0xffffffff

Linker script and memory map

LOAD /usr/local/bin/../lib/gcc/msp430/4.7.2/mcpu-430x/mmpy-16/msr20/mc20/crt0ivtbl32.o
                0x00000041                __P1SEL2 = 0x41
                0x00000045                __P5SEL2 = 0x45
LOAD border-router.co
LOAD obj_z1/slip-bridge.o
LOAD obj_z1/httpd-simple.o
LOAD obj_z1/contiki-z1-main.o
LOAD contiki-z1.a
LOAD /usr/local/bin/../lib/gcc/msp430/4.7.2/mcpu-430x/mmpy-16/msr20/mc20/libgcc.a
LOAD /usr/local/bin/../lib/gcc/msp430/4.7.2/../../../../msp430/lib/mcpu-430x/mmpy-16/msr20/mc20/libc.a
LOAD /usr/local/bin/../lib/gcc/msp430/4.7.2/mcpu-430x/mmpy-16/msr20/mc20/libgcc.a
LOAD /usr/local/bin/../lib/gcc/msp430/4.7.2/mcpu-430x/mmpy-16/msr20/mc20/libcrt0.a
                0x00000040                PROVIDE (__info_segment_size, 0x40)
                0x00001000                PROVIDE (__infod, 0x1000)
                0x00001040                PROVIDE (__infoc, 0x1040)
                0x00001080                PROVIDE (__infob, 0x1080)
                0x000010c0                PROVIDE (__infoa, 0x10c0)
                0x00000000                __IE1 = 0x0
                0x00000002                __IFG1 = 0x2
                0x00000001                __IE2 = 0x1
                0x00000003                __IFG2 = 0x3
                0x00000006                __UC1IE = 0x6
                0x00000007                __UC1IFG = 0x7
                0x000001a0                __ADC12CTL0 = 0x1a0
                0x000001a2                __ADC12CTL1 = 0x1a2
                0x000001a4                __ADC12IFG = 0x1a4
                0x000001a6                __ADC12IE = 0x1a6
                0x000001a8                __ADC12IV = 0x1a8
                0x00000140                __ADC12MEM0 = 0x140
                0x00000142                __ADC12MEM1 = 0x142
                0x00000144                __ADC12MEM2 = 0x144
                0x00000146                __ADC12MEM3 = 0x146
                0x00000148                __ADC12MEM4 = 0x148
                0x0000014a                __ADC12MEM5 = 0x14a
                0x0000014c                __ADC12MEM6 = 0x14c
                0x0000014e                __ADC12MEM7 = 0x14e
                0x00000150                __ADC12MEM8 = 0x150
                0x00000152                __ADC12MEM9 = 0x152
                0x00000154                __ADC12MEM10 = 0x154
                0x00000156                __ADC12MEM11 = 0x156
                0x00000158                __ADC12MEM12 = 0x158
                0x0000015a                __ADC12MEM13 = 0x15a
                0x0000015c                __ADC12MEM14 = 0x15c
                0x0000015e                __ADC12MEM15 = 0x15e
                0x00000080                __ADC12MCTL0 = 0x80
                0x00000081                __ADC12MCTL1 = 0x81
                0x00000082                __ADC12MCTL2 = 0x82
                0x00000083                __ADC12MCTL3 = 0x83
                0x00000084                __ADC12MCTL4 = 0x84
                0x00000085                __ADC12MCTL5 = 0x85
                0x00000086                __ADC12MCTL6 = 0x86
                0x00000087                __ADC12MCTL7 = 0x87
                0x00000088                __ADC12MCTL8 = 0x88
                0x00000089                __ADC12MCTL9 = 0x89
                0x0000008a                __ADC12MCTL10 = 0x8a
                0x0000008b                __ADC12MCTL11 = 0x8b
                0x0000008c                __ADC12MCTL12 = 0x8c
                0x0000008d                __ADC12MCTL13 = 0x8d
                0x0000008e                __ADC12MCTL14 = 0x8e
                0x0000008f                __ADC12MCTL15 = 0x8f
                0x00000056                __DCOCTL = 0x56
                0x00000057                __BCSCTL1 = 0x57
                0x00000058                __BCSCTL2 = 0x58
                0x00000053                __BCSCTL3 = 0x53
                0x00000059                __CACTL1 = 0x59
                0x0000005a                __CACTL2 = 0x5a
                0x0000005b                __CAPD = 0x5b
                0x000001c0                __DAC12_0CTL = 0x1c0
                0x000001c2                __DAC12_1CTL = 0x1c2
                0x000001c8                __DAC12_0DAT = 0x1c8
                0x000001ca                __DAC12_1DAT = 0x1ca
                0x00000122                __DMACTL0 = 0x122
                0x00000124                __DMACTL1 = 0x124
                0x00000126                __DMAIV = 0x126
                0x000001d0                __DMA0CTL = 0x1d0
                0x000001dc                __DMA1CTL = 0x1dc
                0x000001e8                __DMA2CTL = 0x1e8
                0x000001d2                __DMA0SA = 0x1d2
                0x000001d2                __DMA0SAL = 0x1d2
                0x000001d6                __DMA0DA = 0x1d6
                0x000001d6                __DMA0DAL = 0x1d6
                0x000001da                __DMA0SZ = 0x1da
                0x000001de                __DMA1SA = 0x1de
                0x000001de                __DMA1SAL = 0x1de
                0x000001e2                __DMA1DA = 0x1e2
                0x000001e2                __DMA1DAL = 0x1e2
                0x000001e6                __DMA1SZ = 0x1e6
                0x000001ea                __DMA2SA = 0x1ea
                0x000001ea                __DMA2SAL = 0x1ea
                0x000001ee                __DMA2DA = 0x1ee
                0x000001ee                __DMA2DAL = 0x1ee
                0x000001f2                __DMA2SZ = 0x1f2
                0x00000128                __FCTL1 = 0x128
                0x0000012a                __FCTL2 = 0x12a
                0x0000012c                __FCTL3 = 0x12c
                0x000001be                __FCTL4 = 0x1be
                0x00000130                __MPY = 0x130
                0x00000132                __MPYS = 0x132
                0x00000134                __MAC = 0x134
                0x00000136                __MACS = 0x136
                0x00000138                __OP2 = 0x138
                0x0000013a                __RESLO = 0x13a
                0x0000013c                __RESHI = 0x13c
                0x0000013e                __SUMEXT = 0x13e
                0x00000020                __P1IN = 0x20
                0x00000021                __P1OUT = 0x21
                0x00000022                __P1DIR = 0x22
                0x00000023                __P1IFG = 0x23
                0x00000024                __P1IES = 0x24
                0x00000025                __P1IE = 0x25
                0x00000026                __P1SEL = 0x26
                0x00000027                __P1REN = 0x27
                0x00000028                __P2IN = 0x28
                0x00000029                __P2OUT = 0x29
                0x0000002a                __P2DIR = 0x2a
                0x0000002b                __P2IFG = 0x2b
                0x0000002c                __P2IES = 0x2c
                0x0000002d                __P2IE = 0x2d
                0x0000002e                __P2SEL = 0x2e
                0x0000002f                __P2REN = 0x2f
                0x00000018                __P3IN = 0x18
                0x00000019                __P3OUT = 0x19
                0x0000001a                __P3DIR = 0x1a
                0x0000001b                __P3SEL = 0x1b
                0x00000010                __P3REN = 0x10
                0x0000001c                __P4IN = 0x1c
                0x0000001d                __P4OUT = 0x1d
                0x0000001e                __P4DIR = 0x1e
                0x0000001f                __P4SEL = 0x1f
                0x00000011                __P4REN = 0x11
                0x00000030                __P5IN = 0x30
                0x00000031                __P5OUT = 0x31
                0x00000032                __P5DIR = 0x32
                0x00000033                __P5SEL = 0x33
                0x00000012                __P5REN = 0x12
                0x00000034                __P6IN = 0x34
                0x00000035                __P6OUT = 0x35
                0x00000036                __P6DIR = 0x36
                0x00000037                __P6SEL = 0x37
                0x00000013                __P6REN = 0x13
                0x00000038                __P7IN = 0x38
                0x0000003a                __P7OUT = 0x3a
                0x0000003c                __P7DIR = 0x3c
                0x0000003e                __P7SEL = 0x3e
                0x00000014                __P7REN = 0x14
                0x00000039                __P8IN = 0x39
                0x0000003b                __P8OUT = 0x3b
                0x0000003d                __P8DIR = 0x3d
                0x0000003f                __P8SEL = 0x3f
                0x00000015                __P8REN = 0x15
                0x00000038                __PAIN = 0x38
                0x0000003a                __PAOUT = 0x3a
                0x0000003c                __PADIR = 0x3c
                0x0000003e                __PASEL = 0x3e
                0x00000014                __PAREN = 0x14
                0x00000055                __SVSCTL = 0x55
                0x0000012e                __TAIV = 0x12e
                0x00000160                __TACTL = 0x160
                0x00000162                __TACCTL0 = 0x162
                0x00000164                __TACCTL1 = 0x164
                0x00000166                __TACCTL2 = 0x166
                0x00000170                __TAR = 0x170
                0x00000172                __TACCR0 = 0x172
                0x00000174                __TACCR1 = 0x174
                0x00000176                __TACCR2 = 0x176
                0x0000011e                __TBIV = 0x11e
                0x00000180                __TBCTL = 0x180
                0x00000182                __TBCCTL0 = 0x182
                0x00000184                __TBCCTL1 = 0x184
                0x00000186                __TBCCTL2 = 0x186
                0x00000188                __TBCCTL3 = 0x188
                0x0000018a                __TBCCTL4 = 0x18a
                0x0000018c                __TBCCTL5 = 0x18c
                0x0000018e                __TBCCTL6 = 0x18e
                0x00000190                __TBR = 0x190
                0x00000192                __TBCCR0 = 0x192
                0x00000194                __TBCCR1 = 0x194
                0x00000196                __TBCCR2 = 0x196
                0x00000198                __TBCCR3 = 0x198
                0x0000019a                __TBCCR4 = 0x19a
                0x0000019c                __TBCCR5 = 0x19c
                0x0000019e                __TBCCR6 = 0x19e
                0x00000060                __UCA0CTL0 = 0x60
                0x00000061                __UCA0CTL1 = 0x61
                0x00000062                __UCA0BR0 = 0x62
                0x00000063                __UCA0BR1 = 0x63
                0x00000064                __UCA0MCTL = 0x64
                0x00000065                __UCA0STAT = 0x65
                0x00000066                __UCA0RXBUF = 0x66
                0x00000067                __UCA0TXBUF = 0x67
                0x0000005d                __UCA0ABCTL = 0x5d
                0x0000005e                __UCA0IRTCTL = 0x5e
                0x0000005f                __UCA0IRRCTL = 0x5f
                0x00000068                __UCB0CTL0 = 0x68
                0x00000069                __UCB0CTL1 = 0x69
                0x0000006a                __UCB0BR0 = 0x6a
                0x0000006b                __UCB0BR1 = 0x6b
                0x0000006c                __UCB0I2CIE = 0x6c
                0x0000006d                __UCB0STAT = 0x6d
                0x0000006e                __UCB0RXBUF = 0x6e
                0x0000006f                __UCB0TXBUF = 0x6f
                0x00000118                __UCB0I2COA = 0x118
                0x0000011a                __UCB0I2CSA = 0x11a
                0x000000d0                __UCA1CTL0 = 0xd0
                0x000000d1                __UCA1CTL1 = 0xd1
                0x000000d2                __UCA1BR0 = 0xd2
                0x000000d3                __UCA1BR1 = 0xd3
                0x000000d4                __UCA1MCTL = 0xd4
                0x000000d5                __UCA1STAT = 0xd5
                0x000000d6                __UCA1RXBUF = 0xd6
                0x000000d7                __UCA1TXBUF = 0xd7
                0x000000cd                __UCA1ABCTL = 0xcd
                0x000000ce                __UCA1IRTCTL = 0xce
                0x000000cf                __UCA1IRRCTL = 0xcf
                0x000000d8                __UCB1CTL0 = 0xd8
                0x000000d9                __UCB1CTL1 = 0xd9
                0x000000da                __UCB1BR0 = 0xda
                0x000000db                __UCB1BR1 = 0xdb
                0x000000dc                __UCB1I2CIE = 0xdc
                0x000000dd                __UCB1STAT = 0xdd
                0x000000de                __UCB1RXBUF = 0xde
                0x000000df                __UCB1TXBUF = 0xdf
                0x0000017c                __UCB1I2COA = 0x17c
                0x0000017e                __UCB1I2CSA = 0x17e
                0x00000120                __WDTCTL = 0x120
                0x000010c0                __TLV_CHECKSUM = 0x10c0
                0x000010f6                __TLV_DCO_30_TAG = 0x10f6
                0x000010f7                __TLV_DCO_30_LEN = 0x10f7
                0x000010da                __TLV_ADC12_1_TAG = 0x10da
                0x000010db                __TLV_ADC12_1_LEN = 0x10db
                0x000010f8                __CALDCO_16MHZ = 0x10f8
                0x000010f9                __CALBC1_16MHZ = 0x10f9
                0x000010fa                __CALDCO_12MHZ = 0x10fa
                0x000010fb                __CALBC1_12MHZ = 0x10fb
                0x000010fc                __CALDCO_8MHZ = 0x10fc
                0x000010fd                __CALBC1_8MHZ = 0x10fd
                0x000010fe                __CALDCO_1MHZ = 0x10fe
                0x000010ff                __CALBC1_1MHZ = 0x10ff

.hash
 *(.hash)

.dynsym
 *(.dynsym)

.dynstr
 *(.dynstr)

.gnu.version
 *(.gnu.version)

.gnu.version_d
 *(.gnu.version_d)

.gnu.version_r
 *(.gnu.version_r)

.rel.init
 *(.rel.init)

.rela.init
 *(.rela.init)

.rel.fini
 *(.rel.fini)

.rela.fini
 *(.rela.fini)

.rel.text
 *(.rel.text .rel.text.* .rel.gnu.linkonce.t.*)

.rela.text
 *(.rela.text .rela.text.* .rela.gnu.linkonce.t.*)

.rel.rodata
 *(.rel.rodata .rel.rodata.* .rel.gnu.linkonce.r.*)

.rela.rodata
 *(.rela.rodata .rela.rodata.* .rela.gnu.linkonce.r.*)

.rel.data
 *(.rel.data .rel.data.* .rel.gnu.linkonce.d.*)

.rela.data
 *(.rela.data .rela.data.* .rela.gnu.linkonce.d.*)

.rel.bss
 *(.rel.bss .rel.bss.* .rel.gnu.linkonce.b.*)

.rela.bss
 *(.rela.bss .rela.bss.* .rela.gnu.linkonce.b.*)

.rel.ctors
 *(.rel.ctors)

.rela.ctors
 *(.rela.ctors)

.rel.dtors
 *(.rel.dtors)

.rela.dtors
 *(.rela.dtors)

.rel.got
 *(.rel.got)

.rela.got
 *(.rela.got)

.rel.plt
 *(.rel.plt)

.rela.plt
 *(.rela.plt)

.text           0x00003100     0xba38
                0x00003100                . = ALIGN (0x2)
 *(.init .init.*)
 *(.init0)
 .init0         0x00003100        0x0 /usr/local/bin/../lib/gcc/msp430/4.7.2/mcpu-430x/mmpy-16/msr20/mc20/libcrt0.a(_reset_vector__.o)
                0x00003100                _reset_vector__
 *(.init1)
 .init1         0x00003100        0xc /usr/local/bin/../lib/gcc/msp430/4.7.2/mcpu-430x/mmpy-16/msr20/mc20/libcrt0.a(__watchdog_support.o)
                0x00003100                __watchdog_support
 *(.init2)
 .init2         0x0000310c        0x4 /usr/local/bin/../lib/gcc/msp430/4.7.2/mcpu-430x/mmpy-16/msr20/mc20/libcrt0.a(__init_stack.o)
                0x0000310c                __init_stack
 *(.init3)
 .init3         0x00003110        0x0 /usr/local/bin/../lib/gcc/msp430/4.7.2/mcpu-430x/mmpy-16/msr20/mc20/libcrt0.a(__low_level_init.o)
                0x00003110                __low_level_init
 *(.init4)
 .init4         0x00003110       0x18 /usr/local/bin/../lib/gcc/msp430/4.7.2/mcpu-430x/mmpy-16/msr20/mc20/libcrt0.a(_copy_data.o)
                0x00003110                __do_copy_data
 .init4         0x00003128       0x16 /usr/local/bin/../lib/gcc/msp430/4.7.2/mcpu-430x/mmpy-16/msr20/mc20/libcrt0.a(_clear_bss.o)
                0x00003128                __do_clear_bss
 *(.init5)
 *(.init6)
 *(.init7)
 *(.init8)
 *(.init9)
 .init9         0x0000313e      0x350 obj_z1/contiki-z1-main.o
                0x0000313e                main
 *(.fini9)
 .fini9         0x0000348e        0x0 /usr/local/bin/../lib/gcc/msp430/4.7.2/mcpu-430x/mmpy-16/msr20/mc20/libcrt0.a(__stop_progExec__.o)
                0x0000348e                __stop_progExec__
 *(.fini8)
 *(.fini7)
 *(.fini6)
 *(.fini5)
 *(.fini4)
 *(.fini3)
 *(.fini2)
 *(.fini1)
 *(.fini0)
 .fini0         0x0000348e        0x6 /usr/local/bin/../lib/gcc/msp430/4.7.2/mcpu-430x/mmpy-16/msr20/mc20/libcrt0.a(_endless_loop__.o)
                0x0000348e                _endless_loop__
 *(.fini .fini.*)
                0x00003494                . = ALIGN (0x2)
                0x00003494                __ctors_start = .
 *(.ctors)
                0x00003494                __ctors_end = .
                0x00003494                __dtors_start = .
 *(.dtors)
                0x00003494                __dtors_end = .
                0x00003494                . = ALIGN (0x2)
 *(.text .text.* .gnu.linkonce.t.*)
 .text          0x00003494        0x4 /usr/local/bin/../lib/gcc/msp430/4.7.2/mcpu-430x/mmpy-16/msr20/mc20/crt0ivtbl32.o
                0x00003494                __isr_14
                0x00003494                __isr_4
                0x00003494                __isr_29
                0x00003494                __isr_11
                0x00003494                __isr_5
                0x00003494                __isr_2
                0x00003494                __isr_10
                0x00003494                __isr_7
                0x00003494                __isr_0
                0x00003494                __isr_28
                0x00003494                __isr_8
                0x00003494                __isr_20
                0x00003494                __isr_3
                0x00003494                __isr_12
                0x00003494                __isr_13
                0x00003494                __isr_27
                0x00003494                __isr_9
                0x00003494                __isr_30
                0x00003494                __isr_6
                0x00003494                __isr_22
                0x00003494                __isr_1
                0x00003494                __isr_15
                0x00003494                __isr_21
 .text.libgcc   0x00003498       0x26 /usr/local/bin/../lib/gcc/msp430/4.7.2/mcpu-430x/mmpy-16/msr20/mc20/libgcc.a(_mulsi3.o)
                0x00003498                __mulsi3
 .text.libgcc   0x000034be       0x22 /usr/local/bin/../lib/gcc/msp430/4.7.2/mcpu-430x/mmpy-16/msr20/mc20/libgcc.a(_udivmod16.o)
                0x000034be                __udivhi3
                0x000034be                __ext_udivmod16
                0x000034d8                __umodhi3
 .text.libgcc   0x000034e0       0x3a /usr/local/bin/../lib/gcc/msp430/4.7.2/mcpu-430x/mmpy-16/msr20/mc20/libgcc.a(_divmod16.o)
                0x000034e0                __ext_divmod16
                0x000034e0                __divhi3
                0x00003512                __modhi3
 .text.libgcc   0x0000351a       0x38 /usr/local/bin/../lib/gcc/msp430/4.7.2/mcpu-430x/mmpy-16/msr20/mc20/libgcc.a(_udivmod32.o)
                0x0000351a                __udivsi3
                0x0000351a                __ext_udivmod32
                0x00003548                __umodsi3
 .text.libgcc   0x00003552       0x4c /usr/local/bin/../lib/gcc/msp430/4.7.2/mcpu-430x/mmpy-16/msr20/mc20/libgcc.a(_divmod32.o)
                0x00003552                __ext_divmod32
                0x00003552                __divsi3
                0x00003594                __modsi3
 .text.libgcc   0x0000359e       0xbc /usr/local/bin/../lib/gcc/msp430/4.7.2/mcpu-430x/mmpy-16/msr20/mc20/libgcc.a(_udivmod64.o)
                0x0000359e                __xabi_udivmod64
                0x000035f0                __udivdi3
                0x0000360a                __umoddi3
                0x0000362c                __udivmoddi4
 .text.crt0     0x0000365a        0x2 /usr/local/bin/../lib/gcc/msp430/4.7.2/mcpu-430x/mmpy-16/msr20/mc20/libcrt0.a(_unexpected_.o)
                0x0000365a                _unexpected_
 *(.near.text .near.text.*)
 .near.text.watchdog_interrupt
                0x0000365c        0x6 contiki-z1.a(watchdog.o)
                0x0000365c                __isr_26
                0x0000365c                watchdog_interrupt
 .near.text.irq_p2
                0x00003662       0x76 contiki-z1.a(button-sensor.o)
                0x00003662                irq_p2
                0x00003662                __isr_19
 .near.text.uart0_rx_interrupt
                0x000036d8       0x64 contiki-z1.a(uart0.o)
                0x000036d8                __isr_23
                0x000036d8                uart0_rx_interrupt
 .near.text.port1_isr
                0x0000373c       0xbe contiki-z1.a(adxl345.o)
                0x0000373c                port1_isr
                0x0000373c                __isr_18
 .near.text.timera1
                0x000037fa      0x10a contiki-z1.a(clock.o)
                0x000037fa                __isr_24
                0x000037fa                timera1
 .near.text.timera0
                0x00003904       0x5c contiki-z1.a(rtimer-arch.o)
                0x00003904                __isr_25
                0x00003904                timera0
 .near.text.i2c_tx_interrupt
                0x00003960       0x84 contiki-z1.a(i2cmaster.o)
                0x00003960                __isr_16
                0x00003960                i2c_tx_interrupt
 .near.text.i2c_rx_interrupt
                0x000039e4       0x14 contiki-z1.a(i2cmaster.o)
                0x000039e4                i2c_rx_interrupt
                0x000039e4                __isr_17
 .any.text.process_thread_webserver_nogui_process
                0x000039f8       0x40 border-router.co
 .any.text.ipaddr_add
                0x00003a38       0xb6 border-router.co
 .any.text.generate_routes
                0x00003aee      0x288 border-router.co
 .any.text.httpd_simple_get_script
                0x00003d76        0x6 border-router.co
                0x00003d76                httpd_simple_get_script
 .any.text.request_prefix
                0x00003d7c       0x22 border-router.co
                0x00003d7c                request_prefix
 .any.text.process_thread_border_router_process
                0x00003d9e      0x11c border-router.co
 .any.text.set_prefix_64
                0x00003eba       0x66 border-router.co
                0x00003eba                set_prefix_64
 .any.text.init
                0x00003f20       0x1e obj_z1/slip-bridge.o
 .any.text.slip_input_callback
                0x00003f3e       0xd8 obj_z1/slip-bridge.o
 .any.text.output
                0x00004016       0x4a obj_z1/slip-bridge.o
 .any.text.putchar
                0x00004060       0x3c obj_z1/slip-bridge.o
                0x00004060                putchar
 .any.text.handle_input
                0x0000409c       0xee obj_z1/httpd-simple.o
 .any.text.send_headers
                0x0000418a       0x6a obj_z1/httpd-simple.o
 .any.text.handle_output
                0x000041f4       0xf8 obj_z1/httpd-simple.o
 .any.text.httpd_appcall
                0x000042ec       0xd2 obj_z1/httpd-simple.o
                0x000042ec                httpd_appcall
 .any.text.httpd_init
                0x000043be       0x12 obj_z1/httpd-simple.o
                0x000043be                httpd_init
 .any.text.init_platform
                0x000043d0        0xc contiki-z1.a(contiki-z1-plat)
                0x000043d0                init_platform
 .any.text.msp430_init_dco
                0x000043dc       0x28 contiki-z1.a(msp430.o)
                0x000043dc                msp430_init_dco
 .any.text.splhigh_
                0x00004404        0x8 contiki-z1.a(msp430.o)
                0x00004404                splhigh_
 .any.text.msp430_sync_dco
                0x0000440c       0x6e contiki-z1.a(msp430.o)
                0x0000440c                msp430_sync_dco
 .any.text.msp430_cpu_init
                0x0000447a       0x2e contiki-z1.a(msp430.o)
                0x0000447a                msp430_cpu_init
 .any.text.show_leds
                0x000044a8       0xe8 contiki-z1.a(leds.o)
 .any.text.leds_init
                0x00004590        0xa contiki-z1.a(leds.o)
                0x00004590                leds_init
 .any.text.leds_on
                0x0000459a        0xa contiki-z1.a(leds.o)
                0x0000459a                leds_on
 .any.text.leds_off
                0x000045a4        0xe contiki-z1.a(leds.o)
                0x000045a4                leds_off
 .any.text.watchdog_start
                0x000045b2       0x14 contiki-z1.a(watchdog.o)
                0x000045b2                watchdog_start
 .any.text.watchdog_periodic
                0x000045c6       0x12 contiki-z1.a(watchdog.o)
                0x000045c6                watchdog_periodic
 .any.text.watchdog_stop
                0x000045d8       0x16 contiki-z1.a(watchdog.o)
                0x000045d8                watchdog_stop
 .any.text.watchdog_init
                0x000045ee       0x12 contiki-z1.a(watchdog.o)
                0x000045ee                watchdog_init
 .any.text.wait_ready
                0x00004600       0x46 contiki-z1.a(xmem.o)
 .any.text.xmem_init
                0x00004646       0x1e contiki-z1.a(xmem.o)
                0x00004646                xmem_init
 .any.text.xmem_pread
                0x00004664       0xc0 contiki-z1.a(xmem.o)
                0x00004664                xmem_pread
 .any.text.spi_init
                0x00004724       0x32 contiki-z1.a(spi.o)
                0x00004724                spi_init
 .any.text.get_object
                0x00004756        0x4 contiki-z1.a(cc2420.o)
 .any.text.set_object
                0x0000475a        0x4 contiki-z1.a(cc2420.o)
 .any.text.strobe
                0x0000475e       0x1a contiki-z1.a(cc2420.o)
 .any.text.getreg
                0x00004778       0x46 contiki-z1.a(cc2420.o)
 .any.text.setreg
                0x000047be       0x44 contiki-z1.a(cc2420.o)
 .any.text.write_ram
                0x00004802       0x72 contiki-z1.a(cc2420.o)
 .any.text.write_fifo_buf
                0x00004874       0x38 contiki-z1.a(cc2420.o)
 .any.text.get_status
                0x000048ac       0x1e contiki-z1.a(cc2420.o)
 .any.text.set_txpower
                0x000048ca       0x24 contiki-z1.a(cc2420.o)
 .any.text.cc2420_receiving_packet
                0x000048ee        0xa contiki-z1.a(cc2420.o)
 .any.text.pending_packet
                0x000048f8        0xa contiki-z1.a(cc2420.o)
 .any.text.on   0x00004902       0x26 contiki-z1.a(cc2420.o)
 .any.text.wait_for_transmission
                0x00004928       0x22 contiki-z1.a(cc2420.o)
 .any.text.wait_for_status
                0x0000494a       0x24 contiki-z1.a(cc2420.o)
 .any.text.getrxdata
                0x0000496e       0x4c contiki-z1.a(cc2420.o)
 .any.text.flushrx
                0x000049ba       0x1a contiki-z1.a(cc2420.o)
 .any.text.off  0x000049d4       0x5a contiki-z1.a(cc2420.o)
 .any.text.RELEASE_LOCK
                0x00004a2e       0x28 contiki-z1.a(cc2420.o)
 .any.text.set_frame_filtering
                0x00004a56       0x30 contiki-z1.a(cc2420.o)
 .any.text.set_auto_ack
                0x00004a86       0x30 contiki-z1.a(cc2420.o)
 .any.text.set_poll_mode
                0x00004ab6       0x2c contiki-z1.a(cc2420.o)
 .any.text.cc2420_prepare
                0x00004ae2       0x38 contiki-z1.a(cc2420.o)
 .any.text.cc2420_on
                0x00004b1a       0x22 contiki-z1.a(cc2420.o)
                0x00004b1a                cc2420_on
 .any.text.cc2420_off
                0x00004b3c       0x30 contiki-z1.a(cc2420.o)
                0x00004b3c                cc2420_off
 .any.text.cc2420_cca
                0x00004b6c       0x54 contiki-z1.a(cc2420.o)
 .any.text.cc2420_read
                0x00004bc0       0xb8 contiki-z1.a(cc2420.o)
 .any.text.process_thread_cc2420_process
                0x00004c78       0x5c contiki-z1.a(cc2420.o)
 .any.text.cc2420_set_channel
                0x00004cd4       0x3a contiki-z1.a(cc2420.o)
                0x00004cd4                cc2420_set_channel
 .any.text.cc2420_set_pan_addr
                0x00004d0e       0x4c contiki-z1.a(cc2420.o)
                0x00004d0e                cc2420_set_pan_addr
 .any.text.cc2420_interrupt
                0x00004d5a       0x16 contiki-z1.a(cc2420.o)
                0x00004d5a                cc2420_interrupt
 .any.text.cc2420_set_txpower
                0x00004d70        0xe contiki-z1.a(cc2420.o)
                0x00004d70                cc2420_set_txpower
 .any.text.cc2420_get_txpower
                0x00004d7e       0x1e contiki-z1.a(cc2420.o)
                0x00004d7e                cc2420_get_txpower
 .any.text.cc2420_transmit
                0x00004d9c      0x10e contiki-z1.a(cc2420.o)
 .any.text.cc2420_send
                0x00004eaa       0x12 contiki-z1.a(cc2420.o)
 .any.text.cc2420_rssi
                0x00004ebc       0x48 contiki-z1.a(cc2420.o)
                0x00004ebc                cc2420_rssi
 .any.text.get_value
                0x00004f04      0x104 contiki-z1.a(cc2420.o)
 .any.text.cc2420_set_cca_threshold
                0x00005008       0x16 contiki-z1.a(cc2420.o)
                0x00005008                cc2420_set_cca_threshold
 .any.text.set_value
                0x0000501e       0xb2 contiki-z1.a(cc2420.o)
 .any.text.cc2420_init
                0x000050d0       0xea contiki-z1.a(cc2420.o)
                0x000050d0                cc2420_init
 .any.text.cc2420_arch_init
                0x000051ba       0x1a contiki-z1.a(cc2420-arch.o)
                0x000051ba                cc2420_arch_init
 .any.text.node_id_restore
                0x000051d4       0x4c contiki-z1.a(node-id.o)
                0x000051d4                node_id_restore
 .any.text.process_thread_sensors_process
                0x00005220       0xc2 contiki-z1.a(sensors.o)
 .any.text.sensors_changed
                0x000052e2       0x2a contiki-z1.a(sensors.o)
                0x000052e2                sensors_changed
 .any.text.status
                0x0000530c       0x18 contiki-z1.a(button-sensor.o)
 .any.text.value
                0x00005324       0x20 contiki-z1.a(button-sensor.o)
 .any.text.configure
                0x00005344       0x4e contiki-z1.a(button-sensor.o)
 .any.text.uart0_active
                0x00005392        0xe contiki-z1.a(uart0.o)
                0x00005392                uart0_active
 .any.text.uart0_set_input
                0x000053a0        0x6 contiki-z1.a(uart0.o)
                0x000053a0                uart0_set_input
 .any.text.uart0_writeb
                0x000053a6       0x16 contiki-z1.a(uart0.o)
                0x000053a6                uart0_writeb
 .any.text.uart0_init
                0x000053bc       0x4e contiki-z1.a(uart0.o)
                0x000053bc                uart0_init
 .any.text.process_thread_slip_process
                0x0000540a      0x1ba contiki-z1.a(slip.o)
 .any.text.slip_set_input_callback
                0x000055c4        0x6 contiki-z1.a(slip.o)
                0x000055c4                slip_set_input_callback
 .any.text.slip_send
                0x000055ca       0x4e contiki-z1.a(slip.o)
                0x000055ca                slip_send
 .any.text.slip_input_byte
                0x00005618       0x96 contiki-z1.a(slip.o)
                0x00005618                slip_input_byte
 .any.text.slip_arch_writeb
                0x000056ae        0x6 contiki-z1.a(slip_uart0.o)
                0x000056ae                slip_arch_writeb
 .any.text.slip_arch_init
                0x000056b4        0xa contiki-z1.a(slip_uart0.o)
                0x000056b4                slip_arch_init
 .any.text.status
                0x000056be       0x12 contiki-z1.a(adxl345.o)
 .any.text.accm_write_reg
                0x000056d0       0x2e contiki-z1.a(adxl345.o)
 .any.text.accm_write_stream
                0x000056fe       0x2a contiki-z1.a(adxl345.o)
 .any.text.accm_read_reg
                0x00005728       0x54 contiki-z1.a(adxl345.o)
 .any.text.process_thread_accmeter_process
                0x0000577c       0x56 contiki-z1.a(adxl345.o)
 .any.text.accm_read_axis.part.0
                0x000057d2       0x5a contiki-z1.a(adxl345.o)
 .any.text.value
                0x0000582c       0x1e contiki-z1.a(adxl345.o)
 .any.text.accm_init
                0x0000584a       0x78 contiki-z1.a(adxl345.o)
                0x0000584a                accm_init
 .any.text.accm_stop
                0x000058c2       0x32 contiki-z1.a(adxl345.o)
                0x000058c2                accm_stop
 .any.text.configure
                0x000058f4       0x26 contiki-z1.a(adxl345.o)
 .any.text.status
                0x0000591a       0x12 contiki-z1.a(tmp102.o)
 .any.text.tmp102_init
                0x0000592c       0x24 contiki-z1.a(tmp102.o)
                0x0000592c                tmp102_init
 .any.text.tmp102_stop
                0x00005950        0xa contiki-z1.a(tmp102.o)
                0x00005950                tmp102_stop
 .any.text.configure
                0x0000595a       0x26 contiki-z1.a(tmp102.o)
 .any.text.tmp102_read_reg
                0x00005980       0x5e contiki-z1.a(tmp102.o)
                0x00005980                tmp102_read_reg
 .any.text.tmp102_read_temp_x100
                0x000059de       0x58 contiki-z1.a(tmp102.o)
                0x000059de                tmp102_read_temp_x100
 .any.text.value
                0x00005a36        0x6 contiki-z1.a(tmp102.o)
 .any.text.clock_time
                0x00005a3c       0x1a contiki-z1.a(clock.o)
                0x00005a3c                clock_time
 .any.text.clock_init
                0x00005a56       0x28 contiki-z1.a(clock.o)
                0x00005a56                clock_init
 .any.text.clock_delay
                0x00005a7e        0xc contiki-z1.a(clock.o)
                0x00005a7e                clock_delay
 .any.text.clock_wait
                0x00005a8a       0x24 contiki-z1.a(clock.o)
                0x00005a8a                clock_wait
 .any.text.clock_seconds
                0x00005aae       0x1a contiki-z1.a(clock.o)
                0x00005aae                clock_seconds
 .any.text.leds_arch_init
                0x00005ac8        0xe contiki-z1.a(leds-arch.o)
                0x00005ac8                leds_arch_init
 .any.text.leds_arch_set
                0x00005ad6       0x38 contiki-z1.a(leds-arch.o)
                0x00005ad6                leds_arch_set
 .any.text.rtimer_arch_init
                0x00005b0e        0xe contiki-z1.a(rtimer-arch.o)
                0x00005b0e                rtimer_arch_init
 .any.text.rtimer_arch_now
                0x00005b1c        0xe contiki-z1.a(rtimer-arch.o)
                0x00005b1c                rtimer_arch_now
 .any.text.rtimer_arch_schedule
                0x00005b2a        0x6 contiki-z1.a(rtimer-arch.o)
                0x00005b2a                rtimer_arch_schedule
 .any.text.autostart_start
                0x00005b30       0x16 contiki-z1.a(autostart.o)
                0x00005b30                autostart_start
 .any.text.process_thread_ctimer_process
                0x00005b46       0xa0 contiki-z1.a(ctimer.o)
 .any.text.ctimer_init
                0x00005be6       0x18 contiki-z1.a(ctimer.o)
                0x00005be6                ctimer_init
 .any.text.ctimer_set_with_process
                0x00005bfe       0x4a contiki-z1.a(ctimer.o)
                0x00005bfe                ctimer_set_with_process
 .any.text.ctimer_set
                0x00005c48       0x10 contiki-z1.a(ctimer.o)
                0x00005c48                ctimer_set
 .any.text.ctimer_reset
                0x00005c58       0x2c contiki-z1.a(ctimer.o)
                0x00005c58                ctimer_reset
 .any.text.ctimer_restart
                0x00005c84       0x2c contiki-z1.a(ctimer.o)
                0x00005c84                ctimer_restart
 .any.text.ctimer_stop
                0x00005cb0       0x28 contiki-z1.a(ctimer.o)
                0x00005cb0                ctimer_stop
 .any.text.energest_init
                0x00005cd8       0x24 contiki-z1.a(energest.o)
                0x00005cd8                energest_init
 .any.text.energest_type_time
                0x00005cfc       0x3c contiki-z1.a(energest.o)
                0x00005cfc                energest_type_time
 .any.text.energest_type_set
                0x00005d38        0xc contiki-z1.a(energest.o)
                0x00005d38                energest_type_set
 .any.text.energest_flush
                0x00005d44       0x38 contiki-z1.a(energest.o)
                0x00005d44                energest_flush
 .any.text.update_time
                0x00005d7c       0x70 contiki-z1.a(etimer.o)
 .any.text.etimer_request_poll
                0x00005dec        0xa contiki-z1.a(etimer.o)
                0x00005dec                etimer_request_poll
 .any.text.process_thread_etimer_process
                0x00005df6       0xc4 contiki-z1.a(etimer.o)
 .any.text.add_timer
                0x00005eba       0x40 contiki-z1.a(etimer.o)
 .any.text.etimer_set
                0x00005efa       0x12 contiki-z1.a(etimer.o)
                0x00005efa                etimer_set
 .any.text.etimer_reset
                0x00005f0c       0x12 contiki-z1.a(etimer.o)
                0x00005f0c                etimer_reset
 .any.text.etimer_restart
                0x00005f1e       0x12 contiki-z1.a(etimer.o)
                0x00005f1e                etimer_restart
 .any.text.etimer_expired
                0x00005f30        0xe contiki-z1.a(etimer.o)
                0x00005f30                etimer_expired
 .any.text.etimer_expiration_time
                0x00005f3e       0x14 contiki-z1.a(etimer.o)
                0x00005f3e                etimer_expiration_time
 .any.text.etimer_pending
                0x00005f52        0xc contiki-z1.a(etimer.o)
                0x00005f52                etimer_pending
 .any.text.etimer_next_expiration_time
                0x00005f5e       0x16 contiki-z1.a(etimer.o)
                0x00005f5e                etimer_next_expiration_time
 .any.text.etimer_stop
                0x00005f74       0x3e contiki-z1.a(etimer.o)
                0x00005f74                etimer_stop
 .any.text.call_process
                0x00005fb2       0x40 contiki-z1.a(process.o)
 .any.text.exit_process
                0x00005ff2       0x88 contiki-z1.a(process.o)
 .any.text.do_poll
                0x0000607a       0x30 contiki-z1.a(process.o)
 .any.text.process_alloc_event
                0x000060aa        0xe contiki-z1.a(process.o)
                0x000060aa                process_alloc_event
 .any.text.process_init
                0x000060b8       0x1c contiki-z1.a(process.o)
                0x000060b8                process_init
 .any.text.process_run
                0x000060d4       0x8c contiki-z1.a(process.o)
                0x000060d4                process_run
 .any.text.process_nevents
                0x00006160        0xe contiki-z1.a(process.o)
                0x00006160                process_nevents
 .any.text.process_post
                0x0000616e       0x4a contiki-z1.a(process.o)
                0x0000616e                process_post
 .any.text.process_post_synch
                0x000061b8       0x12 contiki-z1.a(process.o)
                0x000061b8                process_post_synch
 .any.text.process_start
                0x000061ca       0x36 contiki-z1.a(process.o)
                0x000061ca                process_start
 .any.text.process_poll
                0x00006200       0x18 contiki-z1.a(process.o)
                0x00006200                process_poll
 .any.text.rtimer_init
                0x00006218        0x6 contiki-z1.a(rtimer.o)
                0x00006218                rtimer_init
 .any.text.rtimer_set
                0x0000621e       0x24 contiki-z1.a(rtimer.o)
                0x0000621e                rtimer_set
 .any.text.rtimer_run_next
                0x00006242       0x26 contiki-z1.a(rtimer.o)
                0x00006242                rtimer_run_next
 .any.text.timer_set
                0x00006268       0x1c contiki-z1.a(timer.o)
                0x00006268                timer_set
 .any.text.timer_reset
                0x00006284        0xe contiki-z1.a(timer.o)
                0x00006284                timer_reset
 .any.text.timer_restart
                0x00006292       0x14 contiki-z1.a(timer.o)
                0x00006292                timer_restart
 .any.text.timer_expired
                0x000062a6       0x2a contiki-z1.a(timer.o)
                0x000062a6                timer_expired
 .any.text.list_init
                0x000062d0        0x6 contiki-z1.a(list.o)
                0x000062d0                list_init
 .any.text.list_head
                0x000062d6        0x4 contiki-z1.a(list.o)
                0x000062d6                list_head
 .any.text.list_tail
                0x000062da       0x12 contiki-z1.a(list.o)
                0x000062da                list_tail
 .any.text.list_remove
                0x000062ec       0x34 contiki-z1.a(list.o)
                0x000062ec                list_remove
 .any.text.list_push
                0x00006320       0x16 contiki-z1.a(list.o)
                0x00006320                list_push
 .any.text.list_add
                0x00006336       0x26 contiki-z1.a(list.o)
                0x00006336                list_add
 .any.text.list_length
                0x0000635c       0x10 contiki-z1.a(list.o)
                0x0000635c                list_length
 .any.text.list_item_next
                0x0000636c        0xc contiki-z1.a(list.o)
                0x0000636c                list_item_next
 .any.text.memb_init
                0x00006378       0x36 contiki-z1.a(memb.o)
                0x00006378                memb_init
 .any.text.memb_alloc
                0x000063ae       0x3e contiki-z1.a(memb.o)
                0x000063ae                memb_alloc
 .any.text.memb_free
                0x000063ec       0x3a contiki-z1.a(memb.o)
                0x000063ec                memb_free
 .any.text.memb_inmemb
                0x00006426       0x2a contiki-z1.a(memb.o)
                0x00006426                memb_inmemb
 .any.text.memb_numfree
                0x00006450       0x26 contiki-z1.a(memb.o)
                0x00006450                memb_numfree
 .any.text.random_init
                0x00006476        0x6 contiki-z1.a(random.o)
                0x00006476                random_init
 .any.text.random_rand
                0x0000647c        0x6 contiki-z1.a(random.o)
                0x0000647c                random_rand
 .any.text.uip_ds6_list_loop
                0x00006482       0x66 contiki-z1.a(uip-ds6.o)
                0x00006482                uip_ds6_list_loop
 .any.text.uip_ds6_prefix_add
                0x000064e8       0x70 contiki-z1.a(uip-ds6.o)
                0x000064e8                uip_ds6_prefix_add
 .any.text.uip_ds6_is_addr_onlink
                0x00006558       0x42 contiki-z1.a(uip-ds6.o)
                0x00006558                uip_ds6_is_addr_onlink
 .any.text.uip_ds6_addr_lookup
                0x0000659a       0x2a contiki-z1.a(uip-ds6.o)
                0x0000659a                uip_ds6_addr_lookup
 .any.text.uip_ds6_get_link_local
                0x000065c4       0x3e contiki-z1.a(uip-ds6.o)
                0x000065c4                uip_ds6_get_link_local
 .any.text.uip_ds6_maddr_add
                0x00006602       0x48 contiki-z1.a(uip-ds6.o)
                0x00006602                uip_ds6_maddr_add
 .any.text.uip_ds6_addr_add
                0x0000664a       0xb4 contiki-z1.a(uip-ds6.o)
                0x0000664a                uip_ds6_addr_add
 .any.text.uip_ds6_maddr_rm
                0x000066fe        0xa contiki-z1.a(uip-ds6.o)
                0x000066fe                uip_ds6_maddr_rm
 .any.text.uip_ds6_maddr_lookup
                0x00006708       0x2a contiki-z1.a(uip-ds6.o)
                0x00006708                uip_ds6_maddr_lookup
 .any.text.uip_ds6_addr_rm
                0x00006732       0x54 contiki-z1.a(uip-ds6.o)
                0x00006732                uip_ds6_addr_rm
 .any.text.uip_ds6_periodic
                0x00006786       0x46 contiki-z1.a(uip-ds6.o)
                0x00006786                uip_ds6_periodic
 .any.text.uip_ds6_set_addr_iid
                0x000067cc       0x14 contiki-z1.a(uip-ds6.o)
                0x000067cc                uip_ds6_set_addr_iid
 .any.text.get_match_length
                0x000067e0       0x3c contiki-z1.a(uip-ds6.o)
                0x000067e0                get_match_length
 .any.text.uip_ds6_select_src
                0x0000681c       0x9a contiki-z1.a(uip-ds6.o)
                0x0000681c                uip_ds6_select_src
 .any.text.uip_ds6_compute_reachable_time
                0x000068b6       0x36 contiki-z1.a(uip-ds6.o)
                0x000068b6                uip_ds6_compute_reachable_time
 .any.text.uip_ds6_init
                0x000068ec      0x138 contiki-z1.a(uip-ds6.o)
                0x000068ec                uip_ds6_init
 .any.text.call_route_callback
                0x00006a24       0x40 contiki-z1.a(uip-ds6-route.o)
 .any.text.uip_ds6_route_init
                0x00006a64       0x36 contiki-z1.a(uip-ds6-route.o)
                0x00006a64                uip_ds6_route_init
 .any.text.uip_ds6_route_nexthop
                0x00006a9a       0x1a contiki-z1.a(uip-ds6-route.o)
                0x00006a9a                uip_ds6_route_nexthop
 .any.text.uip_ds6_route_head
                0x00006ab4        0xa contiki-z1.a(uip-ds6-route.o)
                0x00006ab4                uip_ds6_route_head
 .any.text.uip_ds6_route_next
                0x00006abe        0xe contiki-z1.a(uip-ds6-route.o)
                0x00006abe                uip_ds6_route_next
 .any.text.assert_nbr_routes_list_sane
                0x00006acc       0x48 contiki-z1.a(uip-ds6-route.o)
 .any.text.uip_ds6_route_is_nexthop
                0x00006b14       0x22 contiki-z1.a(uip-ds6-route.o)
                0x00006b14                uip_ds6_route_is_nexthop
 .any.text.uip_ds6_route_lookup
                0x00006b36       0x6e contiki-z1.a(uip-ds6-route.o)
                0x00006b36                uip_ds6_route_lookup
 .any.text.uip_ds6_route_rm
                0x00006ba4       0xc4 contiki-z1.a(uip-ds6-route.o)
                0x00006ba4                uip_ds6_route_rm
 .any.text.rm_routelist
                0x00006c68       0x3c contiki-z1.a(uip-ds6-route.o)
 .any.text.rm_routelist_callback
                0x00006ca4        0x6 contiki-z1.a(uip-ds6-route.o)
 .any.text.uip_ds6_route_add
                0x00006caa      0x114 contiki-z1.a(uip-ds6-route.o)
                0x00006caa                uip_ds6_route_add
 .any.text.uip_ds6_defrt_rm
                0x00006dbe       0x5c contiki-z1.a(uip-ds6-route.o)
                0x00006dbe                uip_ds6_defrt_rm
 .any.text.uip_ds6_defrt_lookup
                0x00006e1a       0x32 contiki-z1.a(uip-ds6-route.o)
                0x00006e1a                uip_ds6_defrt_lookup
 .any.text.uip_ds6_defrt_add
                0x00006e4c       0x82 contiki-z1.a(uip-ds6-route.o)
                0x00006e4c                uip_ds6_defrt_add
 .any.text.uip_ds6_defrt_choose
                0x00006ece       0x36 contiki-z1.a(uip-ds6-route.o)
                0x00006ece                uip_ds6_defrt_choose
 .any.text.uip_ds6_defrt_periodic
                0x00006f04       0x38 contiki-z1.a(uip-ds6-route.o)
                0x00006f04                uip_ds6_defrt_periodic
 .any.text.chksum
                0x00006f3c       0x32 contiki-z1.a(uip6.o)
 .any.text.upper_layer_chksum
                0x00006f6e       0x56 contiki-z1.a(uip6.o)
 .any.text.ext_hdr_options_process
                0x00006fc4       0xc2 contiki-z1.a(uip6.o)
 .any.text.uip_add32
                0x00007086       0x60 contiki-z1.a(uip6.o)
                0x00007086                uip_add32
 .any.text.uip_add_rcv_nxt
                0x000070e6       0x2e contiki-z1.a(uip6.o)
 .any.text.uip_icmp6chksum
                0x00007114        0xa contiki-z1.a(uip6.o)
                0x00007114                uip_icmp6chksum
 .any.text.uip_tcpchksum
                0x0000711e        0xa contiki-z1.a(uip6.o)
                0x0000711e                uip_tcpchksum
 .any.text.uip_udpchksum
                0x00007128        0xa contiki-z1.a(uip6.o)
                0x00007128                uip_udpchksum
 .any.text.uip_init
                0x00007132       0x56 contiki-z1.a(uip6.o)
                0x00007132                uip_init
 .any.text.remove_ext_hdr
                0x00007188       0x50 contiki-z1.a(uip6.o)
                0x00007188                remove_ext_hdr
 .any.text.uip_unlisten
                0x000071d8       0x1a contiki-z1.a(uip6.o)
                0x000071d8                uip_unlisten
 .any.text.uip_listen
                0x000071f2       0x1a contiki-z1.a(uip6.o)
                0x000071f2                uip_listen
 .any.text.uip_process
                0x0000720c      0xd94 contiki-z1.a(uip6.o)
                0x0000720c                uip_process
 .any.text.uip_htonl
                0x00007fa0       0x2a contiki-z1.a(uip6.o)
                0x00007fa0                uip_htonl
 .any.text.uip_send
                0x00007fca       0x48 contiki-z1.a(uip6.o)
                0x00007fca                uip_send
 .any.text.uip_ds6_nbr_rm
                0x00008012       0x1e contiki-z1.a(uip-ds6-nbr.o)
                0x00008012                uip_ds6_nbr_rm
 .any.text.uip_ds6_neighbors_init
                0x00008030       0x12 contiki-z1.a(uip-ds6-nbr.o)
                0x00008030                uip_ds6_neighbors_init
 .any.text.uip_ds6_nbr_add
                0x00008042       0x36 contiki-z1.a(uip-ds6-nbr.o)
                0x00008042                uip_ds6_nbr_add
 .any.text.uip_ds6_nbr_get_ll
                0x00008078        0xc contiki-z1.a(uip-ds6-nbr.o)
                0x00008078                uip_ds6_nbr_get_ll
 .any.text.uip_ds6_nbr_num
                0x00008084       0x24 contiki-z1.a(uip-ds6-nbr.o)
                0x00008084                uip_ds6_nbr_num
 .any.text.uip_ds6_nbr_lookup
                0x000080a8       0x3e contiki-z1.a(uip-ds6-nbr.o)
                0x000080a8                uip_ds6_nbr_lookup
 .any.text.uip_ds6_nbr_ll_lookup
                0x000080e6        0xc contiki-z1.a(uip-ds6-nbr.o)
                0x000080e6                uip_ds6_nbr_ll_lookup
 .any.text.uip_ds6_nbr_ipaddr_from_lladdr
                0x000080f2        0x6 contiki-z1.a(uip-ds6-nbr.o)
                0x000080f2                uip_ds6_nbr_ipaddr_from_lladdr
 .any.text.uip_ds6_nbr_lladdr_from_ipaddr
                0x000080f8       0x12 contiki-z1.a(uip-ds6-nbr.o)
                0x000080f8                uip_ds6_nbr_lladdr_from_ipaddr
 .any.text.uip_ds6_link_neighbor_callback
                0x0000810a       0x32 contiki-z1.a(uip-ds6-nbr.o)
                0x0000810a                uip_ds6_link_neighbor_callback
 .any.text.ns_input
                0x0000813c      0x264 contiki-z1.a(uip-nd6.o)
 .any.text.uip_nd6_init
                0x000083a0        0xa contiki-z1.a(uip-nd6.o)
                0x000083a0                uip_nd6_init
 .any.text.clear_fragments
                0x000083aa       0x38 contiki-z1.a(sicslowpan.o)
 .any.text.set_packet_attrs
                0x000083e2       0x46 contiki-z1.a(sicslowpan.o)
 .any.text.addr_context_lookup_by_number
                0x00008428       0x30 contiki-z1.a(sicslowpan.o)
 .any.text.compress_addr_64
                0x00008458       0x9a contiki-z1.a(sicslowpan.o)
 .any.text.store_fragment
                0x000084f2       0x6e contiki-z1.a(sicslowpan.o)
 .any.text.uncompress_addr
                0x00008560       0x96 contiki-z1.a(sicslowpan.o)
 .any.text.sicslowpan_init
                0x000085f6       0x24 contiki-z1.a(sicslowpan.o)
                0x000085f6                sicslowpan_init
 .any.text.addr_context_lookup_by_prefix
                0x0000861a       0x4a contiki-z1.a(sicslowpan.o)
 .any.text.packet_sent
                0x00008664       0x22 contiki-z1.a(sicslowpan.o)
 .any.text.add_fragment
                0x00008686      0x160 contiki-z1.a(sicslowpan.o)
 .any.text.input
                0x000087e6      0x60e contiki-z1.a(sicslowpan.o)
 .any.text.send_packet
                0x00008df4       0x1a contiki-z1.a(sicslowpan.o)
 .any.text.output
                0x00008e0e      0x67c contiki-z1.a(sicslowpan.o)
 .any.text.psock_send
                0x0000948a       0xae contiki-z1.a(psock.o)
                0x0000948a                psock_send
 .any.text.psock_datalen
                0x00009538        0xc contiki-z1.a(psock.o)
                0x00009538                psock_datalen
 .any.text.psock_newdata
                0x00009544       0x24 contiki-z1.a(psock.o)
                0x00009544                psock_newdata
 .any.text.psock_readto
                0x00009568       0xb4 contiki-z1.a(psock.o)
                0x00009568                psock_readto
 .any.text.psock_init
                0x0000961c       0x22 contiki-z1.a(psock.o)
                0x0000961c                psock_init
 .any.text.start_periodic_tcp_timer
                0x0000963e       0x16 contiki-z1.a(tcpip.o)
 .any.text.tcpip_output
                0x00009654       0x10 contiki-z1.a(tcpip.o)
                0x00009654                tcpip_output
 .any.text.tcpip_set_outputfunc
                0x00009664        0x6 contiki-z1.a(tcpip.o)
                0x00009664                tcpip_set_outputfunc
 .any.text.tcp_listen
                0x0000966a       0x24 contiki-z1.a(tcpip.o)
                0x0000966a                tcp_listen
 .any.text.tcp_attach
                0x0000968e        0xc contiki-z1.a(tcpip.o)
                0x0000968e                tcp_attach
 .any.text.tcpip_input
                0x0000969a       0x16 contiki-z1.a(tcpip.o)
                0x0000969a                tcpip_input
 .any.text.tcpip_ipv6_output
                0x000096b0       0xfa contiki-z1.a(tcpip.o)
                0x000096b0                tcpip_ipv6_output
 .any.text.process_thread_tcpip_process
                0x000097aa      0x1ac contiki-z1.a(tcpip.o)
 .any.text.tcpip_uipcall
                0x00009956       0x62 contiki-z1.a(tcpip.o)
                0x00009956                tcpip_uipcall
 .any.text.uip_debug_ipaddr_print
                0x000099b8       0xbc contiki-z1.a(uip-debug.o)
                0x000099b8                uip_debug_ipaddr_print
 .any.text.lollipop_greater_than
                0x00009a74       0x3c contiki-z1.a(rpl-dag.o)
 .any.text.find_parent_any_dag_any_instance
                0x00009ab0       0x14 contiki-z1.a(rpl-dag.o)
 .any.text.set_ip_from_prefix
                0x00009ac4       0x30 contiki-z1.a(rpl-dag.o)
 .any.text.check_prefix
                0x00009af4       0xa4 contiki-z1.a(rpl-dag.o)
 .any.text.add_nbr_from_dio
                0x00009b98       0x32 contiki-z1.a(rpl-dag.o)
 .any.text.rpl_dag_init
                0x00009bca        0xe contiki-z1.a(rpl-dag.o)
                0x00009bca                rpl_dag_init
 .any.text.rpl_get_parent
                0x00009bd8        0xc contiki-z1.a(rpl-dag.o)
                0x00009bd8                rpl_get_parent
 .any.text.rpl_get_parent_link_metric
                0x00009be4       0x2a contiki-z1.a(rpl-dag.o)
                0x00009be4                rpl_get_parent_link_metric
 .any.text.rpl_rank_via_parent
                0x00009c0e       0x2a contiki-z1.a(rpl-dag.o)
                0x00009c0e                rpl_rank_via_parent
 .any.text.rpl_get_parent_lladdr
                0x00009c38        0xc contiki-z1.a(rpl-dag.o)
                0x00009c38                rpl_get_parent_lladdr
 .any.text.rpl_get_parent_ipaddr
                0x00009c44        0xa contiki-z1.a(rpl-dag.o)
                0x00009c44                rpl_get_parent_ipaddr
 .any.text.rpl_set_preferred_parent
                0x00009c4e       0x80 contiki-z1.a(rpl-dag.o)
 .any.text.rpl_get_parent_link_stats
                0x00009cce        0xa contiki-z1.a(rpl-dag.o)
                0x00009cce                rpl_get_parent_link_stats
 .any.text.rpl_print_neighbor_list
                0x00009cd8      0x10e contiki-z1.a(rpl-dag.o)
                0x00009cd8                rpl_print_neighbor_list
 .any.text.rpl_parent_is_fresh
                0x00009de6        0xa contiki-z1.a(rpl-dag.o)
                0x00009de6                rpl_parent_is_fresh
 .any.text.best_parent
                0x00009df0       0x84 contiki-z1.a(rpl-dag.o)
 .any.text.rpl_parent_is_reachable
                0x00009e74       0x4a contiki-z1.a(rpl-dag.o)
                0x00009e74                rpl_parent_is_reachable
 .any.text.rpl_set_prefix
                0x00009ebe       0x8e contiki-z1.a(rpl-dag.o)
                0x00009ebe                rpl_set_prefix
 .any.text.rpl_set_default_route
                0x00009f4c       0x70 contiki-z1.a(rpl-dag.o)
                0x00009f4c                rpl_set_default_route
 .any.text.rpl_alloc_instance
                0x00009fbc       0x4a contiki-z1.a(rpl-dag.o)
                0x00009fbc                rpl_alloc_instance
 .any.text.rpl_add_parent
                0x0000a006       0x66 contiki-z1.a(rpl-dag.o)
                0x0000a006                rpl_add_parent
 .any.text.rpl_find_parent
                0x0000a06c       0x1a contiki-z1.a(rpl-dag.o)
                0x0000a06c                rpl_find_parent
 .any.text.rpl_find_parent_any_dag
                0x0000a086       0x22 contiki-z1.a(rpl-dag.o)
                0x0000a086                rpl_find_parent_any_dag
 .any.text.rpl_select_parent
                0x0000a0a8       0x62 contiki-z1.a(rpl-dag.o)
                0x0000a0a8                rpl_select_parent
 .any.text.rpl_select_dag
                0x0000a10a      0x1e4 contiki-z1.a(rpl-dag.o)
                0x0000a10a                rpl_select_dag
 .any.text.rpl_nullify_parent
                0x0000a2ee       0x9a contiki-z1.a(rpl-dag.o)
                0x0000a2ee                rpl_nullify_parent
 .any.text.rpl_remove_parent
                0x0000a388       0x34 contiki-z1.a(rpl-dag.o)
                0x0000a388                rpl_remove_parent
 .any.text.nbr_callback
                0x0000a3bc        0x6 contiki-z1.a(rpl-dag.o)
 .any.text.remove_parents.constprop.4
                0x0000a3c2       0x38 contiki-z1.a(rpl-dag.o)
 .any.text.rpl_free_dag
                0x0000a3fa       0x5c contiki-z1.a(rpl-dag.o)
                0x0000a3fa                rpl_free_dag
 .any.text.rpl_move_parent
                0x0000a456       0xa6 contiki-z1.a(rpl-dag.o)
                0x0000a456                rpl_move_parent
 .any.text.rpl_get_dag
                0x0000a4fc       0xe6 contiki-z1.a(rpl-dag.o)
                0x0000a4fc                rpl_get_dag
 .any.text.rpl_get_any_dag
                0x0000a5e2       0x22 contiki-z1.a(rpl-dag.o)
                0x0000a5e2                rpl_get_any_dag
 .any.text.rpl_get_instance
                0x0000a604       0x3e contiki-z1.a(rpl-dag.o)
                0x0000a604                rpl_get_instance
 .any.text.rpl_alloc_dag
                0x0000a642       0x60 contiki-z1.a(rpl-dag.o)
                0x0000a642                rpl_alloc_dag
 .any.text.rpl_repair_root
                0x0000a6a2       0x70 contiki-z1.a(rpl-dag.o)
                0x0000a6a2                rpl_repair_root
 .any.text.rpl_find_of
                0x0000a712       0x10 contiki-z1.a(rpl-dag.o)
                0x0000a712                rpl_find_of
 .any.text.rpl_set_root
                0x0000a722      0x186 contiki-z1.a(rpl-dag.o)
                0x0000a722                rpl_set_root
 .any.text.rpl_local_repair
                0x0000a8a8       0xa0 contiki-z1.a(rpl-dag.o)
                0x0000a8a8                rpl_local_repair
 .any.text.rpl_process_parent_event
                0x0000a948      0x17c contiki-z1.a(rpl-dag.o)
                0x0000a948                rpl_process_parent_event
 .any.text.rpl_recalculate_ranks
                0x0000aac4       0x5a contiki-z1.a(rpl-dag.o)
                0x0000aac4                rpl_recalculate_ranks
 .any.text.rpl_add_dag
                0x0000ab1e      0x17c contiki-z1.a(rpl-dag.o)
                0x0000ab1e                rpl_add_dag
 .any.text.rpl_process_dio
                0x0000ac9a      0x456 contiki-z1.a(rpl-dag.o)
                0x0000ac9a                rpl_process_dio
 .any.text.handle_unicast_dio_timer
                0x0000b0f0       0x1c contiki-z1.a(rpl-timers.o)
 .any.text.new_dio_interval
                0x0000b10c       0x8a contiki-z1.a(rpl-timers.o)
 .any.text.set_dao_lifetime_timer
                0x0000b196       0x7e contiki-z1.a(rpl-timers.o)
 .any.text.handle_periodic_timer
                0x0000b214       0x50 contiki-z1.a(rpl-timers.o)
 .any.text.schedule_dao
                0x0000b264       0x72 contiki-z1.a(rpl-timers.o)
 .any.text.handle_dio_timer
                0x0000b2d6       0x88 contiki-z1.a(rpl-timers.o)
 .any.text.handle_dao_timer
                0x0000b35e       0x64 contiki-z1.a(rpl-timers.o)
 .any.text.rpl_reset_periodic_timer
                0x0000b3c2       0x54 contiki-z1.a(rpl-timers.o)
                0x0000b3c2                rpl_reset_periodic_timer
 .any.text.rpl_reset_dio_timer
                0x0000b416       0x18 contiki-z1.a(rpl-timers.o)
                0x0000b416                rpl_reset_dio_timer
 .any.text.rpl_schedule_dao
                0x0000b42e        0xc contiki-z1.a(rpl-timers.o)
                0x0000b42e                rpl_schedule_dao
 .any.text.rpl_schedule_unicast_dio_immediately
                0x0000b43a       0x16 contiki-z1.a(rpl-timers.o)
                0x0000b43a                rpl_schedule_unicast_dio_immediately
 .any.text.get_probing_delay
                0x0000b450       0x40 contiki-z1.a(rpl-timers.o)
                0x0000b450                get_probing_delay
 .any.text.get_probing_target
                0x0000b490       0xe2 contiki-z1.a(rpl-timers.o)
                0x0000b490                get_probing_target
 .any.text.rpl_schedule_probing
                0x0000b572       0x26 contiki-z1.a(rpl-timers.o)
                0x0000b572                rpl_schedule_probing
 .any.text.handle_probing_timer
                0x0000b598       0x34 contiki-z1.a(rpl-timers.o)
 .any.text.update_hbh_header
                0x0000b5cc       0xcc contiki-z1.a(rpl-ext-header.)
 .any.text.insert_hbh_header
                0x0000b698       0x94 contiki-z1.a(rpl-ext-header.)
 .any.text.rpl_verify_hbh_header
                0x0000b72c       0xf4 contiki-z1.a(rpl-ext-header.)
                0x0000b72c                rpl_verify_hbh_header
 .any.text.rpl_remove_header
                0x0000b820       0x76 contiki-z1.a(rpl-ext-header.)
                0x0000b820                rpl_remove_header
 .any.text.rpl_update_header
                0x0000b896       0x60 contiki-z1.a(rpl-ext-header.)
                0x0000b896                rpl_update_header
 .any.text.rpl_get_mode
                0x0000b8f6        0x6 contiki-z1.a(rpl.o)
                0x0000b8f6                rpl_get_mode
 .any.text.rpl_purge_routes
                0x0000b8fc       0x94 contiki-z1.a(rpl.o)
                0x0000b8fc                rpl_purge_routes
 .any.text.rpl_remove_routes
                0x0000b990       0x22 contiki-z1.a(rpl.o)
                0x0000b990                rpl_remove_routes
 .any.text.rpl_remove_routes_by_nexthop
                0x0000b9b2       0x3e contiki-z1.a(rpl.o)
                0x0000b9b2                rpl_remove_routes_by_nexthop
 .any.text.rpl_add_route
                0x0000b9f0       0x5c contiki-z1.a(rpl.o)
                0x0000b9f0                rpl_add_route
 .any.text.rpl_link_neighbor_callback
                0x0000ba4c       0x5c contiki-z1.a(rpl.o)
                0x0000ba4c                rpl_link_neighbor_callback
 .any.text.rpl_ipv6_neighbor_callback
                0x0000baa8       0x30 contiki-z1.a(rpl.o)
                0x0000baa8                rpl_ipv6_neighbor_callback
 .any.text.rpl_purge_dags
                0x0000bad8       0x6e contiki-z1.a(rpl.o)
                0x0000bad8                rpl_purge_dags
 .any.text.rpl_init
                0x0000bb46       0x44 contiki-z1.a(rpl.o)
                0x0000bb46                rpl_init
 .any.text.reset
                0x0000bb8a        0x2 contiki-z1.a(rpl-mrhof.o)
 .any.text.update_metric_container
                0x0000bb8c        0x6 contiki-z1.a(rpl-mrhof.o)
 .any.text.parent_link_metric
                0x0000bb92       0x10 contiki-z1.a(rpl-mrhof.o)
 .any.text.parent_has_usable_link
                0x0000bba2       0x14 contiki-z1.a(rpl-mrhof.o)
 .any.text.best_dag
                0x0000bbb6       0x2e contiki-z1.a(rpl-mrhof.o)
 .any.text.parent_path_cost
                0x0000bbe4       0x40 contiki-z1.a(rpl-mrhof.o)
 .any.text.parent_is_acceptable
                0x0000bc24       0x2a contiki-z1.a(rpl-mrhof.o)
 .any.text.rank_via_parent
                0x0000bc4e       0x4e contiki-z1.a(rpl-mrhof.o)
 .any.text.best_parent
                0x0000bc9c       0x76 contiki-z1.a(rpl-mrhof.o)
 .any.text.get32
                0x0000bd12       0x3e contiki-z1.a(rpl-icmp6.o)
 .any.text.set32
                0x0000bd50       0x2a contiki-z1.a(rpl-icmp6.o)
 .any.text.get16
                0x0000bd7a        0xe contiki-z1.a(rpl-icmp6.o)
 .any.text.set16
                0x0000bd88       0x10 contiki-z1.a(rpl-icmp6.o)
 .any.text.dao_ack_input
                0x0000bd98        0xa contiki-z1.a(rpl-icmp6.o)
 .any.text.dio_input
                0x0000bda2      0x280 contiki-z1.a(rpl-icmp6.o)
 .any.text.rpl_icmp6_update_nbr_table
                0x0000c022       0x28 contiki-z1.a(rpl-icmp6.o)
                0x0000c022                rpl_icmp6_update_nbr_table
 .any.text.dao_input
                0x0000c04a      0x2c2 contiki-z1.a(rpl-icmp6.o)
 .any.text.dis_output
                0x0000c30c       0x50 contiki-z1.a(rpl-icmp6.o)
                0x0000c30c                dis_output
 .any.text.dio_output
                0x0000c35c      0x24c contiki-z1.a(rpl-icmp6.o)
                0x0000c35c                dio_output
 .any.text.dis_input
                0x0000c5a8       0x4c contiki-z1.a(rpl-icmp6.o)
 .any.text.dao_output_target
                0x0000c5f4       0xf6 contiki-z1.a(rpl-icmp6.o)
                0x0000c5f4                dao_output_target
 .any.text.dao_output
                0x0000c6ea       0x9e contiki-z1.a(rpl-icmp6.o)
                0x0000c6ea                dao_output
 .any.text.rpl_icmp6_register_handlers
                0x0000c788       0x22 contiki-z1.a(rpl-icmp6.o)
                0x0000c788                rpl_icmp6_register_handlers
 .any.text.queuebuf_init
                0x0000c7aa       0x12 contiki-z1.a(queuebuf.o)
                0x0000c7aa                queuebuf_init
 .any.text.queuebuf_numfree
                0x0000c7bc        0xa contiki-z1.a(queuebuf.o)
                0x0000c7bc                queuebuf_numfree
 .any.text.queuebuf_new_from_packetbuf
                0x0000c7c6       0x4e contiki-z1.a(queuebuf.o)
                0x0000c7c6                queuebuf_new_from_packetbuf
 .any.text.queuebuf_update_attr_from_packetbuf
                0x0000c814       0x12 contiki-z1.a(queuebuf.o)
                0x0000c814                queuebuf_update_attr_from_packetbuf
 .any.text.queuebuf_update_from_packetbuf
                0x0000c826       0x22 contiki-z1.a(queuebuf.o)
                0x0000c826                queuebuf_update_from_packetbuf
 .any.text.queuebuf_free
                0x0000c848       0x2a contiki-z1.a(queuebuf.o)
                0x0000c848                queuebuf_free
 .any.text.queuebuf_to_packetbuf
                0x0000c872       0x32 contiki-z1.a(queuebuf.o)
                0x0000c872                queuebuf_to_packetbuf
 .any.text.queuebuf_attr
                0x0000c8a4        0xe contiki-z1.a(queuebuf.o)
                0x0000c8a4                queuebuf_attr
 .any.text.key_from_index
                0x0000c8b2       0x18 contiki-z1.a(nbr-table.o)
 .any.text.item_from_index
                0x0000c8ca       0x2a contiki-z1.a(nbr-table.o)
 .any.text.index_from_key
                0x0000c8f4       0x26 contiki-z1.a(nbr-table.o)
 .any.text.index_from_item
                0x0000c91a       0x1e contiki-z1.a(nbr-table.o)
 .any.text.nbr_set_bit
                0x0000c938       0x50 contiki-z1.a(nbr-table.o)
 .any.text.index_from_lladdr
                0x0000c988       0x3e contiki-z1.a(nbr-table.o)
 .any.text.nbr_get_bit.constprop.0
                0x0000c9c6       0x2c contiki-z1.a(nbr-table.o)
 .any.text.remove_key
                0x0000c9f2       0x56 contiki-z1.a(nbr-table.o)
 .any.text.nbr_table_register
                0x0000ca48       0x26 contiki-z1.a(nbr-table.o)
                0x0000ca48                nbr_table_register
 .any.text.nbr_table_next
                0x0000ca6e       0x3a contiki-z1.a(nbr-table.o)
                0x0000ca6e                nbr_table_next
 .any.text.nbr_table_head
                0x0000caa8       0x36 contiki-z1.a(nbr-table.o)
                0x0000caa8                nbr_table_head
 .any.text.nbr_table_add_lladdr
                0x0000cade       0xfc contiki-z1.a(nbr-table.o)
                0x0000cade                nbr_table_add_lladdr
 .any.text.nbr_table_get_from_lladdr
                0x0000cbda       0x28 contiki-z1.a(nbr-table.o)
                0x0000cbda                nbr_table_get_from_lladdr
 .any.text.nbr_table_remove
                0x0000cc02       0x2a contiki-z1.a(nbr-table.o)
                0x0000cc02                nbr_table_remove
 .any.text.nbr_table_lock
                0x0000cc2c       0x10 contiki-z1.a(nbr-table.o)
                0x0000cc2c                nbr_table_lock
 .any.text.nbr_table_unlock
                0x0000cc3c       0x10 contiki-z1.a(nbr-table.o)
                0x0000cc3c                nbr_table_unlock
 .any.text.nbr_table_get_lladdr
                0x0000cc4c       0x14 contiki-z1.a(nbr-table.o)
                0x0000cc4c                nbr_table_get_lladdr
 .any.text.nbr_table_update_lladdr
                0x0000cc60       0x48 contiki-z1.a(nbr-table.o)
                0x0000cc60                nbr_table_update_lladdr
 .any.text.packetbuf_hdrreduce
                0x0000cca8       0x1a contiki-z1.a(packetbuf.o)
                0x0000cca8                packetbuf_hdrreduce
 .any.text.packetbuf_set_datalen
                0x0000ccc2        0x6 contiki-z1.a(packetbuf.o)
                0x0000ccc2                packetbuf_set_datalen
 .any.text.packetbuf_hdrptr
                0x0000ccc8        0x6 contiki-z1.a(packetbuf.o)
                0x0000ccc8                packetbuf_hdrptr
 .any.text.packetbuf_datalen
                0x0000ccce        0x6 contiki-z1.a(packetbuf.o)
                0x0000ccce                packetbuf_datalen
 .any.text.packetbuf_hdrlen
                0x0000ccd4        0xa contiki-z1.a(packetbuf.o)
                0x0000ccd4                packetbuf_hdrlen
 .any.text.packetbuf_dataptr
                0x0000ccde        0xc contiki-z1.a(packetbuf.o)
                0x0000ccde                packetbuf_dataptr
 .any.text.packetbuf_copyto
                0x0000ccea       0x3a contiki-z1.a(packetbuf.o)
                0x0000ccea                packetbuf_copyto
 .any.text.packetbuf_totlen
                0x0000cd24        0xc contiki-z1.a(packetbuf.o)
                0x0000cd24                packetbuf_totlen
 .any.text.packetbuf_hdralloc
                0x0000cd30       0x3c contiki-z1.a(packetbuf.o)
                0x0000cd30                packetbuf_hdralloc
 .any.text.packetbuf_attr_clear
                0x0000cd6c       0x28 contiki-z1.a(packetbuf.o)
                0x0000cd6c                packetbuf_attr_clear
 .any.text.packetbuf_clear
                0x0000cd94       0x12 contiki-z1.a(packetbuf.o)
                0x0000cd94                packetbuf_clear
 .any.text.packetbuf_copyfrom
                0x0000cda6       0x2a contiki-z1.a(packetbuf.o)
                0x0000cda6                packetbuf_copyfrom
 .any.text.packetbuf_attr_copyto
                0x0000cdd0       0x22 contiki-z1.a(packetbuf.o)
                0x0000cdd0                packetbuf_attr_copyto
 .any.text.packetbuf_attr_copyfrom
                0x0000cdf2       0x24 contiki-z1.a(packetbuf.o)
                0x0000cdf2                packetbuf_attr_copyfrom
 .any.text.packetbuf_holds_broadcast
                0x0000ce16        0xe contiki-z1.a(packetbuf.o)
                0x0000ce16                packetbuf_holds_broadcast
 .any.text.linkaddr_copy
                0x0000ce24        0x8 contiki-z1.a(linkaddr.o)
                0x0000ce24                linkaddr_copy
 .any.text.linkaddr_cmp
                0x0000ce2c       0x12 contiki-z1.a(linkaddr.o)
                0x0000ce2c                linkaddr_cmp
 .any.text.linkaddr_set_node_addr
                0x0000ce3e        0xc contiki-z1.a(linkaddr.o)
                0x0000ce3e                linkaddr_set_node_addr
 .any.text.periodic
                0x0000ce4a       0x2c contiki-z1.a(link-stats.o)
 .any.text.link_stats_from_lladdr
                0x0000ce76        0xc contiki-z1.a(link-stats.o)
                0x0000ce76                link_stats_from_lladdr
 .any.text.link_stats_is_fresh
                0x0000ce82       0x32 contiki-z1.a(link-stats.o)
                0x0000ce82                link_stats_is_fresh
 .any.text.link_stats_packet_sent
                0x0000ceb4       0xc4 contiki-z1.a(link-stats.o)
                0x0000ceb4                link_stats_packet_sent
 .any.text.link_stats_input_callback
                0x0000cf78       0xa6 contiki-z1.a(link-stats.o)
                0x0000cf78                link_stats_input_callback
 .any.text.link_stats_init
                0x0000d01e       0x22 contiki-z1.a(link-stats.o)
                0x0000d01e                link_stats_init
 .any.text.create_frame.isra.0
                0x0000d040      0x114 contiki-z1.a(framer-802154.o)
 .any.text.create
                0x0000d154        0x8 contiki-z1.a(framer-802154.o)
 .any.text.hdr_length
                0x0000d15c        0x8 contiki-z1.a(framer-802154.o)
 .any.text.parse
                0x0000d164       0x9a contiki-z1.a(framer-802154.o)
 .any.text.input_packet
                0x0000d1fe        0x6 contiki-z1.a(csma.o)
 .any.text.on   0x0000d204        0x6 contiki-z1.a(csma.o)
 .any.text.off  0x0000d20a        0x6 contiki-z1.a(csma.o)
 .any.text.channel_check_interval
                0x0000d210       0x10 contiki-z1.a(csma.o)
 .any.text.transmit_packet_list
                0x0000d220       0x24 contiki-z1.a(csma.o)
 .any.text.schedule_transmission
                0x0000d244       0x84 contiki-z1.a(csma.o)
 .any.text.init
                0x0000d2c8       0x1a contiki-z1.a(csma.o)
 .any.text.tx_done
                0x0000d2e2       0x86 contiki-z1.a(csma.o)
 .any.text.send_packet
                0x0000d368      0x158 contiki-z1.a(csma.o)
 .any.text.packet_sent
                0x0000d4c0       0xca contiki-z1.a(csma.o)
 .any.text.frame802154_get_pan_id
                0x0000d58a        0x6 contiki-z1.a(frame802154.o)
                0x0000d58a                frame802154_get_pan_id
 .any.text.frame802154_has_panid
                0x0000d590       0xe0 contiki-z1.a(frame802154.o)
                0x0000d590                frame802154_has_panid
 .any.text.field_len
                0x0000d670       0xa8 contiki-z1.a(frame802154.o)
 .any.text.frame802154_is_broadcast_addr
                0x0000d718       0x28 contiki-z1.a(frame802154.o)
                0x0000d718                frame802154_is_broadcast_addr
 .any.text.frame802154_hdrlen
                0x0000d740       0x32 contiki-z1.a(frame802154.o)
                0x0000d740                frame802154_hdrlen
 .any.text.frame802154_create_fcf
                0x0000d772       0x6e contiki-z1.a(frame802154.o)
                0x0000d772                frame802154_create_fcf
 .any.text.frame802154_create
                0x0000d7e0       0xd4 contiki-z1.a(frame802154.o)
                0x0000d7e0                frame802154_create
 .any.text.frame802154_parse_fcf
                0x0000d8b4       0x8c contiki-z1.a(frame802154.o)
                0x0000d8b4                frame802154_parse_fcf
 .any.text.frame802154_parse
                0x0000d940      0x15c contiki-z1.a(frame802154.o)
                0x0000d940                frame802154_parse
 .any.text.mac_call_sent_callback
                0x0000da9c       0x14 contiki-z1.a(mac.o)
                0x0000da9c                mac_call_sent_callback
 .any.text.duty_cycle
                0x0000dab0        0x6 contiki-z1.a(contikimac.o)
 .any.text.init
                0x0000dab6       0x2a contiki-z1.a(contikimac.o)
 .any.text.on   0x0000dae0       0x1a contiki-z1.a(contikimac.o)
 .any.text.off  0x0000dafa       0x22 contiki-z1.a(contikimac.o)
 .any.text.recv_burst_off
                0x0000db1c        0xa contiki-z1.a(contikimac.o)
 .any.text.powercycle_turn_radio_off
                0x0000db26       0x14 contiki-z1.a(contikimac.o)
 .any.text.turn_off
                0x0000db3a       0x20 contiki-z1.a(contikimac.o)
 .any.text.turn_on
                0x0000db5a       0x30 contiki-z1.a(contikimac.o)
 .any.text.schedule_powercycle_fixed.part.5
                0x0000db8a       0x32 contiki-z1.a(contikimac.o)
 .any.text.input_packet
                0x0000dbbc       0x94 contiki-z1.a(contikimac.o)
 .any.text.send_packet.isra.8
                0x0000dc50      0x1d8 contiki-z1.a(contikimac.o)
 .any.text.qsend_list
                0x0000de28       0xbe contiki-z1.a(contikimac.o)
 .any.text.qsend_packet
                0x0000dee6       0x28 contiki-z1.a(contikimac.o)
 .any.text.powercycle_wrapper
                0x0000df0e      0x1c2 contiki-z1.a(contikimac.o)
 .any.text.init
                0x0000e0d0        0x2 contiki-z1.a(nullsec.o)
 .any.text.send
                0x0000e0d2        0xa contiki-z1.a(nullsec.o)
 .any.text.input
                0x0000e0dc        0x6 contiki-z1.a(nullsec.o)
 .any.text.i2c_receiveinit
                0x0000e0e2       0x36 contiki-z1.a(i2cmaster.o)
                0x0000e0e2                i2c_receiveinit
 .any.text.i2c_transmitinit
                0x0000e118       0x30 contiki-z1.a(i2cmaster.o)
                0x0000e118                i2c_transmitinit
 .any.text.i2c_receive_n
                0x0000e148       0x3e contiki-z1.a(i2cmaster.o)
                0x0000e148                i2c_receive_n
 .any.text.i2c_busy
                0x0000e186        0xa contiki-z1.a(i2cmaster.o)
                0x0000e186                i2c_busy
 .any.text.i2c_enable
                0x0000e190       0x22 contiki-z1.a(i2cmaster.o)
                0x0000e190                i2c_enable
 .any.text.i2c_transmit_n
                0x0000e1b2       0x14 contiki-z1.a(i2cmaster.o)
                0x0000e1b2                i2c_transmit_n
 .any.text.stimer_set
                0x0000e1c6       0x1c contiki-z1.a(stimer.o)
                0x0000e1c6                stimer_set
 .any.text.stimer_expired
                0x0000e1e2       0x30 contiki-z1.a(stimer.o)
                0x0000e1e2                stimer_expired
 .any.text.echo_reply_input
                0x0000e212       0xaa contiki-z1.a(uip-icmp6.o)
 .any.text.echo_request_input
                0x0000e2bc       0xca contiki-z1.a(uip-icmp6.o)
 .any.text.uip_icmp6_input
                0x0000e386       0x44 contiki-z1.a(uip-icmp6.o)
                0x0000e386                uip_icmp6_input
 .any.text.uip_icmp6_register_input_handler
                0x0000e3ca        0xc contiki-z1.a(uip-icmp6.o)
                0x0000e3ca                uip_icmp6_register_input_handler
 .any.text.uip_icmp6_error_output
                0x0000e3d6      0x16e contiki-z1.a(uip-icmp6.o)
                0x0000e3d6                uip_icmp6_error_output
 .any.text.uip_icmp6_send
                0x0000e544       0x84 contiki-z1.a(uip-icmp6.o)
                0x0000e544                uip_icmp6_send
 .any.text.uip_icmp6_init
                0x0000e5c8       0x12 contiki-z1.a(uip-icmp6.o)
                0x0000e5c8                uip_icmp6_init
 .any.text.update_nbr
                0x0000e5da       0xda contiki-z1.a(rpl-nbr-policy.)
 .any.text.handle_periodic_timer
                0x0000e6b4        0xe contiki-z1.a(rpl-nbr-policy.)
 .any.text.find_removable_dis
                0x0000e6c2       0x16 contiki-z1.a(rpl-nbr-policy.)
                0x0000e6c2                find_removable_dis
 .any.text.find_removable_dio
                0x0000e6d8       0x3c contiki-z1.a(rpl-nbr-policy.)
                0x0000e6d8                find_removable_dio
 .any.text.find_removable_dao
                0x0000e714       0x34 contiki-z1.a(rpl-nbr-policy.)
                0x0000e714                find_removable_dao
 .any.text.rpl_nbr_policy_find_removable
                0x0000e748       0x30 contiki-z1.a(rpl-nbr-policy.)
                0x0000e748                rpl_nbr_policy_find_removable
 .any.text.mac_sequence_is_duplicate
                0x0000e778       0x60 contiki-z1.a(mac-sequence.o)
                0x0000e778                mac_sequence_is_duplicate
 .any.text.mac_sequence_register_seqno
                0x0000e7d8       0x76 contiki-z1.a(mac-sequence.o)
                0x0000e7d8                mac_sequence_register_seqno
 .any.text.printf
                0x0000e84e       0x10 /usr/local/bin/../lib/gcc/msp430/4.7.2/../../../../msp430/lib/mcpu-430x/mmpy-16/msr20/mc20/libc.a(printf.o)
                0x0000e84e                printf
 .any.text.append
                0x0000e85e       0x22 /usr/local/bin/../lib/gcc/msp430/4.7.2/../../../../msp430/lib/mcpu-430x/mmpy-16/msr20/mc20/libc.a(sprintf.o)
 .any.text.call_vuprintf
                0x0000e880       0x36 /usr/local/bin/../lib/gcc/msp430/4.7.2/../../../../msp430/lib/mcpu-430x/mmpy-16/msr20/mc20/libc.a(sprintf.o)
 .any.text.snprintf
                0x0000e8b6       0x1c /usr/local/bin/../lib/gcc/msp430/4.7.2/../../../../msp430/lib/mcpu-430x/mmpy-16/msr20/mc20/libc.a(sprintf.o)
                0x0000e8b6                snprintf
 .any.text.print_field
                0x0000e8d2      0x176 /usr/local/bin/../lib/gcc/msp430/4.7.2/../../../../msp430/lib/mcpu-430x/mmpy-16/msr20/mc20/libc.a(vuprintf.o)
 .any.text.puts
                0x0000ea48       0x2c /usr/local/bin/../lib/gcc/msp430/4.7.2/../../../../msp430/lib/mcpu-430x/mmpy-16/msr20/mc20/libc.a(puts.o)
                0x0000ea48                puts
 .any.text.rand
                0x0000ea74       0x26 /usr/local/bin/../lib/gcc/msp430/4.7.2/../../../../msp430/lib/mcpu-430x/mmpy-16/msr20/mc20/libc.a(rand.o)
                0x0000ea74                rand
 .any.text.srand
                0x0000ea9a        0xa /usr/local/bin/../lib/gcc/msp430/4.7.2/../../../../msp430/lib/mcpu-430x/mmpy-16/msr20/mc20/libc.a(rand.o)
                0x0000ea9a                srand
 .any.text.strncmp
                0x0000eaa4       0x2a /usr/local/bin/../lib/gcc/msp430/4.7.2/../../../../msp430/lib/mcpu-430x/mmpy-16/msr20/mc20/libc.a(strncmp.o)
                0x0000eaa4                strncmp
 .any.text.memcmp
                0x0000eace       0x2c /usr/local/bin/../lib/gcc/msp430/4.7.2/../../../../msp430/lib/mcpu-430x/mmpy-16/msr20/mc20/libc.a(memcmp.o)
                0x0000eace                memcmp
 .any.text.strcpy
                0x0000eafa       0x14 /usr/local/bin/../lib/gcc/msp430/4.7.2/../../../../msp430/lib/mcpu-430x/mmpy-16/msr20/mc20/libc.a(strcpy.o)
                0x0000eafa                strcpy
 .any.text.strncpy
                0x0000eb0e       0x2a /usr/local/bin/../lib/gcc/msp430/4.7.2/../../../../msp430/lib/mcpu-430x/mmpy-16/msr20/mc20/libc.a(strncpy.o)
                0x0000eb0e                strncpy

.rodata         0x0000eb38     0x12e5
                0x0000eb38                . = ALIGN (0x2)
 *(.rodata .rodata.* .gnu.linkonce.r.*)
 .rodata.ipaddr_add
                0x0000eb38        0x8 border-router.co
 .rodata.generate_routes
                0x0000eb40       0x81 border-router.co
 .rodata.process_thread_border_router_process
                0x0000ebc1       0x4a border-router.co
 .rodata.set_prefix_64
                0x0000ec0b       0x16 border-router.co
 *fill*         0x0000ec21        0x1 00
 .rodata.autostart_processes
                0x0000ec22        0x6 border-router.co
                0x0000ec22                autostart_processes
 .rodata        0x0000ec28       0x21 border-router.co
 .rodata.slip_input_callback
                0x0000ec49       0x67 obj_z1/slip-bridge.o
 .rodata.output
                0x0000ecb0       0x3a obj_z1/slip-bridge.o
 .rodata.rpl_interface
                0x0000ecea        0x8 obj_z1/slip-bridge.o
                0x0000ecea                rpl_interface
 .rodata.handle_output
                0x0000ecf2       0x59 obj_z1/httpd-simple.o
 .rodata.http_get
                0x0000ed4b        0x5 obj_z1/httpd-simple.o
                0x0000ed4b                http_get
 .rodata.http_header_404
                0x0000ed50       0x5d obj_z1/httpd-simple.o
                0x0000ed50                http_header_404
 .rodata.http_header_200
                0x0000edad       0x56 obj_z1/httpd-simple.o
                0x0000edad                http_header_200
 .rodata.http_content_type_html
                0x0000ee03       0x1c obj_z1/httpd-simple.o
                0x0000ee03                http_content_type_html
 .rodata        0x0000ee1f      0x11a obj_z1/contiki-z1-main.o
 *fill*         0x0000ef39        0x3 00
 .rodata.get_value
                0x0000ef3c       0x44 contiki-z1.a(cc2420.o)
 .rodata.set_value
                0x0000ef80       0x20 contiki-z1.a(cc2420.o)
 .rodata.cc2420_driver
                0x0000efa0       0x38 contiki-z1.a(cc2420.o)
                0x0000efa0                cc2420_driver
 .rodata        0x0000efd8        0xe contiki-z1.a(cc2420.o)
 .rodata.output_power
                0x0000efe6       0x10 contiki-z1.a(cc2420.o)
 .rodata        0x0000eff6        0x8 contiki-z1.a(sensors.o)
 .rodata        0x0000effe        0x7 contiki-z1.a(button-sensor.o)
 *fill*         0x0000f005        0x1 00
 .rodata.button_sensor
                0x0000f006        0xe contiki-z1.a(button-sensor.o)
                0x0000f006                button_sensor
 .rodata        0x0000f014        0xc contiki-z1.a(slip.o)
 .rodata        0x0000f020       0x25 contiki-z1.a(adxl345.o)
 *fill*         0x0000f045        0x1 00
 .rodata.adxl345
                0x0000f046        0xe contiki-z1.a(adxl345.o)
                0x0000f046                adxl345
 .rodata        0x0000f054        0xe contiki-z1.a(tmp102.o)
 .rodata.tmp102
                0x0000f062        0xe contiki-z1.a(tmp102.o)
                0x0000f062                tmp102
 .rodata        0x0000f070        0xf contiki-z1.a(ctimer.o)
 .rodata        0x0000f07f        0xc contiki-z1.a(etimer.o)
 .rodata.assert_nbr_routes_list_sane
                0x0000f08b       0xb5 contiki-z1.a(uip-ds6-route.o)
 .rodata.uip_ds6_route_rm
                0x0000f140        0x9 contiki-z1.a(uip-ds6-route.o)
 .rodata.uip_ds6_route_add
                0x0000f149        0xe contiki-z1.a(uip-ds6-route.o)
 .rodata.uip_ds6_defrt_add
                0x0000f157        0x9 contiki-z1.a(uip-ds6-route.o)
 .rodata.uip_process
                0x0000f160       0x40 contiki-z1.a(uip6.o)
 .rodata        0x0000f1a0        0xb contiki-z1.a(sicslowpan.o)
 *fill*         0x0000f1ab        0x1 00
 .rodata.sicslowpan_driver
                0x0000f1ac        0xa contiki-z1.a(sicslowpan.o)
                0x0000f1ac                sicslowpan_driver
 .rodata.llprefix
                0x0000f1b6        0x2 contiki-z1.a(sicslowpan.o)
                0x0000f1b6                llprefix
 .rodata.unc_mxconf
                0x0000f1b8        0x4 contiki-z1.a(sicslowpan.o)
                0x0000f1b8                unc_mxconf
 .rodata.unc_ctxconf
                0x0000f1bc        0x4 contiki-z1.a(sicslowpan.o)
                0x0000f1bc                unc_ctxconf
 .rodata.unc_llconf
                0x0000f1c0        0x4 contiki-z1.a(sicslowpan.o)
                0x0000f1c0                unc_llconf
 .rodata.ttl_values
                0x0000f1c4        0x4 contiki-z1.a(sicslowpan.o)
 .rodata        0x0000f1c8        0xd contiki-z1.a(tcpip.o)
 .rodata.uip_debug_ipaddr_print
                0x0000f1d5       0x28 contiki-z1.a(uip-debug.o)
 .rodata.check_prefix
                0x0000f1fd       0x40 contiki-z1.a(rpl-dag.o)
 .rodata.add_nbr_from_dio
                0x0000f23d       0x27 contiki-z1.a(rpl-dag.o)
 .rodata.rpl_set_preferred_parent
                0x0000f264       0x31 contiki-z1.a(rpl-dag.o)
 .rodata.rpl_print_neighbor_list
                0x0000f295       0x84 contiki-z1.a(rpl-dag.o)
 .rodata.best_parent
                0x0000f319       0x1d contiki-z1.a(rpl-dag.o)
 .rodata.rpl_set_prefix
                0x0000f336       0x75 contiki-z1.a(rpl-dag.o)
 .rodata.rpl_set_default_route
                0x0000f3ab       0x48 contiki-z1.a(rpl-dag.o)
 .rodata.rpl_add_parent
                0x0000f3f3       0x3a contiki-z1.a(rpl-dag.o)
 .rodata.rpl_select_dag
                0x0000f42d       0xaa contiki-z1.a(rpl-dag.o)
 .rodata.rpl_nullify_parent
                0x0000f4d7       0x35 contiki-z1.a(rpl-dag.o)
 .rodata.rpl_remove_parent
                0x0000f50c       0x16 contiki-z1.a(rpl-dag.o)
 .rodata.remove_parents.constprop.4
                0x0000f522       0x29 contiki-z1.a(rpl-dag.o)
 .rodata.rpl_free_dag
                0x0000f54b       0x16 contiki-z1.a(rpl-dag.o)
 .rodata.rpl_move_parent
                0x0000f561       0x29 contiki-z1.a(rpl-dag.o)
 .rodata.rpl_repair_root
                0x0000f58a       0x6b contiki-z1.a(rpl-dag.o)
 .rodata.rpl_set_root
                0x0000f5f5       0xe6 contiki-z1.a(rpl-dag.o)
 .rodata.rpl_join_instance
                0x0000f6db      0x144 contiki-z1.a(rpl-dag.o)
 .rodata.rpl_local_repair
                0x0000f81f       0x7f contiki-z1.a(rpl-dag.o)
 .rodata.rpl_process_parent_event
                0x0000f89e      0x107 contiki-z1.a(rpl-dag.o)
 .rodata.rpl_recalculate_ranks
                0x0000f9a5       0x4a contiki-z1.a(rpl-dag.o)
 .rodata.rpl_add_dag
                0x0000f9ef       0x3d contiki-z1.a(rpl-dag.o)
 .rodata.rpl_process_dio
                0x0000fa2c      0x374 contiki-z1.a(rpl-dag.o)
 .rodata.linkaddr_null
                0x0000fda0        0x8 contiki-z1.a(linkaddr.o)
                0x0000fda0                linkaddr_null
 .rodata.framer_802154
                0x0000fda8        0xc contiki-z1.a(framer-802154.o)
                0x0000fda8                framer_802154
 .rodata        0x0000fdb4        0x5 contiki-z1.a(csma.o)
 *fill*         0x0000fdb9        0x1 00
 .rodata.csma_driver
                0x0000fdba       0x1a contiki-z1.a(csma.o)
                0x0000fdba                csma_driver
 .rodata.CSWTCH.16
                0x0000fdd4        0x2 contiki-z1.a(frame802154.o)
 .rodata        0x0000fdd6        0xb contiki-z1.a(contikimac.o)
 *fill*         0x0000fde1        0x1 00
 .rodata.contikimac_driver
                0x0000fde2       0x1e contiki-z1.a(contikimac.o)
                0x0000fde2                contikimac_driver
 .rodata        0x0000fe00        0x8 contiki-z1.a(nullsec.o)
 .rodata.nullsec_driver
                0x0000fe08        0xe contiki-z1.a(nullsec.o)
                0x0000fe08                nullsec_driver
 .rodata.vuprintf
                0x0000fe16        0x7 /usr/local/bin/../lib/gcc/msp430/4.7.2/../../../../msp430/lib/mcpu-430x/mmpy-16/msr20/mc20/libc.a(vuprintf.o)
 *(.near.rodata .near.rodata.*)
                0x0000fe1e                . = ALIGN (0x2)
                0x0000fe1e                _etext = .

.data           0x00001100      0x170 load address 0x0000fe1e
                0x00001100                . = ALIGN (0x2)
                0x00001100                __data_start = .
 *(.data .data.* .gnu.linkonce.d.*)
 .data.webserver_nogui_process
                0x00001100        0xc border-router.co
                0x00001100                webserver_nogui_process
 .data.border_router_process
                0x0000110c        0xc border-router.co
                0x0000110c                border_router_process
 .data.conns    0x00001118        0x8 obj_z1/httpd-simple.o
 .data.cur_break
                0x00001120        0x2 contiki-z1.a(msp430.o)
 .data.cc2420_process
                0x00001122        0xc contiki-z1.a(cc2420.o)
                0x00001122                cc2420_process
 .data.send_on_cca
                0x0000112e        0x1 contiki-z1.a(cc2420.o)
 *fill*         0x0000112f        0x1 00
 .data.sensors_process
                0x00001130        0xc contiki-z1.a(sensors.o)
                0x00001130                sensors_process
 .data.slip_process
                0x0000113c        0xc contiki-z1.a(slip.o)
                0x0000113c                slip_process
 .data.sensors  0x00001148        0x8 contiki-z1.a(z1-sensors.o)
                0x00001148                sensors
 .data.accmeter_process