Archive member included because of file (symbol)

contiki-z1.a(collect-view.o)  udp-sender.co (collect_view_construct_message)
contiki-z1.a(collect-view-z1)
                              contiki-z1.a(collect-view.o) (collect_view_arch_read_sensors)
contiki-z1.a(contiki-z1-plat)
                              obj_z1/contiki-z1-main.o (init_platform)
contiki-z1.a(msp430.o)        obj_z1/contiki-z1-main.o (splhigh_)
contiki-z1.a(leds.o)          obj_z1/contiki-z1-main.o (leds_init)
contiki-z1.a(watchdog.o)      obj_z1/contiki-z1-main.o (watchdog_start)
contiki-z1.a(xmem.o)          obj_z1/contiki-z1-main.o (xmem_init)
contiki-z1.a(spi.o)           contiki-z1.a(xmem.o) (spi_init)
contiki-z1.a(cc2420.o)        obj_z1/contiki-z1-main.o (cc2420_set_pan_addr)
contiki-z1.a(cc2420-arch.o)   contiki-z1.a(cc2420.o) (cc2420_arch_init)
contiki-z1.a(node-id.o)       obj_z1/contiki-z1-main.o (node_id_restore)
contiki-z1.a(sensors.o)       contiki-z1.a(contiki-z1-plat) (sensors_process)
contiki-z1.a(uart0.o)         obj_z1/contiki-z1-main.o (uart0_active)
contiki-z1.a(uart0-putchar.o)
                              udp-sender.co (putchar)
contiki-z1.a(z1-sensors.o)    contiki-z1.a(sensors.o) (sensors_flags)
contiki-z1.a(adxl345.o)       obj_z1/contiki-z1-main.o (adxl345)
contiki-z1.a(tmp102.o)        contiki-z1.a(collect-view-z1) (tmp102_init)
contiki-z1.a(clock.o)         contiki-z1.a(collect-view.o) (clock_time)
contiki-z1.a(leds-arch.o)     contiki-z1.a(leds.o) (leds_arch_init)
contiki-z1.a(rtimer-arch.o)   obj_z1/contiki-z1-main.o (rtimer_arch_now)
contiki-z1.a(autostart.o)     obj_z1/contiki-z1-main.o (autostart_start)
contiki-z1.a(ctimer.o)        obj_z1/contiki-z1-main.o (ctimer_init)
contiki-z1.a(energest.o)      obj_z1/contiki-z1-main.o (energest_init)
contiki-z1.a(etimer.o)        contiki-z1.a(clock.o) (etimer_request_poll)
contiki-z1.a(process.o)       udp-sender.co (process_current)
contiki-z1.a(rtimer.o)        obj_z1/contiki-z1-main.o (rtimer_init)
contiki-z1.a(timer.o)         contiki-z1.a(adxl345.o) (timer_set)
contiki-z1.a(serial-line.o)   obj_z1/collect-common.o (serial_line_event_message)
contiki-z1.a(list.o)          contiki-z1.a(ctimer.o) (list_init)
contiki-z1.a(random.o)        obj_z1/contiki-z1-main.o (random_init)
contiki-z1.a(ringbuf.o)       contiki-z1.a(serial-line.o) (ringbuf_init)
contiki-z1.a(uip-ds6.o)       udp-sender.co (uip_ds6_if)
contiki-z1.a(uip-ds6-route.o)
                              contiki-z1.a(uip-ds6.o) (uip_ds6_route_init)
contiki-z1.a(uip6.o)          udp-sender.co (uip_lladdr)
contiki-z1.a(uip-ds6-nbr.o)   contiki-z1.a(uip-ds6.o) (uip_ds6_neighbors_init)
contiki-z1.a(uip-nd6.o)       contiki-z1.a(uip6.o) (uip_nd6_init)
contiki-z1.a(sicslowpan.o)    obj_z1/contiki-z1-main.o (sicslowpan_driver)
contiki-z1.a(uip-udp-packet.)
                              udp-sender.co (uip_udp_packet_sendto)
contiki-z1.a(tcpip.o)         contiki-z1.a(sicslowpan.o) (tcpip_set_outputfunc)
contiki-z1.a(uip-debug.o)     udp-sender.co (uip_debug_ipaddr_print)
contiki-z1.a(rpl-dag.o)       udp-sender.co (rpl_get_parent_rank)
contiki-z1.a(rpl-timers.o)    contiki-z1.a(rpl-dag.o) (rpl_reset_dio_timer)
contiki-z1.a(rpl-ext-header.)
                              contiki-z1.a(uip6.o) (rpl_verify_hbh_header)
contiki-z1.a(rpl.o)           contiki-z1.a(rpl-timers.o) (rpl_get_mode)
contiki-z1.a(rpl-mrhof.o)     contiki-z1.a(rpl-dag.o) (rpl_mrhof)
contiki-z1.a(rpl-icmp6.o)     contiki-z1.a(rpl-dag.o) (rpl_icmp6_update_nbr_table)
contiki-z1.a(queuebuf.o)      obj_z1/contiki-z1-main.o (queuebuf_init)
contiki-z1.a(nbr-table.o)     contiki-z1.a(uip-ds6-route.o) (nbr_table_register)
contiki-z1.a(packetbuf.o)     contiki-z1.a(cc2420.o) (packetbuf_set_datalen)
contiki-z1.a(linkaddr.o)      udp-sender.co (linkaddr_copy)
contiki-z1.a(link-stats.o)    contiki-z1.a(rpl-dag.o) (link_stats_from_lladdr)
contiki-z1.a(framer-802154.o)
                              contiki-z1.a(sicslowpan.o) (framer_802154)
contiki-z1.a(csma.o)          obj_z1/contiki-z1-main.o (csma_driver)
contiki-z1.a(frame802154.o)   contiki-z1.a(framer-802154.o) (frame802154_get_pan_id)
contiki-z1.a(mac.o)           contiki-z1.a(csma.o) (mac_call_sent_callback)
contiki-z1.a(contikimac.o)    obj_z1/collect-common.o (contikimac_driver)
contiki-z1.a(nullsec.o)       obj_z1/contiki-z1-main.o (nullsec_driver)
contiki-z1.a(i2cmaster.o)     contiki-z1.a(adxl345.o) (i2c_receiveinit)
contiki-z1.a(button-sensor.o)
                              contiki-z1.a(z1-sensors.o) (button_sensor)
contiki-z1.a(stimer.o)        contiki-z1.a(uip-ds6.o) (stimer_set)
contiki-z1.a(memb.o)          contiki-z1.a(uip-ds6-route.o) (memb_init)
contiki-z1.a(uip-icmp6.o)     contiki-z1.a(uip6.o) (uip_icmp6_input)
contiki-z1.a(rpl-nbr-policy.)
                              contiki-z1.a(nbr-table.o) (rpl_nbr_policy_find_removable)
contiki-z1.a(mac-sequence.o)  contiki-z1.a(contikimac.o) (mac_sequence_is_duplicate)
[...]
Memory Configuration

Name             Origin             Length             Attributes
sfr              0x00000000         0x00000010
peripheral_8bit  0x00000010         0x000000f0
peripheral_16bit 0x00000100         0x00000100
ram_mirror       0x00000200         0x00000800         xw
infomem          0x00001000         0x00000100
infod            0x00001000         0x00000040
infoc            0x00001040         0x00000040
infob            0x00001080         0x00000040
infoa            0x000010c0         0x00000040
ram              0x00001100         0x00002000         xw
rom              0x00003100         0x0000cebe         xr
vectors          0x0000ffc0         0x00000040
far_rom          0x00010000         0x0000a000
bsl              0x00000000         0x00000000
ram2             0x00000000         0x00000000         xw
usbram           0x00000000         0x00000000         xw
*default*        0x00000000         0xffffffff

Linker script and memory map

LOAD /usr/local/bin/../lib/gcc/msp430/4.7.2/mcpu-430x/mmpy-16/msr20/mc20/crt0ivtbl32.o
                0x00000041                __P1SEL2 = 0x41
                0x00000045                __P5SEL2 = 0x45
LOAD udp-sender.co
LOAD obj_z1/collect-common.o
LOAD obj_z1/contiki-z1-main.o
LOAD contiki-z1.a
LOAD /usr/local/bin/../lib/gcc/msp430/4.7.2/mcpu-430x/mmpy-16/msr20/mc20/libgcc.a
LOAD /usr/local/bin/../lib/gcc/msp430/4.7.2/../../../../msp430/lib/mcpu-430x/mmpy-16/msr20/mc20/libc.a
LOAD /usr/local/bin/../lib/gcc/msp430/4.7.2/mcpu-430x/mmpy-16/msr20/mc20/libgcc.a
LOAD /usr/local/bin/../lib/gcc/msp430/4.7.2/mcpu-430x/mmpy-16/msr20/mc20/libcrt0.a
                0x00000040                PROVIDE (__info_segment_size, 0x40)
                0x00001000                PROVIDE (__infod, 0x1000)
                0x00001040                PROVIDE (__infoc, 0x1040)
                0x00001080                PROVIDE (__infob, 0x1080)
                0x000010c0                PROVIDE (__infoa, 0x10c0)
                0x00000000                __IE1 = 0x0
                0x00000002                __IFG1 = 0x2
                0x00000001                __IE2 = 0x1
                0x00000003                __IFG2 = 0x3
                0x00000006                __UC1IE = 0x6
                0x00000007                __UC1IFG = 0x7
                0x000001a0                __ADC12CTL0 = 0x1a0
                0x000001a2                __ADC12CTL1 = 0x1a2
                0x000001a4                __ADC12IFG = 0x1a4
                0x000001a6                __ADC12IE = 0x1a6
                0x000001a8                __ADC12IV = 0x1a8
                0x00000140                __ADC12MEM0 = 0x140
                0x00000142                __ADC12MEM1 = 0x142
                0x00000144                __ADC12MEM2 = 0x144
                0x00000146                __ADC12MEM3 = 0x146
                0x00000148                __ADC12MEM4 = 0x148
                0x0000014a                __ADC12MEM5 = 0x14a
                0x0000014c                __ADC12MEM6 = 0x14c
                0x0000014e                __ADC12MEM7 = 0x14e
                0x00000150                __ADC12MEM8 = 0x150
                0x00000152                __ADC12MEM9 = 0x152
                0x00000154                __ADC12MEM10 = 0x154
                0x00000156                __ADC12MEM11 = 0x156
                0x00000158                __ADC12MEM12 = 0x158
                0x0000015a                __ADC12MEM13 = 0x15a
                0x0000015c                __ADC12MEM14 = 0x15c
                0x0000015e                __ADC12MEM15 = 0x15e
                0x00000080                __ADC12MCTL0 = 0x80
                0x00000081                __ADC12MCTL1 = 0x81
                0x00000082                __ADC12MCTL2 = 0x82
                0x00000083                __ADC12MCTL3 = 0x83
                0x00000084                __ADC12MCTL4 = 0x84
                0x00000085                __ADC12MCTL5 = 0x85
                0x00000086                __ADC12MCTL6 = 0x86
                0x00000087                __ADC12MCTL7 = 0x87
                0x00000088                __ADC12MCTL8 = 0x88
                0x00000089                __ADC12MCTL9 = 0x89
                0x0000008a                __ADC12MCTL10 = 0x8a
                0x0000008b                __ADC12MCTL11 = 0x8b
                0x0000008c                __ADC12MCTL12 = 0x8c
                0x0000008d                __ADC12MCTL13 = 0x8d
                0x0000008e                __ADC12MCTL14 = 0x8e
                0x0000008f                __ADC12MCTL15 = 0x8f
                0x00000056                __DCOCTL = 0x56
                0x00000057                __BCSCTL1 = 0x57
                0x00000058                __BCSCTL2 = 0x58
                0x00000053                __BCSCTL3 = 0x53
                0x00000059                __CACTL1 = 0x59
                0x0000005a                __CACTL2 = 0x5a
                0x0000005b                __CAPD = 0x5b
                0x000001c0                __DAC12_0CTL = 0x1c0
                0x000001c2                __DAC12_1CTL = 0x1c2
                0x000001c8                __DAC12_0DAT = 0x1c8
                0x000001ca                __DAC12_1DAT = 0x1ca
                0x00000122                __DMACTL0 = 0x122
                0x00000124                __DMACTL1 = 0x124
                0x00000126                __DMAIV = 0x126
                0x000001d0                __DMA0CTL = 0x1d0
                0x000001dc                __DMA1CTL = 0x1dc
                0x000001e8                __DMA2CTL = 0x1e8
                0x000001d2                __DMA0SA = 0x1d2
                0x000001d2                __DMA0SAL = 0x1d2
                0x000001d6                __DMA0DA = 0x1d6
                0x000001d6                __DMA0DAL = 0x1d6
                0x000001da                __DMA0SZ = 0x1da
                0x000001de                __DMA1SA = 0x1de
                0x000001de                __DMA1SAL = 0x1de
                0x000001e2                __DMA1DA = 0x1e2
                0x000001e2                __DMA1DAL = 0x1e2
                0x000001e6                __DMA1SZ = 0x1e6
                0x000001ea                __DMA2SA = 0x1ea
                0x000001ea                __DMA2SAL = 0x1ea
                0x000001ee                __DMA2DA = 0x1ee
                0x000001ee                __DMA2DAL = 0x1ee
                0x000001f2                __DMA2SZ = 0x1f2
                0x00000128                __FCTL1 = 0x128
                0x0000012a                __FCTL2 = 0x12a
                0x0000012c                __FCTL3 = 0x12c
                0x000001be                __FCTL4 = 0x1be
                0x00000130                __MPY = 0x130
                0x00000132                __MPYS = 0x132
                0x00000134                __MAC = 0x134
                0x00000136                __MACS = 0x136
                0x00000138                __OP2 = 0x138
                0x0000013a                __RESLO = 0x13a
                0x0000013c                __RESHI = 0x13c
                0x0000013e                __SUMEXT = 0x13e
                0x00000020                __P1IN = 0x20
                0x00000021                __P1OUT = 0x21
                0x00000022                __P1DIR = 0x22
                0x00000023                __P1IFG = 0x23
                0x00000024                __P1IES = 0x24
                0x00000025                __P1IE = 0x25
                0x00000026                __P1SEL = 0x26
                0x00000027                __P1REN = 0x27
                0x00000028                __P2IN = 0x28
                0x00000029                __P2OUT = 0x29
                0x0000002a                __P2DIR = 0x2a
                0x0000002b                __P2IFG = 0x2b
                0x0000002c                __P2IES = 0x2c
                0x0000002d                __P2IE = 0x2d
                0x0000002e                __P2SEL = 0x2e
                0x0000002f                __P2REN = 0x2f
                0x00000018                __P3IN = 0x18
                0x00000019                __P3OUT = 0x19
                0x0000001a                __P3DIR = 0x1a
                0x0000001b                __P3SEL = 0x1b
                0x00000010                __P3REN = 0x10
                0x0000001c                __P4IN = 0x1c
                0x0000001d                __P4OUT = 0x1d
                0x0000001e                __P4DIR = 0x1e
                0x0000001f                __P4SEL = 0x1f
                0x00000011                __P4REN = 0x11
                0x00000030                __P5IN = 0x30
                0x00000031                __P5OUT = 0x31
                0x00000032                __P5DIR = 0x32
                0x00000033                __P5SEL = 0x33
                0x00000012                __P5REN = 0x12
                0x00000034                __P6IN = 0x34
                0x00000035                __P6OUT = 0x35
                0x00000036                __P6DIR = 0x36
                0x00000037                __P6SEL = 0x37
                0x00000013                __P6REN = 0x13
                0x00000038                __P7IN = 0x38
                0x0000003a                __P7OUT = 0x3a
                0x0000003c                __P7DIR = 0x3c
                0x0000003e                __P7SEL = 0x3e
                0x00000014                __P7REN = 0x14
                0x00000039                __P8IN = 0x39
                0x0000003b                __P8OUT = 0x3b
                0x0000003d                __P8DIR = 0x3d
                0x0000003f                __P8SEL = 0x3f
                0x00000015                __P8REN = 0x15
                0x00000038                __PAIN = 0x38
                0x0000003a                __PAOUT = 0x3a
                0x0000003c                __PADIR = 0x3c
                0x0000003e                __PASEL = 0x3e
                0x00000014                __PAREN = 0x14
                0x00000055                __SVSCTL = 0x55
                0x0000012e                __TAIV = 0x12e
                0x00000160                __TACTL = 0x160
                0x00000162                __TACCTL0 = 0x162
                0x00000164                __TACCTL1 = 0x164
                0x00000166                __TACCTL2 = 0x166
                0x00000170                __TAR = 0x170
                0x00000172                __TACCR0 = 0x172
                0x00000174                __TACCR1 = 0x174
                0x00000176                __TACCR2 = 0x176
                0x0000011e                __TBIV = 0x11e
                0x00000180                __TBCTL = 0x180
                0x00000182                __TBCCTL0 = 0x182
                0x00000184                __TBCCTL1 = 0x184
                0x00000186                __TBCCTL2 = 0x186
                0x00000188                __TBCCTL3 = 0x188
                0x0000018a                __TBCCTL4 = 0x18a
                0x0000018c                __TBCCTL5 = 0x18c
                0x0000018e                __TBCCTL6 = 0x18e
                0x00000190                __TBR = 0x190
                0x00000192                __TBCCR0 = 0x192
                0x00000194                __TBCCR1 = 0x194
                0x00000196                __TBCCR2 = 0x196
                0x00000198                __TBCCR3 = 0x198
                0x0000019a                __TBCCR4 = 0x19a
                0x0000019c                __TBCCR5 = 0x19c
                0x0000019e                __TBCCR6 = 0x19e
                0x00000060                __UCA0CTL0 = 0x60
                0x00000061                __UCA0CTL1 = 0x61
                0x00000062                __UCA0BR0 = 0x62
                0x00000063                __UCA0BR1 = 0x63
                0x00000064                __UCA0MCTL = 0x64
                0x00000065                __UCA0STAT = 0x65
                0x00000066                __UCA0RXBUF = 0x66
                0x00000067                __UCA0TXBUF = 0x67
                0x0000005d                __UCA0ABCTL = 0x5d
                0x0000005e                __UCA0IRTCTL = 0x5e
                0x0000005f                __UCA0IRRCTL = 0x5f
                0x00000068                __UCB0CTL0 = 0x68
                0x00000069                __UCB0CTL1 = 0x69
                0x0000006a                __UCB0BR0 = 0x6a
                0x0000006b                __UCB0BR1 = 0x6b
                0x0000006c                __UCB0I2CIE = 0x6c
                0x0000006d                __UCB0STAT = 0x6d
                0x0000006e                __UCB0RXBUF = 0x6e
                0x0000006f                __UCB0TXBUF = 0x6f
                0x00000118                __UCB0I2COA = 0x118
                0x0000011a                __UCB0I2CSA = 0x11a
                0x000000d0                __UCA1CTL0 = 0xd0
                0x000000d1                __UCA1CTL1 = 0xd1
                0x000000d2                __UCA1BR0 = 0xd2
                0x000000d3                __UCA1BR1 = 0xd3
                0x000000d4                __UCA1MCTL = 0xd4
                0x000000d5                __UCA1STAT = 0xd5
                0x000000d6                __UCA1RXBUF = 0xd6
                0x000000d7                __UCA1TXBUF = 0xd7
                0x000000cd                __UCA1ABCTL = 0xcd
                0x000000ce                __UCA1IRTCTL = 0xce
                0x000000cf                __UCA1IRRCTL = 0xcf
                0x000000d8                __UCB1CTL0 = 0xd8
                0x000000d9                __UCB1CTL1 = 0xd9
                0x000000da                __UCB1BR0 = 0xda
                0x000000db                __UCB1BR1 = 0xdb
                0x000000dc                __UCB1I2CIE = 0xdc
                0x000000dd                __UCB1STAT = 0xdd
                0x000000de                __UCB1RXBUF = 0xde
                0x000000df                __UCB1TXBUF = 0xdf
                0x0000017c                __UCB1I2COA = 0x17c
                0x0000017e                __UCB1I2CSA = 0x17e
                0x00000120                __WDTCTL = 0x120
                0x000010c0                __TLV_CHECKSUM = 0x10c0
                0x000010f6                __TLV_DCO_30_TAG = 0x10f6
                0x000010f7                __TLV_DCO_30_LEN = 0x10f7
                0x000010da                __TLV_ADC12_1_TAG = 0x10da
                0x000010db                __TLV_ADC12_1_LEN = 0x10db
                0x000010f8                __CALDCO_16MHZ = 0x10f8
                0x000010f9                __CALBC1_16MHZ = 0x10f9
                0x000010fa                __CALDCO_12MHZ = 0x10fa
                0x000010fb                __CALBC1_12MHZ = 0x10fb
                0x000010fc                __CALDCO_8MHZ = 0x10fc
                0x000010fd                __CALBC1_8MHZ = 0x10fd
                0x000010fe                __CALDCO_1MHZ = 0x10fe
                0x000010ff                __CALBC1_1MHZ = 0x10ff

.hash
 *(.hash)

.dynsym
 *(.dynsym)

.dynstr
 *(.dynstr)

.gnu.version
 *(.gnu.version)

.gnu.version_d
 *(.gnu.version_d)

.gnu.version_r
 *(.gnu.version_r)

.rel.init
 *(.rel.init)

.rela.init
 *(.rela.init)

.rel.fini
 *(.rel.fini)

.rela.fini
 *(.rela.fini)

.rel.text
 *(.rel.text .rel.text.* .rel.gnu.linkonce.t.*)

.rela.text
 *(.rela.text .rela.text.* .rela.gnu.linkonce.t.*)

.rel.rodata
 *(.rel.rodata .rel.rodata.* .rel.gnu.linkonce.r.*)

.rela.rodata
 *(.rela.rodata .rela.rodata.* .rela.gnu.linkonce.r.*)

.rel.data
 *(.rel.data .rel.data.* .rel.gnu.linkonce.d.*)

.rela.data
 *(.rela.data .rela.data.* .rela.gnu.linkonce.d.*)

.rel.bss
 *(.rel.bss .rel.bss.* .rel.gnu.linkonce.b.*)

.rela.bss
 *(.rela.bss .rela.bss.* .rela.gnu.linkonce.b.*)

.rel.ctors
 *(.rel.ctors)

.rela.ctors
 *(.rela.ctors)

.rel.dtors
 *(.rel.dtors)

.rela.dtors
 *(.rela.dtors)

.rel.got
 *(.rel.got)

.rela.got
 *(.rela.got)

.rel.plt
 *(.rel.plt)

.rela.plt
 *(.rela.plt)

.text           0x00003100     0xaafc
                0x00003100                . = ALIGN (0x2)
 *(.init .init.*)
 *(.init0)
 .init0         0x00003100        0x0 /usr/local/bin/../lib/gcc/msp430/4.7.2/mcpu-430x/mmpy-16/msr20/mc20/libcrt0.a(_reset_vector__.o)
                0x00003100                _reset_vector__
 *(.init1)
 .init1         0x00003100        0xc /usr/local/bin/../lib/gcc/msp430/4.7.2/mcpu-430x/mmpy-16/msr20/mc20/libcrt0.a(__watchdog_support.o)
                0x00003100                __watchdog_support
 *(.init2)
 .init2         0x0000310c        0x4 /usr/local/bin/../lib/gcc/msp430/4.7.2/mcpu-430x/mmpy-16/msr20/mc20/libcrt0.a(__init_stack.o)
                0x0000310c                __init_stack
 *(.init3)
 .init3         0x00003110        0x0 /usr/local/bin/../lib/gcc/msp430/4.7.2/mcpu-430x/mmpy-16/msr20/mc20/libcrt0.a(__low_level_init.o)
                0x00003110                __low_level_init
 *(.init4)
 .init4         0x00003110       0x18 /usr/local/bin/../lib/gcc/msp430/4.7.2/mcpu-430x/mmpy-16/msr20/mc20/libcrt0.a(_copy_data.o)
                0x00003110                __do_copy_data
 .init4         0x00003128       0x16 /usr/local/bin/../lib/gcc/msp430/4.7.2/mcpu-430x/mmpy-16/msr20/mc20/libcrt0.a(_clear_bss.o)
                0x00003128                __do_clear_bss
 *(.init5)
 *(.init6)
 *(.init7)
 *(.init8)
 *(.init9)
 .init9         0x0000313e      0x354 obj_z1/contiki-z1-main.o
                0x0000313e                main
 *(.fini9)
 .fini9         0x00003492        0x0 /usr/local/bin/../lib/gcc/msp430/4.7.2/mcpu-430x/mmpy-16/msr20/mc20/libcrt0.a(__stop_progExec__.o)
                0x00003492                __stop_progExec__
 *(.fini8)
 *(.fini7)
 *(.fini6)
 *(.fini5)
 *(.fini4)
 *(.fini3)
 *(.fini2)
 *(.fini1)
 *(.fini0)
 .fini0         0x00003492        0x6 /usr/local/bin/../lib/gcc/msp430/4.7.2/mcpu-430x/mmpy-16/msr20/mc20/libcrt0.a(_endless_loop__.o)
                0x00003492                _endless_loop__
 *(.fini .fini.*)
                0x00003498                . = ALIGN (0x2)
                0x00003498                __ctors_start = .
 *(.ctors)
                0x00003498                __ctors_end = .
                0x00003498                __dtors_start = .
 *(.dtors)
                0x00003498                __dtors_end = .
                0x00003498                . = ALIGN (0x2)
 *(.text .text.* .gnu.linkonce.t.*)
 .text          0x00003498        0x4 /usr/local/bin/../lib/gcc/msp430/4.7.2/mcpu-430x/mmpy-16/msr20/mc20/crt0ivtbl32.o
                0x00003498                __isr_14
                0x00003498                __isr_4
                0x00003498                __isr_29
                0x00003498                __isr_11
                0x00003498                __isr_5
                0x00003498                __isr_2
                0x00003498                __isr_10
                0x00003498                __isr_7
                0x00003498                __isr_0
                0x00003498                __isr_28
                0x00003498                __isr_8
                0x00003498                __isr_20
                0x00003498                __isr_3
                0x00003498                __isr_12
                0x00003498                __isr_13
                0x00003498                __isr_27
                0x00003498                __isr_9
                0x00003498                __isr_30
                0x00003498                __isr_6
                0x00003498                __isr_22
                0x00003498                __isr_1
                0x00003498                __isr_15
                0x00003498                __isr_21
 .text.libgcc   0x0000349c       0x26 /usr/local/bin/../lib/gcc/msp430/4.7.2/mcpu-430x/mmpy-16/msr20/mc20/libgcc.a(_mulsi3.o)
                0x0000349c                __mulsi3
 .text.libgcc   0x000034c2       0x22 /usr/local/bin/../lib/gcc/msp430/4.7.2/mcpu-430x/mmpy-16/msr20/mc20/libgcc.a(_udivmod16.o)
                0x000034c2                __udivhi3
                0x000034c2                __ext_udivmod16
                0x000034dc                __umodhi3
 .text.libgcc   0x000034e4       0x3a /usr/local/bin/../lib/gcc/msp430/4.7.2/mcpu-430x/mmpy-16/msr20/mc20/libgcc.a(_divmod16.o)
                0x000034e4                __ext_divmod16
                0x000034e4                __divhi3
                0x00003516                __modhi3
 .text.libgcc   0x0000351e       0x38 /usr/local/bin/../lib/gcc/msp430/4.7.2/mcpu-430x/mmpy-16/msr20/mc20/libgcc.a(_udivmod32.o)
                0x0000351e                __udivsi3
                0x0000351e                __ext_udivmod32
                0x0000354c                __umodsi3
 .text.libgcc   0x00003556       0x4c /usr/local/bin/../lib/gcc/msp430/4.7.2/mcpu-430x/mmpy-16/msr20/mc20/libgcc.a(_divmod32.o)
                0x00003556                __ext_divmod32
                0x00003556                __divsi3
                0x00003598                __modsi3
 .text.libgcc   0x000035a2       0xbc /usr/local/bin/../lib/gcc/msp430/4.7.2/mcpu-430x/mmpy-16/msr20/mc20/libgcc.a(_udivmod64.o)
                0x000035a2                __xabi_udivmod64
                0x000035f4                __udivdi3
                0x0000360e                __umoddi3
                0x00003630                __udivmoddi4
 .text.crt0     0x0000365e        0x2 /usr/local/bin/../lib/gcc/msp430/4.7.2/mcpu-430x/mmpy-16/msr20/mc20/libcrt0.a(_unexpected_.o)
                0x0000365e                _unexpected_
 *(.near.text .near.text.*)
 .near.text.watchdog_interrupt
                0x00003660        0x6 contiki-z1.a(watchdog.o)
                0x00003660                __isr_26
                0x00003660                watchdog_interrupt
 .near.text.uart0_rx_interrupt
                0x00003666       0x64 contiki-z1.a(uart0.o)
                0x00003666                __isr_23
                0x00003666                uart0_rx_interrupt
 .near.text.port1_isr
                0x000036ca       0xbe contiki-z1.a(adxl345.o)
                0x000036ca                port1_isr
                0x000036ca                __isr_18
 .near.text.timera1
                0x00003788      0x10a contiki-z1.a(clock.o)
                0x00003788                __isr_24
                0x00003788                timera1
 .near.text.timera0
                0x00003892       0x5c contiki-z1.a(rtimer-arch.o)
                0x00003892                __isr_25
                0x00003892                timera0
 .near.text.i2c_tx_interrupt
                0x000038ee       0x84 contiki-z1.a(i2cmaster.o)
                0x000038ee                __isr_16
                0x000038ee                i2c_tx_interrupt
 .near.text.i2c_rx_interrupt
                0x00003972       0x14 contiki-z1.a(i2cmaster.o)
                0x00003972                i2c_rx_interrupt
                0x00003972                __isr_17
 .near.text.irq_p2
                0x00003986       0x76 contiki-z1.a(button-sensor.o)
                0x00003986                irq_p2
                0x00003986                __isr_19
 .any.text.process_thread_udp_client_process
                0x000039fc      0x164 udp-sender.co
 .any.text.collect_common_set_sink
                0x00003b60        0x2 udp-sender.co
                0x00003b60                collect_common_set_sink
 .any.text.collect_common_net_print
                0x00003b62       0x52 udp-sender.co
                0x00003b62                collect_common_net_print
 .any.text.collect_common_send
                0x00003bb4       0xf0 udp-sender.co
                0x00003bb4                collect_common_send
 .any.text.collect_common_net_init
                0x00003ca4        0xe udp-sender.co
                0x00003ca4                collect_common_net_init
 .any.text.process_thread_collect_common_process
                0x00003cb2      0x1c6 obj_z1/collect-common.o
 .any.text.collect_view_construct_message
                0x00003e78      0x128 contiki-z1.a(collect-view.o)
                0x00003e78                collect_view_construct_message
 .any.text.collect_view_arch_read_sensors
                0x00003fa0       0x32 contiki-z1.a(collect-view-z1)
                0x00003fa0                collect_view_arch_read_sensors
 .any.text.init_platform
                0x00003fd2        0xc contiki-z1.a(contiki-z1-plat)
                0x00003fd2                init_platform
 .any.text.msp430_init_dco
                0x00003fde       0x28 contiki-z1.a(msp430.o)
                0x00003fde                msp430_init_dco
 .any.text.splhigh_
                0x00004006        0x8 contiki-z1.a(msp430.o)
                0x00004006                splhigh_
 .any.text.msp430_sync_dco
                0x0000400e       0x6e contiki-z1.a(msp430.o)
                0x0000400e                msp430_sync_dco
 .any.text.msp430_cpu_init
                0x0000407c       0x2e contiki-z1.a(msp430.o)
                0x0000407c                msp430_cpu_init
 .any.text.show_leds
                0x000040aa       0xe8 contiki-z1.a(leds.o)
 .any.text.leds_init
                0x00004192        0xa contiki-z1.a(leds.o)
                0x00004192                leds_init
 .any.text.leds_on
                0x0000419c        0xa contiki-z1.a(leds.o)
                0x0000419c                leds_on
 .any.text.leds_off
                0x000041a6        0xe contiki-z1.a(leds.o)
                0x000041a6                leds_off
 .any.text.watchdog_start
                0x000041b4       0x14 contiki-z1.a(watchdog.o)
                0x000041b4                watchdog_start
 .any.text.watchdog_periodic
                0x000041c8       0x12 contiki-z1.a(watchdog.o)
                0x000041c8                watchdog_periodic
 .any.text.watchdog_stop
                0x000041da       0x16 contiki-z1.a(watchdog.o)
                0x000041da                watchdog_stop
 .any.text.watchdog_init
                0x000041f0       0x12 contiki-z1.a(watchdog.o)
                0x000041f0                watchdog_init
 .any.text.wait_ready
                0x00004202       0x46 contiki-z1.a(xmem.o)
 .any.text.xmem_init
                0x00004248       0x1e contiki-z1.a(xmem.o)
                0x00004248                xmem_init
 .any.text.xmem_pread
                0x00004266       0xc0 contiki-z1.a(xmem.o)
                0x00004266                xmem_pread
 .any.text.spi_init
                0x00004326       0x32 contiki-z1.a(spi.o)
                0x00004326                spi_init
 .any.text.get_object
                0x00004358        0x4 contiki-z1.a(cc2420.o)
 .any.text.set_object
                0x0000435c        0x4 contiki-z1.a(cc2420.o)
 .any.text.strobe
                0x00004360       0x1a contiki-z1.a(cc2420.o)
 .any.text.getreg
                0x0000437a       0x46 contiki-z1.a(cc2420.o)
 .any.text.setreg
                0x000043c0       0x44 contiki-z1.a(cc2420.o)
 .any.text.write_ram
                0x00004404       0x72 contiki-z1.a(cc2420.o)
 .any.text.write_fifo_buf
                0x00004476       0x38 contiki-z1.a(cc2420.o)
 .any.text.get_status
                0x000044ae       0x1e contiki-z1.a(cc2420.o)
 .any.text.set_txpower
                0x000044cc       0x24 contiki-z1.a(cc2420.o)
 .any.text.cc2420_receiving_packet
                0x000044f0        0xa contiki-z1.a(cc2420.o)
 .any.text.pending_packet
                0x000044fa        0xa contiki-z1.a(cc2420.o)
 .any.text.on   0x00004504       0x26 contiki-z1.a(cc2420.o)
 .any.text.wait_for_transmission
                0x0000452a       0x22 contiki-z1.a(cc2420.o)
 .any.text.wait_for_status
                0x0000454c       0x24 contiki-z1.a(cc2420.o)
 .any.text.getrxdata
                0x00004570       0x4c contiki-z1.a(cc2420.o)
 .any.text.flushrx
                0x000045bc       0x1a contiki-z1.a(cc2420.o)
 .any.text.off  0x000045d6       0x5a contiki-z1.a(cc2420.o)
 .any.text.RELEASE_LOCK
                0x00004630       0x28 contiki-z1.a(cc2420.o)
 .any.text.set_frame_filtering
                0x00004658       0x30 contiki-z1.a(cc2420.o)
 .any.text.set_auto_ack
                0x00004688       0x30 contiki-z1.a(cc2420.o)
 .any.text.set_poll_mode
                0x000046b8       0x2c contiki-z1.a(cc2420.o)
 .any.text.cc2420_prepare
                0x000046e4       0x38 contiki-z1.a(cc2420.o)
 .any.text.cc2420_on
                0x0000471c       0x22 contiki-z1.a(cc2420.o)
                0x0000471c                cc2420_on
 .any.text.cc2420_off
                0x0000473e       0x30 contiki-z1.a(cc2420.o)
                0x0000473e                cc2420_off
 .any.text.cc2420_cca
                0x0000476e       0x54 contiki-z1.a(cc2420.o)
 .any.text.cc2420_read
                0x000047c2       0xb8 contiki-z1.a(cc2420.o)
 .any.text.process_thread_cc2420_process
                0x0000487a       0x5c contiki-z1.a(cc2420.o)
 .any.text.cc2420_set_channel
                0x000048d6       0x3a contiki-z1.a(cc2420.o)
                0x000048d6                cc2420_set_channel
 .any.text.cc2420_set_pan_addr
                0x00004910       0x4c contiki-z1.a(cc2420.o)
                0x00004910                cc2420_set_pan_addr
 .any.text.cc2420_interrupt
                0x0000495c       0x16 contiki-z1.a(cc2420.o)
                0x0000495c                cc2420_interrupt
 .any.text.cc2420_set_txpower
                0x00004972        0xe contiki-z1.a(cc2420.o)
                0x00004972                cc2420_set_txpower
 .any.text.cc2420_get_txpower
                0x00004980       0x1e contiki-z1.a(cc2420.o)
                0x00004980                cc2420_get_txpower
 .any.text.cc2420_transmit
                0x0000499e      0x10e contiki-z1.a(cc2420.o)
 .any.text.cc2420_send
                0x00004aac       0x12 contiki-z1.a(cc2420.o)
 .any.text.cc2420_rssi
                0x00004abe       0x48 contiki-z1.a(cc2420.o)
                0x00004abe                cc2420_rssi
 .any.text.get_value
                0x00004b06      0x104 contiki-z1.a(cc2420.o)
 .any.text.cc2420_set_cca_threshold
                0x00004c0a       0x16 contiki-z1.a(cc2420.o)
                0x00004c0a                cc2420_set_cca_threshold
 .any.text.set_value
                0x00004c20       0xb2 contiki-z1.a(cc2420.o)
 .any.text.cc2420_init
                0x00004cd2       0xea contiki-z1.a(cc2420.o)
                0x00004cd2                cc2420_init
 .any.text.cc2420_arch_init
                0x00004dbc       0x1a contiki-z1.a(cc2420-arch.o)
                0x00004dbc                cc2420_arch_init
 .any.text.node_id_restore
                0x00004dd6       0x4c contiki-z1.a(node-id.o)
                0x00004dd6                node_id_restore
 .any.text.process_thread_sensors_process
                0x00004e22       0xc2 contiki-z1.a(sensors.o)
 .any.text.sensors_changed
                0x00004ee4       0x2a contiki-z1.a(sensors.o)
                0x00004ee4                sensors_changed
 .any.text.uart0_active
                0x00004f0e        0xe contiki-z1.a(uart0.o)
                0x00004f0e                uart0_active
 .any.text.uart0_set_input
                0x00004f1c        0x6 contiki-z1.a(uart0.o)
                0x00004f1c                uart0_set_input
 .any.text.uart0_writeb
                0x00004f22       0x16 contiki-z1.a(uart0.o)
                0x00004f22                uart0_writeb
 .any.text.uart0_init
                0x00004f38       0x4e contiki-z1.a(uart0.o)
                0x00004f38                uart0_init
 .any.text.putchar
                0x00004f86       0x10 contiki-z1.a(uart0-putchar.o)
                0x00004f86                putchar
 .any.text.status
                0x00004f96       0x12 contiki-z1.a(adxl345.o)
 .any.text.accm_write_reg
                0x00004fa8       0x2e contiki-z1.a(adxl345.o)
 .any.text.accm_write_stream
                0x00004fd6       0x2a contiki-z1.a(adxl345.o)
 .any.text.accm_read_reg
                0x00005000       0x54 contiki-z1.a(adxl345.o)
 .any.text.process_thread_accmeter_process
                0x00005054       0x56 contiki-z1.a(adxl345.o)
 .any.text.accm_read_axis.part.0
                0x000050aa       0x5a contiki-z1.a(adxl345.o)
 .any.text.value
                0x00005104       0x1e contiki-z1.a(adxl345.o)
 .any.text.accm_init
                0x00005122       0x78 contiki-z1.a(adxl345.o)
                0x00005122                accm_init
 .any.text.accm_stop
                0x0000519a       0x32 contiki-z1.a(adxl345.o)
                0x0000519a                accm_stop
 .any.text.configure
                0x000051cc       0x26 contiki-z1.a(adxl345.o)
 .any.text.status
                0x000051f2       0x12 contiki-z1.a(tmp102.o)
 .any.text.tmp102_init
                0x00005204       0x24 contiki-z1.a(tmp102.o)
                0x00005204                tmp102_init
 .any.text.tmp102_stop
                0x00005228        0xa contiki-z1.a(tmp102.o)
                0x00005228                tmp102_stop
 .any.text.configure
                0x00005232       0x26 contiki-z1.a(tmp102.o)
 .any.text.tmp102_read_reg
                0x00005258       0x5e contiki-z1.a(tmp102.o)
                0x00005258                tmp102_read_reg
 .any.text.tmp102_read_temp_raw
                0x000052b6        0x8 contiki-z1.a(tmp102.o)
                0x000052b6                tmp102_read_temp_raw
 .any.text.tmp102_read_temp_x100
                0x000052be       0x58 contiki-z1.a(tmp102.o)
                0x000052be                tmp102_read_temp_x100
 .any.text.value
                0x00005316        0x6 contiki-z1.a(tmp102.o)
 .any.text.clock_time
                0x0000531c       0x1a contiki-z1.a(clock.o)
                0x0000531c                clock_time
 .any.text.clock_init
                0x00005336       0x28 contiki-z1.a(clock.o)
                0x00005336                clock_init
 .any.text.clock_delay
                0x0000535e        0xc contiki-z1.a(clock.o)
                0x0000535e                clock_delay
 .any.text.clock_wait
                0x0000536a       0x24 contiki-z1.a(clock.o)
                0x0000536a                clock_wait
 .any.text.clock_seconds
                0x0000538e       0x1a contiki-z1.a(clock.o)
                0x0000538e                clock_seconds
 .any.text.leds_arch_init
                0x000053a8        0xe contiki-z1.a(leds-arch.o)
                0x000053a8                leds_arch_init
 .any.text.leds_arch_set
                0x000053b6       0x38 contiki-z1.a(leds-arch.o)
                0x000053b6                leds_arch_set
 .any.text.rtimer_arch_init
                0x000053ee        0xe contiki-z1.a(rtimer-arch.o)
                0x000053ee                rtimer_arch_init
 .any.text.rtimer_arch_now
                0x000053fc        0xe contiki-z1.a(rtimer-arch.o)
                0x000053fc                rtimer_arch_now
 .any.text.rtimer_arch_schedule
                0x0000540a        0x6 contiki-z1.a(rtimer-arch.o)
                0x0000540a                rtimer_arch_schedule
 .any.text.autostart_start
                0x00005410       0x16 contiki-z1.a(autostart.o)
                0x00005410                autostart_start
 .any.text.process_thread_ctimer_process
                0x00005426       0xa0 contiki-z1.a(ctimer.o)
 .any.text.ctimer_init
                0x000054c6       0x18 contiki-z1.a(ctimer.o)
                0x000054c6                ctimer_init
 .any.text.ctimer_set_with_process
                0x000054de       0x4a contiki-z1.a(ctimer.o)
                0x000054de                ctimer_set_with_process
 .any.text.ctimer_set
                0x00005528       0x10 contiki-z1.a(ctimer.o)
                0x00005528                ctimer_set
 .any.text.ctimer_reset
                0x00005538       0x2c contiki-z1.a(ctimer.o)
                0x00005538                ctimer_reset
 .any.text.ctimer_restart
                0x00005564       0x2c contiki-z1.a(ctimer.o)
                0x00005564                ctimer_restart
 .any.text.ctimer_stop
                0x00005590       0x28 contiki-z1.a(ctimer.o)
                0x00005590                ctimer_stop
 .any.text.energest_init
                0x000055b8       0x24 contiki-z1.a(energest.o)
                0x000055b8                energest_init
 .any.text.energest_type_time
                0x000055dc       0x3c contiki-z1.a(energest.o)
                0x000055dc                energest_type_time
 .any.text.energest_type_set
                0x00005618        0xc contiki-z1.a(energest.o)
                0x00005618                energest_type_set
 .any.text.energest_flush
                0x00005624       0x38 contiki-z1.a(energest.o)
                0x00005624                energest_flush
 .any.text.update_time
                0x0000565c       0x70 contiki-z1.a(etimer.o)
 .any.text.etimer_request_poll
                0x000056cc        0xa contiki-z1.a(etimer.o)
                0x000056cc                etimer_request_poll
 .any.text.process_thread_etimer_process
                0x000056d6       0xc4 contiki-z1.a(etimer.o)
 .any.text.add_timer
                0x0000579a       0x40 contiki-z1.a(etimer.o)
 .any.text.etimer_set
                0x000057da       0x12 contiki-z1.a(etimer.o)
                0x000057da                etimer_set
 .any.text.etimer_reset
                0x000057ec       0x12 contiki-z1.a(etimer.o)
                0x000057ec                etimer_reset
 .any.text.etimer_restart
                0x000057fe       0x12 contiki-z1.a(etimer.o)
                0x000057fe                etimer_restart
 .any.text.etimer_expired
                0x00005810        0xe contiki-z1.a(etimer.o)
                0x00005810                etimer_expired
 .any.text.etimer_expiration_time
                0x0000581e       0x14 contiki-z1.a(etimer.o)
                0x0000581e                etimer_expiration_time
 .any.text.etimer_pending
                0x00005832        0xc contiki-z1.a(etimer.o)
                0x00005832                etimer_pending
 .any.text.etimer_next_expiration_time
                0x0000583e       0x16 contiki-z1.a(etimer.o)
                0x0000583e                etimer_next_expiration_time
 .any.text.etimer_stop
                0x00005854       0x3e contiki-z1.a(etimer.o)
                0x00005854                etimer_stop
 .any.text.call_process
                0x00005892       0x40 contiki-z1.a(process.o)
 .any.text.exit_process
                0x000058d2       0x88 contiki-z1.a(process.o)
 .any.text.do_poll
                0x0000595a       0x30 contiki-z1.a(process.o)
 .any.text.process_alloc_event
                0x0000598a        0xe contiki-z1.a(process.o)
                0x0000598a                process_alloc_event
 .any.text.process_init
                0x00005998       0x1c contiki-z1.a(process.o)
                0x00005998                process_init
 .any.text.process_run
                0x000059b4       0x8c contiki-z1.a(process.o)
                0x000059b4                process_run
 .any.text.process_nevents
                0x00005a40        0xe contiki-z1.a(process.o)
                0x00005a40                process_nevents
 .any.text.process_post
                0x00005a4e       0x4a contiki-z1.a(process.o)
                0x00005a4e                process_post
 .any.text.process_post_synch
                0x00005a98       0x12 contiki-z1.a(process.o)
                0x00005a98                process_post_synch
 .any.text.process_start
                0x00005aaa       0x36 contiki-z1.a(process.o)
                0x00005aaa                process_start
 .any.text.process_poll
                0x00005ae0       0x18 contiki-z1.a(process.o)
                0x00005ae0                process_poll
 .any.text.rtimer_init
                0x00005af8        0x6 contiki-z1.a(rtimer.o)
                0x00005af8                rtimer_init
 .any.text.rtimer_set
                0x00005afe       0x24 contiki-z1.a(rtimer.o)
                0x00005afe                rtimer_set
 .any.text.rtimer_run_next
                0x00005b22       0x26 contiki-z1.a(rtimer.o)
                0x00005b22                rtimer_run_next
 .any.text.timer_set
                0x00005b48       0x1c contiki-z1.a(timer.o)
                0x00005b48                timer_set
 .any.text.timer_reset
                0x00005b64        0xe contiki-z1.a(timer.o)
                0x00005b64                timer_reset
 .any.text.timer_restart
                0x00005b72       0x14 contiki-z1.a(timer.o)
                0x00005b72                timer_restart
 .any.text.timer_expired
                0x00005b86       0x2a contiki-z1.a(timer.o)
                0x00005b86                timer_expired
 .any.text.process_thread_serial_line_process
                0x00005bb0       0x9e contiki-z1.a(serial-line.o)
 .any.text.serial_line_input_byte
                0x00005c4e       0x4a contiki-z1.a(serial-line.o)
                0x00005c4e                serial_line_input_byte
 .any.text.serial_line_init
                0x00005c98       0x1c contiki-z1.a(serial-line.o)
                0x00005c98                serial_line_init
 .any.text.list_init
                0x00005cb4        0x6 contiki-z1.a(list.o)
                0x00005cb4                list_init
 .any.text.list_head
                0x00005cba        0x4 contiki-z1.a(list.o)
                0x00005cba                list_head
 .any.text.list_tail
                0x00005cbe       0x12 contiki-z1.a(list.o)
                0x00005cbe                list_tail
 .any.text.list_remove
                0x00005cd0       0x34 contiki-z1.a(list.o)
                0x00005cd0                list_remove
 .any.text.list_push
                0x00005d04       0x16 contiki-z1.a(list.o)
                0x00005d04                list_push
 .any.text.list_add
                0x00005d1a       0x26 contiki-z1.a(list.o)
                0x00005d1a                list_add
 .any.text.list_length
                0x00005d40       0x10 contiki-z1.a(list.o)
                0x00005d40                list_length
 .any.text.list_item_next
                0x00005d50        0xc contiki-z1.a(list.o)
                0x00005d50                list_item_next
 .any.text.random_init
                0x00005d5c        0x6 contiki-z1.a(random.o)
                0x00005d5c                random_init
 .any.text.random_rand
                0x00005d62        0x6 contiki-z1.a(random.o)
                0x00005d62                random_rand
 .any.text.ringbuf_init
                0x00005d68       0x14 contiki-z1.a(ringbuf.o)
                0x00005d68                ringbuf_init
 .any.text.ringbuf_put
                0x00005d7c       0x38 contiki-z1.a(ringbuf.o)
                0x00005d7c                ringbuf_put
 .any.text.ringbuf_get
                0x00005db4       0x2e contiki-z1.a(ringbuf.o)
                0x00005db4                ringbuf_get
 .any.text.uip_ds6_list_loop
                0x00005de2       0x66 contiki-z1.a(uip-ds6.o)
                0x00005de2                uip_ds6_list_loop
 .any.text.uip_ds6_prefix_add
                0x00005e48       0x70 contiki-z1.a(uip-ds6.o)
                0x00005e48                uip_ds6_prefix_add
 .any.text.uip_ds6_is_addr_onlink
                0x00005eb8       0x42 contiki-z1.a(uip-ds6.o)
                0x00005eb8                uip_ds6_is_addr_onlink
 .any.text.uip_ds6_addr_lookup
                0x00005efa       0x2a contiki-z1.a(uip-ds6.o)
                0x00005efa                uip_ds6_addr_lookup
 .any.text.uip_ds6_get_link_local
                0x00005f24       0x3e contiki-z1.a(uip-ds6.o)
                0x00005f24                uip_ds6_get_link_local
 .any.text.uip_ds6_maddr_add
                0x00005f62       0x48 contiki-z1.a(uip-ds6.o)
                0x00005f62                uip_ds6_maddr_add
 .any.text.uip_ds6_addr_add
                0x00005faa       0xb4 contiki-z1.a(uip-ds6.o)
                0x00005faa                uip_ds6_addr_add
 .any.text.uip_ds6_maddr_rm
                0x0000605e        0xa contiki-z1.a(uip-ds6.o)
                0x0000605e                uip_ds6_maddr_rm
 .any.text.uip_ds6_maddr_lookup
                0x00006068       0x2a contiki-z1.a(uip-ds6.o)
                0x00006068                uip_ds6_maddr_lookup
 .any.text.uip_ds6_addr_rm
                0x00006092       0x54 contiki-z1.a(uip-ds6.o)
                0x00006092                uip_ds6_addr_rm
 .any.text.uip_ds6_periodic
                0x000060e6       0x46 contiki-z1.a(uip-ds6.o)
                0x000060e6                uip_ds6_periodic
 .any.text.uip_ds6_set_addr_iid
                0x0000612c       0x14 contiki-z1.a(uip-ds6.o)
                0x0000612c                uip_ds6_set_addr_iid
 .any.text.get_match_length
                0x00006140       0x3c contiki-z1.a(uip-ds6.o)
                0x00006140                get_match_length
 .any.text.uip_ds6_select_src
                0x0000617c       0x9a contiki-z1.a(uip-ds6.o)
                0x0000617c                uip_ds6_select_src
 .any.text.uip_ds6_compute_reachable_time
                0x00006216       0x36 contiki-z1.a(uip-ds6.o)
                0x00006216                uip_ds6_compute_reachable_time
 .any.text.uip_ds6_init
                0x0000624c      0x138 contiki-z1.a(uip-ds6.o)
                0x0000624c                uip_ds6_init
 .any.text.call_route_callback
                0x00006384       0x40 contiki-z1.a(uip-ds6-route.o)
 .any.text.uip_ds6_route_init
                0x000063c4       0x36 contiki-z1.a(uip-ds6-route.o)
                0x000063c4                uip_ds6_route_init
 .any.text.uip_ds6_route_nexthop
                0x000063fa       0x1a contiki-z1.a(uip-ds6-route.o)
                0x000063fa                uip_ds6_route_nexthop
 .any.text.uip_ds6_route_head
                0x00006414        0xa contiki-z1.a(uip-ds6-route.o)
                0x00006414                uip_ds6_route_head
 .any.text.uip_ds6_route_next
                0x0000641e        0xe contiki-z1.a(uip-ds6-route.o)
                0x0000641e                uip_ds6_route_next
 .any.text.uip_ds6_route_is_nexthop
                0x0000642c       0x22 contiki-z1.a(uip-ds6-route.o)
                0x0000642c                uip_ds6_route_is_nexthop
 .any.text.uip_ds6_route_lookup
                0x0000644e       0x6e contiki-z1.a(uip-ds6-route.o)
                0x0000644e                uip_ds6_route_lookup
 .any.text.uip_ds6_route_rm
                0x000064bc       0xa2 contiki-z1.a(uip-ds6-route.o)
                0x000064bc                uip_ds6_route_rm
 .any.text.rm_routelist
                0x0000655e       0x34 contiki-z1.a(uip-ds6-route.o)
 .any.text.rm_routelist_callback
                0x00006592        0x6 contiki-z1.a(uip-ds6-route.o)
 .any.text.uip_ds6_route_add
                0x00006598       0xfc contiki-z1.a(uip-ds6-route.o)
                0x00006598                uip_ds6_route_add
 .any.text.uip_ds6_defrt_rm
                0x00006694       0x44 contiki-z1.a(uip-ds6-route.o)
                0x00006694                uip_ds6_defrt_rm
 .any.text.uip_ds6_defrt_lookup
                0x000066d8       0x32 contiki-z1.a(uip-ds6-route.o)
                0x000066d8                uip_ds6_defrt_lookup
 .any.text.uip_ds6_defrt_add
                0x0000670a       0x68 contiki-z1.a(uip-ds6-route.o)
                0x0000670a                uip_ds6_defrt_add
 .any.text.uip_ds6_defrt_choose
                0x00006772       0x36 contiki-z1.a(uip-ds6-route.o)
                0x00006772                uip_ds6_defrt_choose
 .any.text.uip_ds6_defrt_periodic
                0x000067a8       0x38 contiki-z1.a(uip-ds6-route.o)
                0x000067a8                uip_ds6_defrt_periodic
 .any.text.chksum
                0x000067e0       0x32 contiki-z1.a(uip6.o)
 .any.text.upper_layer_chksum
                0x00006812       0x56 contiki-z1.a(uip6.o)
 .any.text.ext_hdr_options_process
                0x00006868       0xc2 contiki-z1.a(uip6.o)
 .any.text.uip_icmp6chksum
                0x0000692a        0xa contiki-z1.a(uip6.o)
                0x0000692a                uip_icmp6chksum
 .any.text.uip_udpchksum
                0x00006934        0xa contiki-z1.a(uip6.o)
                0x00006934                uip_udpchksum
 .any.text.uip_init
                0x0000693e       0x26 contiki-z1.a(uip6.o)
                0x0000693e                uip_init
 .any.text.remove_ext_hdr
                0x00006964       0x50 contiki-z1.a(uip6.o)
                0x00006964                remove_ext_hdr
 .any.text.uip_udp_new
                0x000069b4       0xa2 contiki-z1.a(uip6.o)
                0x000069b4                uip_udp_new
 .any.text.uip_process
                0x00006a56      0x48c contiki-z1.a(uip6.o)
                0x00006a56                uip_process
 .any.text.uip_htonl
                0x00006ee2       0x2a contiki-z1.a(uip6.o)
                0x00006ee2                uip_htonl
 .any.text.uip_ds6_nbr_rm
                0x00006f0c       0x1e contiki-z1.a(uip-ds6-nbr.o)
                0x00006f0c                uip_ds6_nbr_rm
 .any.text.uip_ds6_neighbors_init
                0x00006f2a       0x12 contiki-z1.a(uip-ds6-nbr.o)
                0x00006f2a                uip_ds6_neighbors_init
 .any.text.uip_ds6_nbr_add
                0x00006f3c       0x36 contiki-z1.a(uip-ds6-nbr.o)
                0x00006f3c                uip_ds6_nbr_add
 .any.text.uip_ds6_nbr_get_ll
                0x00006f72        0xc contiki-z1.a(uip-ds6-nbr.o)
                0x00006f72                uip_ds6_nbr_get_ll
 .any.text.uip_ds6_nbr_num
                0x00006f7e       0x24 contiki-z1.a(uip-ds6-nbr.o)
                0x00006f7e                uip_ds6_nbr_num
 .any.text.uip_ds6_nbr_lookup
                0x00006fa2       0x3e contiki-z1.a(uip-ds6-nbr.o)
                0x00006fa2                uip_ds6_nbr_lookup
 .any.text.uip_ds6_nbr_ll_lookup
                0x00006fe0        0xc contiki-z1.a(uip-ds6-nbr.o)
                0x00006fe0                uip_ds6_nbr_ll_lookup
 .any.text.uip_ds6_nbr_ipaddr_from_lladdr
                0x00006fec        0x6 contiki-z1.a(uip-ds6-nbr.o)
                0x00006fec                uip_ds6_nbr_ipaddr_from_lladdr
 .any.text.uip_ds6_nbr_lladdr_from_ipaddr
                0x00006ff2       0x12 contiki-z1.a(uip-ds6-nbr.o)
                0x00006ff2                uip_ds6_nbr_lladdr_from_ipaddr
 .any.text.uip_ds6_link_neighbor_callback
                0x00007004       0x32 contiki-z1.a(uip-ds6-nbr.o)
                0x00007004                uip_ds6_link_neighbor_callback
 .any.text.ns_input
                0x00007036      0x264 contiki-z1.a(uip-nd6.o)
 .any.text.uip_nd6_init
                0x0000729a        0xa contiki-z1.a(uip-nd6.o)
                0x0000729a                uip_nd6_init
 .any.text.set_packet_attrs
                0x000072a4       0x46 contiki-z1.a(sicslowpan.o)
 .any.text.addr_context_lookup_by_number
                0x000072ea       0x30 contiki-z1.a(sicslowpan.o)
 .any.text.compress_addr_64
                0x0000731a       0x9a contiki-z1.a(sicslowpan.o)
 .any.text.uncompress_addr
                0x000073b4       0x96 contiki-z1.a(sicslowpan.o)
 .any.text.sicslowpan_init
                0x0000744a       0x24 contiki-z1.a(sicslowpan.o)
                0x0000744a                sicslowpan_init
 .any.text.addr_context_lookup_by_prefix
                0x0000746e       0x4a contiki-z1.a(sicslowpan.o)
 .any.text.packet_sent
                0x000074b8       0x22 contiki-z1.a(sicslowpan.o)
 .any.text.input
                0x000074da      0x41c contiki-z1.a(sicslowpan.o)
 .any.text.output
                0x000078f6      0x52a contiki-z1.a(sicslowpan.o)
 .any.text.uip_udp_packet_send
                0x00007e20       0x2a contiki-z1.a(uip-udp-packet.)
                0x00007e20                uip_udp_packet_send
 .any.text.uip_udp_packet_sendto
                0x00007e4a       0x56 contiki-z1.a(uip-udp-packet.)
                0x00007e4a                uip_udp_packet_sendto
 .any.text.tcpip_output
                0x00007ea0       0x10 contiki-z1.a(tcpip.o)
                0x00007ea0                tcpip_output
 .any.text.tcpip_set_outputfunc
                0x00007eb0        0x6 contiki-z1.a(tcpip.o)
                0x00007eb0                tcpip_set_outputfunc
 .any.text.udp_new
                0x00007eb6       0x1a contiki-z1.a(tcpip.o)
                0x00007eb6                udp_new
 .any.text.tcpip_input
                0x00007ed0       0x16 contiki-z1.a(tcpip.o)
                0x00007ed0                tcpip_input
 .any.text.tcpip_ipv6_output
                0x00007ee6       0xcc contiki-z1.a(tcpip.o)
                0x00007ee6                tcpip_ipv6_output
 .any.text.process_thread_tcpip_process
                0x00007fb2       0xd0 contiki-z1.a(tcpip.o)
 .any.text.tcpip_uipcall
                0x00008082       0x2a contiki-z1.a(tcpip.o)
                0x00008082                tcpip_uipcall
 .any.text.uip_debug_ipaddr_print
                0x000080ac       0xbc contiki-z1.a(uip-debug.o)
                0x000080ac                uip_debug_ipaddr_print
 .any.text.lollipop_greater_than
                0x00008168       0x3c contiki-z1.a(rpl-dag.o)
 .any.text.find_parent_any_dag_any_instance
                0x000081a4       0x14 contiki-z1.a(rpl-dag.o)
 .any.text.set_ip_from_prefix
                0x000081b8       0x30 contiki-z1.a(rpl-dag.o)
 .any.text.check_prefix
                0x000081e8       0xa4 contiki-z1.a(rpl-dag.o)
 .any.text.add_nbr_from_dio
                0x0000828c       0x32 contiki-z1.a(rpl-dag.o)
 .any.text.rpl_dag_init
                0x000082be        0xe contiki-z1.a(rpl-dag.o)
                0x000082be                rpl_dag_init
 .any.text.rpl_get_parent
                0x000082cc        0xc contiki-z1.a(rpl-dag.o)
                0x000082cc                rpl_get_parent
 .any.text.rpl_get_parent_rank
                0x000082d8       0x18 contiki-z1.a(rpl-dag.o)
                0x000082d8                rpl_get_parent_rank
 .any.text.rpl_get_parent_link_metric
                0x000082f0       0x2a contiki-z1.a(rpl-dag.o)
                0x000082f0                rpl_get_parent_link_metric
 .any.text.rpl_rank_via_parent
                0x0000831a       0x2a contiki-z1.a(rpl-dag.o)
                0x0000831a                rpl_rank_via_parent
 .any.text.rpl_get_parent_lladdr
                0x00008344        0xc contiki-z1.a(rpl-dag.o)
                0x00008344                rpl_get_parent_lladdr
 .any.text.rpl_get_parent_ipaddr
                0x00008350        0xa contiki-z1.a(rpl-dag.o)
                0x00008350                rpl_get_parent_ipaddr
 .any.text.rpl_set_preferred_parent
                0x0000835a       0x80 contiki-z1.a(rpl-dag.o)
 .any.text.rpl_get_parent_link_stats
                0x000083da        0xa contiki-z1.a(rpl-dag.o)
                0x000083da                rpl_get_parent_link_stats
 .any.text.rpl_print_neighbor_list
                0x000083e4      0x10e contiki-z1.a(rpl-dag.o)
                0x000083e4                rpl_print_neighbor_list
 .any.text.rpl_parent_is_fresh
                0x000084f2        0xa contiki-z1.a(rpl-dag.o)
                0x000084f2                rpl_parent_is_fresh
 .any.text.best_parent
                0x000084fc       0x84 contiki-z1.a(rpl-dag.o)
 .any.text.rpl_parent_is_reachable
                0x00008580       0x4a contiki-z1.a(rpl-dag.o)
                0x00008580                rpl_parent_is_reachable
 .any.text.rpl_set_prefix
                0x000085ca       0x8e contiki-z1.a(rpl-dag.o)
                0x000085ca                rpl_set_prefix
 .any.text.rpl_set_default_route
                0x00008658       0x70 contiki-z1.a(rpl-dag.o)
                0x00008658                rpl_set_default_route
 .any.text.rpl_alloc_instance
                0x000086c8       0x3e contiki-z1.a(rpl-dag.o)
                0x000086c8                rpl_alloc_instance
 .any.text.rpl_add_parent
                0x00008706       0x66 contiki-z1.a(rpl-dag.o)
                0x00008706                rpl_add_parent
 .any.text.rpl_find_parent
                0x0000876c       0x1a contiki-z1.a(rpl-dag.o)
                0x0000876c                rpl_find_parent
 .any.text.rpl_find_parent_any_dag
                0x00008786       0x22 contiki-z1.a(rpl-dag.o)
                0x00008786                rpl_find_parent_any_dag
 .any.text.rpl_select_parent
                0x000087a8       0x62 contiki-z1.a(rpl-dag.o)
                0x000087a8                rpl_select_parent
 .any.text.rpl_select_dag
                0x0000880a      0x1e4 contiki-z1.a(rpl-dag.o)
                0x0000880a                rpl_select_dag
 .any.text.rpl_nullify_parent
                0x000089ee       0x9a contiki-z1.a(rpl-dag.o)
                0x000089ee                rpl_nullify_parent
 .any.text.rpl_remove_parent
                0x00008a88       0x34 contiki-z1.a(rpl-dag.o)
                0x00008a88                rpl_remove_parent
 .any.text.nbr_callback
                0x00008abc        0x6 contiki-z1.a(rpl-dag.o)
 .any.text.remove_parents.constprop.4
                0x00008ac2       0x38 contiki-z1.a(rpl-dag.o)
 .any.text.rpl_free_dag
                0x00008afa       0x5c contiki-z1.a(rpl-dag.o)
                0x00008afa                rpl_free_dag
 .any.text.rpl_move_parent
                0x00008b56       0xa6 contiki-z1.a(rpl-dag.o)
                0x00008b56                rpl_move_parent
 .any.text.rpl_get_dag
                0x00008bfc       0xae contiki-z1.a(rpl-dag.o)
                0x00008bfc                rpl_get_dag
 .any.text.rpl_get_any_dag
                0x00008caa       0x26 contiki-z1.a(rpl-dag.o)
                0x00008caa                rpl_get_any_dag
 .any.text.rpl_get_instance
                0x00008cd0       0x3e contiki-z1.a(rpl-dag.o)
                0x00008cd0                rpl_get_instance
 .any.text.rpl_alloc_dag
                0x00008d0e       0x60 contiki-z1.a(rpl-dag.o)
                0x00008d0e                rpl_alloc_dag
 .any.text.rpl_repair_root
                0x00008d6e       0x70 contiki-z1.a(rpl-dag.o)
                0x00008d6e                rpl_repair_root
 .any.text.rpl_find_of
                0x00008dde       0x10 contiki-z1.a(rpl-dag.o)
                0x00008dde                rpl_find_of
 .any.text.rpl_local_repair
                0x00008dee       0xa2 contiki-z1.a(rpl-dag.o)
                0x00008dee                rpl_local_repair
 .any.text.rpl_process_parent_event
                0x00008e90      0x17c contiki-z1.a(rpl-dag.o)
                0x00008e90                rpl_process_parent_event
 .any.text.rpl_recalculate_ranks
                0x0000900c       0x5a contiki-z1.a(rpl-dag.o)
                0x0000900c                rpl_recalculate_ranks
 .any.text.rpl_add_dag
                0x00009066      0x17c contiki-z1.a(rpl-dag.o)
                0x00009066                rpl_add_dag
 .any.text.rpl_process_dio
                0x000091e2      0x44c contiki-z1.a(rpl-dag.o)
                0x000091e2                rpl_process_dio
 .any.text.handle_unicast_dio_timer
                0x0000962e       0x1c contiki-z1.a(rpl-timers.o)
 .any.text.new_dio_interval
                0x0000964a       0x8a contiki-z1.a(rpl-timers.o)
 .any.text.set_dao_lifetime_timer
                0x000096d4       0x7e contiki-z1.a(rpl-timers.o)
 .any.text.handle_periodic_timer
                0x00009752       0x50 contiki-z1.a(rpl-timers.o)
 .any.text.schedule_dao
                0x000097a2       0x72 contiki-z1.a(rpl-timers.o)
 .any.text.handle_dio_timer
                0x00009814       0x88 contiki-z1.a(rpl-timers.o)
 .any.text.handle_dao_timer
                0x0000989c       0x64 contiki-z1.a(rpl-timers.o)
 .any.text.rpl_reset_periodic_timer
                0x00009900       0x54 contiki-z1.a(rpl-timers.o)
                0x00009900                rpl_reset_periodic_timer
 .any.text.rpl_reset_dio_timer
                0x00009954       0x18 contiki-z1.a(rpl-timers.o)
                0x00009954                rpl_reset_dio_timer
 .any.text.rpl_schedule_dao
                0x0000996c        0xc contiki-z1.a(rpl-timers.o)
                0x0000996c                rpl_schedule_dao
 .any.text.rpl_schedule_unicast_dio_immediately
                0x00009978       0x16 contiki-z1.a(rpl-timers.o)
                0x00009978                rpl_schedule_unicast_dio_immediately
 .any.text.get_probing_delay
                0x0000998e       0x40 contiki-z1.a(rpl-timers.o)
                0x0000998e                get_probing_delay
 .any.text.get_probing_target
                0x000099ce       0xe2 contiki-z1.a(rpl-timers.o)
                0x000099ce                get_probing_target
 .any.text.rpl_schedule_probing
                0x00009ab0       0x26 contiki-z1.a(rpl-timers.o)
                0x00009ab0                rpl_schedule_probing
 .any.text.handle_probing_timer
                0x00009ad6       0x34 contiki-z1.a(rpl-timers.o)
 .any.text.update_hbh_header
                0x00009b0a       0xcc contiki-z1.a(rpl-ext-header.)
 .any.text.insert_hbh_header
                0x00009bd6       0x94 contiki-z1.a(rpl-ext-header.)
 .any.text.rpl_verify_hbh_header
                0x00009c6a       0xf4 contiki-z1.a(rpl-ext-header.)
                0x00009c6a                rpl_verify_hbh_header
 .any.text.rpl_remove_header
                0x00009d5e       0x76 contiki-z1.a(rpl-ext-header.)
                0x00009d5e                rpl_remove_header
 .any.text.rpl_update_header
                0x00009dd4       0x60 contiki-z1.a(rpl-ext-header.)
                0x00009dd4                rpl_update_header
 .any.text.rpl_get_mode
                0x00009e34        0x6 contiki-z1.a(rpl.o)
                0x00009e34                rpl_get_mode
 .any.text.rpl_purge_routes
                0x00009e3a       0x94 contiki-z1.a(rpl.o)
                0x00009e3a                rpl_purge_routes
 .any.text.rpl_remove_routes
                0x00009ece       0x22 contiki-z1.a(rpl.o)
                0x00009ece                rpl_remove_routes
 .any.text.rpl_remove_routes_by_nexthop
                0x00009ef0       0x3e contiki-z1.a(rpl.o)
                0x00009ef0                rpl_remove_routes_by_nexthop
 .any.text.rpl_add_route
                0x00009f2e       0x5c contiki-z1.a(rpl.o)
                0x00009f2e                rpl_add_route
 .any.text.rpl_link_neighbor_callback
                0x00009f8a       0x5c contiki-z1.a(rpl.o)
                0x00009f8a                rpl_link_neighbor_callback
 .any.text.rpl_ipv6_neighbor_callback
                0x00009fe6       0x30 contiki-z1.a(rpl.o)
                0x00009fe6                rpl_ipv6_neighbor_callback
 .any.text.rpl_purge_dags
                0x0000a016       0x70 contiki-z1.a(rpl.o)
                0x0000a016                rpl_purge_dags
 .any.text.rpl_init
                0x0000a086       0x44 contiki-z1.a(rpl.o)
                0x0000a086                rpl_init
 .any.text.reset
                0x0000a0ca        0x2 contiki-z1.a(rpl-mrhof.o)
 .any.text.update_metric_container
                0x0000a0cc        0x6 contiki-z1.a(rpl-mrhof.o)
 .any.text.parent_link_metric
                0x0000a0d2       0x10 contiki-z1.a(rpl-mrhof.o)
 .any.text.parent_has_usable_link
                0x0000a0e2       0x14 contiki-z1.a(rpl-mrhof.o)
 .any.text.best_dag
                0x0000a0f6       0x2e contiki-z1.a(rpl-mrhof.o)
 .any.text.parent_path_cost
                0x0000a124       0x40 contiki-z1.a(rpl-mrhof.o)
 .any.text.parent_is_acceptable
                0x0000a164       0x2a contiki-z1.a(rpl-mrhof.o)
 .any.text.rank_via_parent
                0x0000a18e       0x4e contiki-z1.a(rpl-mrhof.o)
 .any.text.best_parent
                0x0000a1dc       0x76 contiki-z1.a(rpl-mrhof.o)
 .any.text.get32
                0x0000a252       0x3e contiki-z1.a(rpl-icmp6.o)
 .any.text.set32
                0x0000a290       0x2a contiki-z1.a(rpl-icmp6.o)
 .any.text.get16
                0x0000a2ba        0xe contiki-z1.a(rpl-icmp6.o)
 .any.text.set16
                0x0000a2c8       0x10 contiki-z1.a(rpl-icmp6.o)
 .any.text.dao_ack_input
                0x0000a2d8        0xa contiki-z1.a(rpl-icmp6.o)
 .any.text.dio_input
                0x0000a2e2      0x280 contiki-z1.a(rpl-icmp6.o)
 .any.text.rpl_icmp6_update_nbr_table
                0x0000a562       0x28 contiki-z1.a(rpl-icmp6.o)
                0x0000a562                rpl_icmp6_update_nbr_table
 .any.text.dao_input
                0x0000a58a      0x2c2 contiki-z1.a(rpl-icmp6.o)
 .any.text.dis_output
                0x0000a84c       0x50 contiki-z1.a(rpl-icmp6.o)
                0x0000a84c                dis_output
 .any.text.dio_output
                0x0000a89c      0x24c contiki-z1.a(rpl-icmp6.o)
                0x0000a89c                dio_output
 .any.text.dis_input
                0x0000aae8       0x4c contiki-z1.a(rpl-icmp6.o)
 .any.text.dao_output_target
                0x0000ab34       0xf6 contiki-z1.a(rpl-icmp6.o)
                0x0000ab34                dao_output_target
 .any.text.dao_output
                0x0000ac2a       0x9e contiki-z1.a(rpl-icmp6.o)
                0x0000ac2a                dao_output
 .any.text.rpl_icmp6_register_handlers
                0x0000acc8       0x22 contiki-z1.a(rpl-icmp6.o)
                0x0000acc8                rpl_icmp6_register_handlers
 .any.text.queuebuf_init
                0x0000acea       0x12 contiki-z1.a(queuebuf.o)
                0x0000acea                queuebuf_init
 .any.text.queuebuf_new_from_packetbuf
                0x0000acfc       0x4e contiki-z1.a(queuebuf.o)
                0x0000acfc                queuebuf_new_from_packetbuf
 .any.text.queuebuf_update_attr_from_packetbuf
                0x0000ad4a       0x12 contiki-z1.a(queuebuf.o)
                0x0000ad4a                queuebuf_update_attr_from_packetbuf
 .any.text.queuebuf_update_from_packetbuf
                0x0000ad5c       0x22 contiki-z1.a(queuebuf.o)
                0x0000ad5c                queuebuf_update_from_packetbuf
 .any.text.queuebuf_free
                0x0000ad7e       0x2a contiki-z1.a(queuebuf.o)
                0x0000ad7e                queuebuf_free
 .any.text.queuebuf_to_packetbuf
                0x0000ada8       0x32 contiki-z1.a(queuebuf.o)
                0x0000ada8                queuebuf_to_packetbuf
 .any.text.queuebuf_attr
                0x0000adda        0xe contiki-z1.a(queuebuf.o)
                0x0000adda                queuebuf_attr
 .any.text.key_from_index
                0x0000ade8       0x18 contiki-z1.a(nbr-table.o)
 .any.text.item_from_index
                0x0000ae00       0x2a contiki-z1.a(nbr-table.o)
 .any.text.index_from_key
                0x0000ae2a       0x26 contiki-z1.a(nbr-table.o)
 .any.text.index_from_item
                0x0000ae50       0x1e contiki-z1.a(nbr-table.o)
 .any.text.nbr_set_bit
                0x0000ae6e       0x50 contiki-z1.a(nbr-table.o)
 .any.text.index_from_lladdr
                0x0000aebe       0x3e contiki-z1.a(nbr-table.o)
 .any.text.nbr_get_bit.constprop.0
                0x0000aefc       0x2c contiki-z1.a(nbr-table.o)
 .any.text.remove_key
                0x0000af28       0x56 contiki-z1.a(nbr-table.o)
 .any.text.nbr_table_register
                0x0000af7e       0x26 contiki-z1.a(nbr-table.o)
                0x0000af7e                nbr_table_register
 .any.text.nbr_table_next
                0x0000afa4       0x3a contiki-z1.a(nbr-table.o)
                0x0000afa4                nbr_table_next
 .any.text.nbr_table_head
                0x0000afde       0x36 contiki-z1.a(nbr-table.o)
                0x0000afde                nbr_table_head
 .any.text.nbr_table_add_lladdr
                0x0000b014       0xfc contiki-z1.a(nbr-table.o)
                0x0000b014                nbr_table_add_lladdr
 .any.text.nbr_table_get_from_lladdr
                0x0000b110       0x28 contiki-z1.a(nbr-table.o)
                0x0000b110                nbr_table_get_from_lladdr
 .any.text.nbr_table_remove
                0x0000b138       0x2a contiki-z1.a(nbr-table.o)
                0x0000b138                nbr_table_remove
 .any.text.nbr_table_lock
                0x0000b162       0x10 contiki-z1.a(nbr-table.o)
                0x0000b162                nbr_table_lock
 .any.text.nbr_table_unlock
                0x0000b172       0x10 contiki-z1.a(nbr-table.o)
                0x0000b172                nbr_table_unlock
 .any.text.nbr_table_get_lladdr
                0x0000b182       0x14 contiki-z1.a(nbr-table.o)
                0x0000b182                nbr_table_get_lladdr
 .any.text.nbr_table_update_lladdr
                0x0000b196       0x48 contiki-z1.a(nbr-table.o)
                0x0000b196                nbr_table_update_lladdr
 .any.text.packetbuf_hdrreduce
                0x0000b1de       0x1a contiki-z1.a(packetbuf.o)
                0x0000b1de                packetbuf_hdrreduce
 .any.text.packetbuf_set_datalen
                0x0000b1f8        0x6 contiki-z1.a(packetbuf.o)
                0x0000b1f8                packetbuf_set_datalen
 .any.text.packetbuf_hdrptr
                0x0000b1fe        0x6 contiki-z1.a(packetbuf.o)
                0x0000b1fe                packetbuf_hdrptr
 .any.text.packetbuf_datalen
                0x0000b204        0x6 contiki-z1.a(packetbuf.o)
                0x0000b204                packetbuf_datalen
 .any.text.packetbuf_hdrlen
                0x0000b20a        0xa contiki-z1.a(packetbuf.o)
                0x0000b20a                packetbuf_hdrlen
 .any.text.packetbuf_dataptr
                0x0000b214        0xc contiki-z1.a(packetbuf.o)
                0x0000b214                packetbuf_dataptr
 .any.text.packetbuf_copyto
                0x0000b220       0x3a contiki-z1.a(packetbuf.o)
                0x0000b220                packetbuf_copyto
 .any.text.packetbuf_totlen
                0x0000b25a        0xc contiki-z1.a(packetbuf.o)
                0x0000b25a                packetbuf_totlen
 .any.text.packetbuf_hdralloc
                0x0000b266       0x3c contiki-z1.a(packetbuf.o)
                0x0000b266                packetbuf_hdralloc
 .any.text.packetbuf_attr_clear
                0x0000b2a2       0x28 contiki-z1.a(packetbuf.o)
                0x0000b2a2                packetbuf_attr_clear
 .any.text.packetbuf_clear
                0x0000b2ca       0x12 contiki-z1.a(packetbuf.o)
                0x0000b2ca                packetbuf_clear
 .any.text.packetbuf_copyfrom
                0x0000b2dc       0x2a contiki-z1.a(packetbuf.o)
                0x0000b2dc                packetbuf_copyfrom
 .any.text.packetbuf_attr_copyto
                0x0000b306       0x22 contiki-z1.a(packetbuf.o)
                0x0000b306                packetbuf_attr_copyto
 .any.text.packetbuf_attr_copyfrom
                0x0000b328       0x24 contiki-z1.a(packetbuf.o)
                0x0000b328                packetbuf_attr_copyfrom
 .any.text.packetbuf_holds_broadcast
                0x0000b34c        0xe contiki-z1.a(packetbuf.o)
                0x0000b34c                packetbuf_holds_broadcast
 .any.text.linkaddr_copy
                0x0000b35a        0x8 contiki-z1.a(linkaddr.o)
                0x0000b35a                linkaddr_copy
 .any.text.linkaddr_cmp
                0x0000b362       0x12 contiki-z1.a(linkaddr.o)
                0x0000b362                linkaddr_cmp
 .any.text.linkaddr_set_node_addr
                0x0000b374        0xc contiki-z1.a(linkaddr.o)
                0x0000b374                linkaddr_set_node_addr
 .any.text.periodic
                0x0000b380       0x2c contiki-z1.a(link-stats.o)
 .any.text.link_stats_from_lladdr
                0x0000b3ac        0xc contiki-z1.a(link-stats.o)
                0x0000b3ac                link_stats_from_lladdr
 .any.text.link_stats_is_fresh
                0x0000b3b8       0x32 contiki-z1.a(link-stats.o)
                0x0000b3b8                link_stats_is_fresh
 .any.text.link_stats_packet_sent
                0x0000b3ea       0xc4 contiki-z1.a(link-stats.o)
                0x0000b3ea                link_stats_packet_sent
 .any.text.link_stats_input_callback
                0x0000b4ae       0xa6 contiki-z1.a(link-stats.o)
                0x0000b4ae                link_stats_input_callback
 .any.text.link_stats_init
                0x0000b554       0x22 contiki-z1.a(link-stats.o)
                0x0000b554                link_stats_init
 .any.text.create_frame.isra.0
                0x0000b576      0x114 contiki-z1.a(framer-802154.o)
 .any.text.create
                0x0000b68a        0x8 contiki-z1.a(framer-802154.o)
 .any.text.hdr_length
                0x0000b692        0x8 contiki-z1.a(framer-802154.o)
 .any.text.parse
                0x0000b69a       0x9a contiki-z1.a(framer-802154.o)
 .any.text.input_packet
                0x0000b734        0x6 contiki-z1.a(csma.o)
 .any.text.on   0x0000b73a        0x6 contiki-z1.a(csma.o)
 .any.text.off  0x0000b740        0x6 contiki-z1.a(csma.o)
 .any.text.channel_check_interval
                0x0000b746       0x10 contiki-z1.a(csma.o)
 .any.text.transmit_packet_list
                0x0000b756       0x24 contiki-z1.a(csma.o)
 .any.text.schedule_transmission
                0x0000b77a       0x84 contiki-z1.a(csma.o)
 .any.text.init
                0x0000b7fe       0x1a contiki-z1.a(csma.o)
 .any.text.tx_done
                0x0000b818       0x86 contiki-z1.a(csma.o)
 .any.text.send_packet
                0x0000b89e      0x158 contiki-z1.a(csma.o)
 .any.text.packet_sent
                0x0000b9f6       0xca contiki-z1.a(csma.o)
 .any.text.frame802154_get_pan_id
                0x0000bac0        0x6 contiki-z1.a(frame802154.o)
                0x0000bac0                frame802154_get_pan_id
 .any.text.frame802154_has_panid
                0x0000bac6       0xe0 contiki-z1.a(frame802154.o)
                0x0000bac6                frame802154_has_panid
 .any.text.field_len
                0x0000bba6       0xa8 contiki-z1.a(frame802154.o)
 .any.text.frame802154_is_broadcast_addr
                0x0000bc4e       0x28 contiki-z1.a(frame802154.o)
                0x0000bc4e                frame802154_is_broadcast_addr
 .any.text.frame802154_hdrlen
                0x0000bc76       0x32 contiki-z1.a(frame802154.o)
                0x0000bc76                frame802154_hdrlen
 .any.text.frame802154_create_fcf
                0x0000bca8       0x6e contiki-z1.a(frame802154.o)
                0x0000bca8                frame802154_create_fcf
 .any.text.frame802154_create
                0x0000bd16       0xd4 contiki-z1.a(frame802154.o)
                0x0000bd16                frame802154_create
 .any.text.frame802154_parse_fcf
                0x0000bdea       0x8c contiki-z1.a(frame802154.o)
                0x0000bdea                frame802154_parse_fcf
 .any.text.frame802154_parse
                0x0000be76      0x15c contiki-z1.a(frame802154.o)
                0x0000be76                frame802154_parse
 .any.text.mac_call_sent_callback
                0x0000bfd2       0x14 contiki-z1.a(mac.o)
                0x0000bfd2                mac_call_sent_callback
 .any.text.duty_cycle
                0x0000bfe6        0x6 contiki-z1.a(contikimac.o)
 .any.text.init
                0x0000bfec       0x2a contiki-z1.a(contikimac.o)
 .any.text.on   0x0000c016       0x1a contiki-z1.a(contikimac.o)
 .any.text.off  0x0000c030       0x22 contiki-z1.a(contikimac.o)
 .any.text.recv_burst_off
                0x0000c052        0xa contiki-z1.a(contikimac.o)
 .any.text.powercycle_turn_radio_off
                0x0000c05c       0x14 contiki-z1.a(contikimac.o)
 .any.text.turn_off
                0x0000c070       0x20 contiki-z1.a(contikimac.o)
 .any.text.turn_on
                0x0000c090       0x30 contiki-z1.a(contikimac.o)
 .any.text.schedule_powercycle_fixed.part.5
                0x0000c0c0       0x40 contiki-z1.a(contikimac.o)
 .any.text.input_packet
                0x0000c100      0x114 contiki-z1.a(contikimac.o)
 .any.text.send_packet.isra.8
                0x0000c214      0x2ae contiki-z1.a(contikimac.o)
 .any.text.qsend_list
                0x0000c4c2       0xc6 contiki-z1.a(contikimac.o)
 .any.text.qsend_packet
                0x0000c588       0x28 contiki-z1.a(contikimac.o)
 .any.text.powercycle_wrapper
                0x0000c5b0      0x1ce contiki-z1.a(contikimac.o)
 .any.text.init
                0x0000c77e        0x2 contiki-z1.a(nullsec.o)
 .any.text.send
                0x0000c780        0xa contiki-z1.a(nullsec.o)
 .any.text.input
                0x0000c78a        0x6 contiki-z1.a(nullsec.o)
 .any.text.i2c_receiveinit
                0x0000c790       0x36 contiki-z1.a(i2cmaster.o)
                0x0000c790                i2c_receiveinit
 .any.text.i2c_transmitinit
                0x0000c7c6       0x30 contiki-z1.a(i2cmaster.o)
                0x0000c7c6                i2c_transmitinit
 .any.text.i2c_receive_n
                0x0000c7f6       0x3e contiki-z1.a(i2cmaster.o)
                0x0000c7f6                i2c_receive_n
 .any.text.i2c_busy
                0x0000c834        0xa contiki-z1.a(i2cmaster.o)
                0x0000c834                i2c_busy
 .any.text.i2c_enable
                0x0000c83e       0x22 contiki-z1.a(i2cmaster.o)
                0x0000c83e                i2c_enable
 .any.text.i2c_transmit_n
                0x0000c860       0x14 contiki-z1.a(i2cmaster.o)
                0x0000c860                i2c_transmit_n
 .any.text.status
                0x0000c874       0x18 contiki-z1.a(button-sensor.o)
 .any.text.value
                0x0000c88c       0x20 contiki-z1.a(button-sensor.o)
 .any.text.configure
                0x0000c8ac       0x4e contiki-z1.a(button-sensor.o)
 .any.text.stimer_set
                0x0000c8fa       0x1c contiki-z1.a(stimer.o)
                0x0000c8fa                stimer_set
 .any.text.stimer_expired
                0x0000c916       0x30 contiki-z1.a(stimer.o)
                0x0000c916                stimer_expired
 .any.text.memb_init
                0x0000c946       0x36 contiki-z1.a(memb.o)
                0x0000c946                memb_init
 .any.text.memb_alloc
                0x0000c97c       0x3e contiki-z1.a(memb.o)
                0x0000c97c                memb_alloc
 .any.text.memb_free
                0x0000c9ba       0x3a contiki-z1.a(memb.o)
                0x0000c9ba                memb_free
 .any.text.memb_inmemb
                0x0000c9f4       0x2a contiki-z1.a(memb.o)
                0x0000c9f4                memb_inmemb
 .any.text.echo_reply_input
                0x0000ca1e       0xaa contiki-z1.a(uip-icmp6.o)
 .any.text.echo_request_input
                0x0000cac8       0xca contiki-z1.a(uip-icmp6.o)
 .any.text.uip_icmp6_input
                0x0000cb92       0x44 contiki-z1.a(uip-icmp6.o)
                0x0000cb92                uip_icmp6_input
 .any.text.uip_icmp6_register_input_handler
                0x0000cbd6        0xc contiki-z1.a(uip-icmp6.o)
                0x0000cbd6                uip_icmp6_register_input_handler
 .any.text.uip_icmp6_error_output
                0x0000cbe2      0x16e contiki-z1.a(uip-icmp6.o)
                0x0000cbe2                uip_icmp6_error_output
 .any.text.uip_icmp6_send
                0x0000cd50       0x84 contiki-z1.a(uip-icmp6.o)
                0x0000cd50                uip_icmp6_send
 .any.text.uip_icmp6_init
                0x0000cdd4       0x12 contiki-z1.a(uip-icmp6.o)
                0x0000cdd4                uip_icmp6_init
 .any.text.update_nbr
                0x0000cde6       0xda contiki-z1.a(rpl-nbr-policy.)
 .any.text.handle_periodic_timer
                0x0000cec0        0xe contiki-z1.a(rpl-nbr-policy.)
 .any.text.find_removable_dis
                0x0000cece       0x14 contiki-z1.a(rpl-nbr-policy.)
                0x0000cece                find_removable_dis
 .any.text.find_removable_dio
                0x0000cee2       0x3c contiki-z1.a(rpl-nbr-policy.)
                0x0000cee2                find_removable_dio
 .any.text.find_removable_dao
                0x0000cf1e       0x32 contiki-z1.a(rpl-nbr-policy.)
                0x0000cf1e                find_removable_dao
 .any.text.rpl_nbr_policy_find_removable
                0x0000cf50       0x30 contiki-z1.a(rpl-nbr-policy.)
                0x0000cf50                rpl_nbr_policy_find_removable
 .any.text.mac_sequence_is_duplicate
                0x0000cf80       0x60 contiki-z1.a(mac-sequence.o)
                0x0000cf80                mac_sequence_is_duplicate
 .any.text.mac_sequence_register_seqno
                0x0000cfe0       0x76 contiki-z1.a(mac-sequence.o)
                0x0000cfe0                mac_sequence_register_seqno
 .any.text.printf
                0x0000d056       0x10 /usr/local/bin/../lib/gcc/msp430/4.7.2/../../../../msp430/lib/mcpu-430x/mmpy-16/msr20/mc20/libc.a(printf.o)
                0x0000d056                printf
 .any.text.print_field
                0x0000d066      0x176 /usr/local/bin/../lib/gcc/msp430/4.7.2/../../../../msp430/lib/mcpu-430x/mmpy-16/msr20/mc20/libc.a(vuprintf.o)
 .any.text.vuprintf
                0x0000d1dc      0x742 /usr/local/bin/../lib/gcc/msp430/4.7.2/../../../../msp430/lib/mcpu-430x/mmpy-16/msr20/mc20/libc.a(vuprintf.o)
                0x0000d1dc                vuprintf
 .any.text.puts
                0x0000d91e       0x2c /usr/local/bin/../lib/gcc/msp430/4.7.2/../../../../msp430/lib/mcpu-430x/mmpy-16/msr20/mc20/libc.a(puts.o)
                0x0000d91e                puts
 .any.text.rand
                0x0000d94a       0x26 /usr/local/bin/../lib/gcc/msp430/4.7.2/../../../../msp430/lib/mcpu-430x/mmpy-16/msr20/mc20/libc.a(rand.o)
                0x0000d94a                rand
 .any.text.srand
                0x0000d970        0xa /usr/local/bin/../lib/gcc/msp430/4.7.2/../../../../msp430/lib/mcpu-430x/mmpy-16/msr20/mc20/libc.a(rand.o)
                0x0000d970                srand
 .any.text.strncmp
                0x0000d97a       0x2a /usr/local/bin/../lib/gcc/msp430/4.7.2/../../../../msp430/lib/mcpu-430x/mmpy-16/msr20/mc20/libc.a(strncmp.o)
                0x0000d97a                strncmp
 .any.text.memcmp
                0x0000d9a4       0x2c /usr/local/bin/../lib/gcc/msp430/4.7.2/../../../../msp430/lib/mcpu-430x/mmpy-16/msr20/mc20/libc.a(memcmp.o)
                0x0000d9a4                memcmp
 .any.text.memcpy
                0x0000d9d0       0xe8 /usr/local/bin/../lib/gcc/msp430/4.7.2/../../../../msp430/lib/mcpu-430x/mmpy-16/msr20/mc20/libc.a(memcpy.o)
                0x0000d9d0                memcpy
 .any.text.memmove
                0x0000dab8       0xe8 /usr/local/bin/../lib/gcc/msp430/4.7.2/../../../../msp430/lib/mcpu-430x/mmpy-16/msr20/mc20/libc.a(memmove.o)
                0x0000dab8                memmove
 .any.text.memset
                0x0000dba0       0x5c /usr/local/bin/../lib/gcc/msp430/4.7.2/../../../../msp430/lib/mcpu-430x/mmpy-16/msr20/mc20/libc.a(memset.o)
                0x0000dba0                memset

.rodata         0x0000dbfc     0x11f5
                0x0000dbfc                . = ALIGN (0x2)
 *(.rodata .rodata.* .gnu.linkonce.r.*)
 .rodata.process_thread_udp_client_process
                0x0000dbfc       0x73 udp-sender.co
 .rodata.collect_common_net_print
                0x0000dc6f       0x17 udp-sender.co
 .rodata.autostart_processes
                0x0000dc86        0x6 udp-sender.co
                0x0000dc86                autostart_processes
 .rodata        0x0000dc8c       0x13 udp-sender.co
 .rodata.process_thread_collect_common_process
                0x0000dc9f       0x98 obj_z1/collect-common.o
 .rodata        0x0000dd37       0x17 obj_z1/collect-common.o
 .rodata        0x0000dd4e      0x11d obj_z1/contiki-z1-main.o
 *fill*         0x0000de6b        0x1 00
 .rodata.get_value
                0x0000de6c       0x44 contiki-z1.a(cc2420.o)
 .rodata.set_value
                0x0000deb0       0x20 contiki-z1.a(cc2420.o)
 .rodata.cc2420_driver
                0x0000ded0       0x38 contiki-z1.a(cc2420.o)
                0x0000ded0                cc2420_driver
 .rodata        0x0000df08        0xe contiki-z1.a(cc2420.o)
 .rodata.output_power
                0x0000df16       0x10 contiki-z1.a(cc2420.o)
 .rodata        0x0000df26        0x8 contiki-z1.a(sensors.o)
 .rodata        0x0000df2e       0x25 contiki-z1.a(adxl345.o)
 *fill*         0x0000df53        0x1 00
 .rodata.adxl345
                0x0000df54        0xe contiki-z1.a(adxl345.o)
                0x0000df54                adxl345
 .rodata        0x0000df62        0xe contiki-z1.a(tmp102.o)
 .rodata.tmp102
                0x0000df70        0xe contiki-z1.a(tmp102.o)
                0x0000df70                tmp102
 .rodata        0x0000df7e        0xf contiki-z1.a(ctimer.o)
 .rodata        0x0000df8d        0xc contiki-z1.a(etimer.o)
 .rodata        0x0000df99        0xe contiki-z1.a(serial-line.o)
 .rodata        0x0000dfa7        0xb contiki-z1.a(sicslowpan.o)
 .rodata.sicslowpan_driver
                0x0000dfb2        0xa contiki-z1.a(sicslowpan.o)
                0x0000dfb2                sicslowpan_driver
 .rodata.llprefix
                0x0000dfbc        0x2 contiki-z1.a(sicslowpan.o)
                0x0000dfbc                llprefix
 .rodata.unc_mxconf
                0x0000dfbe        0x4 contiki-z1.a(sicslowpan.o)
                0x0000dfbe                unc_mxconf
 .rodata.unc_ctxconf
                0x0000dfc2        0x4 contiki-z1.a(sicslowpan.o)
                0x0000dfc2                unc_ctxconf
 .rodata.unc_llconf
                0x0000dfc6        0x4 contiki-z1.a(sicslowpan.o)
                0x0000dfc6                unc_llconf
 .rodata.ttl_values
                0x0000dfca        0x4 contiki-z1.a(sicslowpan.o)
 .rodata        0x0000dfce        0xd contiki-z1.a(tcpip.o)
 .rodata.uip_debug_ipaddr_print
                0x0000dfdb       0x28 contiki-z1.a(uip-debug.o)
 .rodata.check_prefix
                0x0000e003       0x40 contiki-z1.a(rpl-dag.o)
 .rodata.add_nbr_from_dio
                0x0000e043       0x27 contiki-z1.a(rpl-dag.o)
 .rodata.rpl_set_preferred_parent
                0x0000e06a       0x31 contiki-z1.a(rpl-dag.o)
 .rodata.rpl_print_neighbor_list
                0x0000e09b       0x84 contiki-z1.a(rpl-dag.o)
 .rodata.best_parent
                0x0000e11f       0x1d contiki-z1.a(rpl-dag.o)
 .rodata.rpl_set_prefix
                0x0000e13c       0x75 contiki-z1.a(rpl-dag.o)
 .rodata.rpl_set_default_route
                0x0000e1b1       0x48 contiki-z1.a(rpl-dag.o)
 .rodata.rpl_add_parent
                0x0000e1f9       0x3a contiki-z1.a(rpl-dag.o)
 .rodata.rpl_select_dag
                0x0000e233       0xaa contiki-z1.a(rpl-dag.o)
 .rodata.rpl_nullify_parent
                0x0000e2dd       0x35 contiki-z1.a(rpl-dag.o)
 .rodata.rpl_remove_parent
                0x0000e312       0x16 contiki-z1.a(rpl-dag.o)
 .rodata.remove_parents.constprop.4
                0x0000e328       0x29 contiki-z1.a(rpl-dag.o)
 .rodata.rpl_free_dag
                0x0000e351       0x16 contiki-z1.a(rpl-dag.o)
 .rodata.rpl_move_parent
                0x0000e367       0x29 contiki-z1.a(rpl-dag.o)
 .rodata.rpl_repair_root
                0x0000e390       0x6b contiki-z1.a(rpl-dag.o)
 .rodata.rpl_join_instance
                0x0000e3fb      0x144 contiki-z1.a(rpl-dag.o)
 .rodata.rpl_local_repair
                0x0000e53f       0x7f contiki-z1.a(rpl-dag.o)
 .rodata.rpl_process_parent_event
                0x0000e5be      0x107 contiki-z1.a(rpl-dag.o)
 .rodata.rpl_recalculate_ranks
                0x0000e6c5       0x4a contiki-z1.a(rpl-dag.o)
 .rodata.rpl_add_dag
                0x0000e70f       0x3d contiki-z1.a(rpl-dag.o)
 .rodata.rpl_process_dio
                0x0000e74c      0x374 contiki-z1.a(rpl-dag.o)
 .rodata.linkaddr_null
                0x0000eac0        0x8 contiki-z1.a(linkaddr.o)
                0x0000eac0                linkaddr_null
 .rodata.framer_802154
                0x0000eac8        0xc contiki-z1.a(framer-802154.o)
                0x0000eac8                framer_802154
 .rodata        0x0000ead4        0x5 contiki-z1.a(csma.o)
 *fill*         0x0000ead9        0x1 00
 .rodata.csma_driver
                0x0000eada       0x1a contiki-z1.a(csma.o)
                0x0000eada                csma_driver
 .rodata.CSWTCH.16
                0x0000eaf4        0x2 contiki-z1.a(frame802154.o)
 .rodata.schedule_powercycle_fixed.part.5
                0x0000eaf6       0x2a contiki-z1.a(contikimac.o)
 .rodata.input_packet
                0x0000eb20       0xdd contiki-z1.a(contikimac.o)
 .rodata.send_packet.isra.8
                0x0000ebfd      0x197 contiki-z1.a(contikimac.o)
 .rodata        0x0000ed94        0xb contiki-z1.a(contikimac.o)
 *fill*         0x0000ed9f        0x1 00
 .rodata.contikimac_driver
                0x0000eda0       0x1e contiki-z1.a(contikimac.o)
                0x0000eda0                contikimac_driver
 .rodata        0x0000edbe        0x8 contiki-z1.a(nullsec.o)
 .rodata.nullsec_driver
                0x0000edc6        0xe contiki-z1.a(nullsec.o)
                0x0000edc6                nullsec_driver
 .rodata        0x0000edd4        0x7 contiki-z1.a(button-sensor.o)
 *fill*         0x0000eddb        0x1 00
 .rodata.button_sensor
                0x0000eddc        0xe contiki-z1.a(button-sensor.o)
                0x0000eddc                button_sensor
 .rodata.vuprintf
                0x0000edea        0x7 /usr/local/bin/../lib/gcc/msp430/4.7.2/../../../../msp430/lib/mcpu-430x/mmpy-16/msr20/mc20/libc.a(vuprintf.o)
 *(.near.rodata .near.rodata.*)
                0x0000edf2                . = ALIGN (0x2)
                0x0000edf2                _etext = .

.data           0x00001100      0x16a load address 0x0000edf2
                0x00001100                . = ALIGN (0x2)
                0x00001100                __data_start = .
 *(.data .data.* .gnu.linkonce.d.*)
 .data.udp_client_process
                0x00001100        0xc udp-sender.co
                0x00001100                udp_client_process
 .data.collect_common_process
                0x0000110c        0xc obj_z1/collect-common.o
                0x0000110c                collect_common_process
 .data.send_active
                0x00001118        0x2 obj_z1/collect-common.o
 .data.cur_break
                0x0000111a        0x2 contiki-z1.a(msp430.o)
 .data.cc2420_process
                0x0000111c        0xc contiki-z1.a(cc2420.o)
                0x0000111c                cc2420_process
 .data.send_on_cca
                0x00001128        0x1 contiki-z1.a(cc2420.o)
 *fill*         0x00001129        0x1 00
 .data.sensors_process
                0x0000112a        0xc contiki-z1.a(sensors.o)
                0x0000112a                sensors_process
 .data.sensors  0x00001136        0x8 contiki-z1.a(z1-sensors.o)
                0x00001136                sensors
 .data.accmeter_process
                0x0000113e        0xc contiki-z1.a(adxl345.o)
                0x0000113e                accmeter_process
 .data.adxl345_default_settings
                0x0000114a       0x16 contiki-z1.a(adxl345.o)
 .data.ctimer_process
                0x00001160        0xc contiki-z1.a(ctimer.o)
                0x00001160                ctimer_process
 .data.etimer_process
                0x0000116c        0xc contiki-z1.a(etimer.o)
                0x0000116c                etimer_process
 .data.serial_line_process
                0x00001178        0xc contiki-z1.a(serial-line.o)
                0x00001178                serial_line_process
 .data.nbr_routes
                0x00001184        0x2 contiki-z1.a(uip-ds6-route.o)
                0x00001184                nbr_routes
 .data.routememb
                0x00001186        0x8 contiki-z1.a(uip-ds6-route.o)
 .data.defaultroutermemb
                0x0000118e        0x8 contiki-z1.a(uip-ds6-route.o)
 .data.neighborroutememb
                0x00001196        0x8 contiki-z1.a(uip-ds6-route.o)
 .data.nbr_routes_struct
                0x0000119e        0xa contiki-z1.a(uip-ds6-route.o)
 .data.ds6_neighbors
                0x000011a8        0x2 contiki-z1.a(uip-ds6-nbr.o)
                0x000011a8                ds6_neighbors
 .data.ds6_neighbors_struct
                0x000011aa        0xa contiki-z1.a(uip-ds6-nbr.o)
 .data.ns_input_handler
                0x000011b4        0x8 contiki-z1.a(uip-nd6.o)
 .data.tcpip_process
                0x000011bc        0xc contiki-z1.a(tcpip.o)
                0x000011bc                tcpip_process
 .data.rpl_parents
                0x000011c8        0x2 contiki-z1.a(rpl-dag.o)
                0x000011c8                rpl_parents
 .data.rpl_parents_struct
                0x000011ca        0xa contiki-z1.a(rpl-dag.o)
 .data.rpl_mrhof
                0x000011d4       0x22 contiki-z1.a(rpl-mrhof.o)
                0x000011d4                rpl_mrhof
 .data.dao_sequence
                0x000011f6        0x1 contiki-z1.a(rpl-icmp6.o)
 *fill*         0x000011f7        0x1 00
 .data.dis_handler
                0x000011f8        0x8 contiki-z1.a(rpl-icmp6.o)
 .data.dio_handler
                0x00001200        0x8 contiki-z1.a(rpl-icmp6.o)
 .data.dao_handler
                0x00001208        0x8 contiki-z1.a(rpl-icmp6.o)
 .data.dao_ack_handler
                0x00001210        0x8 contiki-z1.a(rpl-icmp6.o)
 .data.buframmem
                0x00001218        0x8 contiki-z1.a(queuebuf.o)
 .data.bufmem   0x00001220        0x8 contiki-z1.a(queuebuf.o)
 .data.neighbor_addr_mem
                0x00001228        0x8 contiki-z1.a(nbr-table.o)
 .data.link_stats_struct
                0x00001230        0xa contiki-z1.a(link-stats.o)
 .data.neighbor_memb
                0x0000123a        0x8 contiki-z1.a(csma.o)
 .data.packet_memb
                0x00001242        0x8 contiki-z1.a(csma.o)
 .data.metadata_memb
                0x0000124a        0x8 contiki-z1.a(csma.o)
 .data.mac_pan_id
                0x00001252        0x2 contiki-z1.a(frame802154.o)
 .data.prescale_lsb
                0x00001254        0x1 contiki-z1.a(i2cmaster.o)
                0x00001254                prescale_lsb
 *fill*         0x00001255        0x1 00
 .data.echo_request_handler
                0x00001256        0x8 contiki-z1.a(uip-icmp6.o)
 .data.echo_reply_handler
                0x0000125e        0x8 contiki-z1.a(uip-icmp6.o)
 .data.next     0x00001266        0x4 /usr/local/bin/../lib/gcc/msp430/4.7.2/../../../../msp430/lib/mcpu-430x/mmpy-16/msr20/mc20/libc.a(rand.o)
 *(.near.data .near.data.*)
                0x0000126a                . = ALIGN (0x2)
                0x0000126a                _edata = .