Archive member included because of file (symbol)

contiki-z1.a(contiki-z1-plat)
                              obj_z1/contiki-z1-main.o (init_platform)
contiki-z1.a(msp430.o)        obj_z1/contiki-z1-main.o (splhigh_)
contiki-z1.a(leds.o)          obj_z1/contiki-z1-main.o (leds_init)
contiki-z1.a(watchdog.o)      obj_z1/contiki-z1-main.o (watchdog_start)
contiki-z1.a(xmem.o)          obj_z1/contiki-z1-main.o (xmem_init)
contiki-z1.a(spi.o)           contiki-z1.a(xmem.o) (spi_init)
contiki-z1.a(cc2420.o)        obj_z1/contiki-z1-main.o (cc2420_set_pan_addr)
contiki-z1.a(cc2420-arch.o)   contiki-z1.a(cc2420.o) (cc2420_arch_init)
contiki-z1.a(node-id.o)       obj_z1/contiki-z1-main.o (node_id_restore)
contiki-z1.a(sensors.o)       contiki-z1.a(contiki-z1-plat) (sensors_process)
contiki-z1.a(uart0.o)         obj_z1/contiki-z1-main.o (uart0_active)
contiki-z1.a(uart0-putchar.o)
                              udp-client-mal.co (putchar)
contiki-z1.a(z1-sensors.o)    contiki-z1.a(sensors.o) (sensors_flags)
contiki-z1.a(adxl345.o)       obj_z1/contiki-z1-main.o (adxl345)
contiki-z1.a(tmp102.o)        contiki-z1.a(z1-sensors.o) (tmp102)
contiki-z1.a(clock.o)         obj_z1/contiki-z1-main.o (clock_init)
contiki-z1.a(leds-arch.o)     contiki-z1.a(leds.o) (leds_arch_init)
contiki-z1.a(rtimer-arch.o)   obj_z1/contiki-z1-main.o (rtimer_arch_now)
contiki-z1.a(autostart.o)     obj_z1/contiki-z1-main.o (autostart_start)
contiki-z1.a(ctimer.o)        obj_z1/contiki-z1-main.o (ctimer_init)
contiki-z1.a(energest.o)      obj_z1/contiki-z1-main.o (energest_init)
contiki-z1.a(stimer.o)        udp-client-mal.co (stimer_remaining)
contiki-z1.a(etimer.o)        contiki-z1.a(clock.o) (etimer_request_poll)
contiki-z1.a(process.o)       udp-client-mal.co (process_current)
contiki-z1.a(rtimer.o)        obj_z1/contiki-z1-main.o (rtimer_init)
contiki-z1.a(timer.o)         contiki-z1.a(adxl345.o) (timer_set)
contiki-z1.a(serial-line.o)   udp-client-mal.co (serial_line_event_message)
contiki-z1.a(list.o)          contiki-z1.a(ctimer.o) (list_init)
contiki-z1.a(random.o)        obj_z1/contiki-z1-main.o (random_init)
contiki-z1.a(ringbuf.o)       contiki-z1.a(serial-line.o) (ringbuf_init)
contiki-z1.a(uip-ds6.o)       udp-client-mal.co (uip_ds6_if)
contiki-z1.a(uip-ds6-route.o)
                              contiki-z1.a(uip-ds6.o) (uip_ds6_route_init)
contiki-z1.a(uip6.o)          udp-client-mal.co (uip_len)
contiki-z1.a(uip-ds6-nbr.o)   contiki-z1.a(uip-ds6.o) (uip_ds6_neighbors_init)
contiki-z1.a(uip-nd6.o)       contiki-z1.a(uip6.o) (uip_nd6_init)
contiki-z1.a(sicslowpan.o)    obj_z1/contiki-z1-main.o (sicslowpan_driver)
contiki-z1.a(uip-debug.o)     udp-client-mal.co (uip_debug_ipaddr_print)
contiki-z1.a(uip-udp-packet.)
                              udp-client-mal.co (uip_udp_packet_sendto)
contiki-z1.a(tcpip.o)         contiki-z1.a(sicslowpan.o) (tcpip_set_outputfunc)
contiki-z1.a(rpl-dag.o)       contiki-z1.a(tcpip.o) (rpl_repair_root)
contiki-z1.a(rpl-timers.o)    contiki-z1.a(rpl-dag.o) (rpl_reset_dio_timer)
contiki-z1.a(rpl-ext-header.)
                              contiki-z1.a(uip6.o) (rpl_verify_hbh_header)
contiki-z1.a(rpl.o)           contiki-z1.a(rpl-timers.o) (rpl_get_mode)
contiki-z1.a(rpl-mrhof.o)     contiki-z1.a(rpl-dag.o) (rpl_mrhof)
contiki-z1.a(queuebuf.o)      obj_z1/contiki-z1-main.o (queuebuf_init)
contiki-z1.a(nbr-table.o)     contiki-z1.a(uip-ds6-route.o) (nbr_table_register)
contiki-z1.a(packetbuf.o)     contiki-z1.a(cc2420.o) (packetbuf_set_datalen)
contiki-z1.a(linkaddr.o)      obj_z1/contiki-z1-main.o (linkaddr_copy)
contiki-z1.a(link-stats.o)    contiki-z1.a(rpl-dag.o) (link_stats_from_lladdr)
contiki-z1.a(framer-802154.o)
                              contiki-z1.a(sicslowpan.o) (framer_802154)
contiki-z1.a(csma.o)          obj_z1/contiki-z1-main.o (csma_driver)
contiki-z1.a(frame802154.o)   contiki-z1.a(framer-802154.o) (frame802154_get_pan_id)
contiki-z1.a(mac.o)           contiki-z1.a(csma.o) (mac_call_sent_callback)
contiki-z1.a(nullrdc.o)       obj_z1/contiki-z1-main.o (nullrdc_driver)
contiki-z1.a(nullsec.o)       obj_z1/contiki-z1-main.o (nullsec_driver)
contiki-z1.a(i2cmaster.o)     contiki-z1.a(adxl345.o) (i2c_receiveinit)
contiki-z1.a(button-sensor.o)
                              contiki-z1.a(z1-sensors.o) (button_sensor)
contiki-z1.a(memb.o)          contiki-z1.a(uip-ds6-route.o) (memb_init)
contiki-z1.a(uip-icmp6.o)     contiki-z1.a(uip6.o) (uip_icmp6_input)
contiki-z1.a(rpl-icmp6.o)     contiki-z1.a(rpl-dag.o) (rpl_icmp6_update_nbr_table)
contiki-z1.a(rpl-nbr-policy.)
                              contiki-z1.a(nbr-table.o) (rpl_nbr_policy_find_removable)
contiki-z1.a(net-debug.o)     contiki-z1.a(rpl-icmp6.o) (net_debug_lladdr_print)
/opt/compilers/mspgcc-4.7.3/bin/../lib/gcc/msp430/4.7.3/mcpu-430x/mmpy-16/msr20/mc20/libgcc.a(_mulsi3.o)
                              contiki-z1.a(rpl-timers.o) (__mulsi3)
[...]
Memory Configuration

Name             Origin             Length             Attributes
sfr              0x0000000000000000 0x0000000000000010
peripheral_8bit  0x0000000000000010 0x00000000000000f0
peripheral_16bit 0x0000000000000100 0x0000000000000100
ram_mirror       0x0000000000000200 0x0000000000000800 xw
infomem          0x0000000000001000 0x0000000000000100
infod            0x0000000000001000 0x0000000000000040
infoc            0x0000000000001040 0x0000000000000040
infob            0x0000000000001080 0x0000000000000040
infoa            0x00000000000010c0 0x0000000000000040
ram              0x0000000000001100 0x0000000000002000 xw
rom              0x0000000000003100 0x000000000000cebe xr
vectors          0x000000000000ffc0 0x0000000000000040
far_rom          0x0000000000010000 0x000000000000a000
bsl              0x0000000000000000 0x0000000000000000
ram2             0x0000000000000000 0x0000000000000000 xw
usbram           0x0000000000000000 0x0000000000000000 xw
*default*        0x0000000000000000 0xffffffffffffffff

Linker script and memory map

LOAD /opt/compilers/mspgcc-4.7.3/bin/../lib/gcc/msp430/4.7.3/mcpu-430x/mmpy-16/msr20/mc20/crt0ivtbl32.o
                0x0000000000000041                __P1SEL2 = 0x41
                0x0000000000000045                __P5SEL2 = 0x45
LOAD udp-client-mal.co
LOAD obj_z1/contiki-z1-main.o
LOAD contiki-z1.a
LOAD /opt/compilers/mspgcc-4.7.3/bin/../lib/gcc/msp430/4.7.3/mcpu-430x/mmpy-16/msr20/mc20/libgcc.a
LOAD /opt/compilers/mspgcc-4.7.3/bin/../lib/gcc/msp430/4.7.3/../../../../msp430/lib/mcpu-430x/mmpy-16/msr20/mc20/libc.a
LOAD /opt/compilers/mspgcc-4.7.3/bin/../lib/gcc/msp430/4.7.3/mcpu-430x/mmpy-16/msr20/mc20/libgcc.a
LOAD /opt/compilers/mspgcc-4.7.3/bin/../lib/gcc/msp430/4.7.3/mcpu-430x/mmpy-16/msr20/mc20/libcrt0.a
                0x0000000000000040                PROVIDE (__info_segment_size, 0x40)
                0x0000000000001000                PROVIDE (__infod, 0x1000)
                0x0000000000001040                PROVIDE (__infoc, 0x1040)
                0x0000000000001080                PROVIDE (__infob, 0x1080)
                0x00000000000010c0                PROVIDE (__infoa, 0x10c0)
                0x0000000000000000                __IE1 = 0x0
                0x0000000000000002                __IFG1 = 0x2
                0x0000000000000001                __IE2 = 0x1
                0x0000000000000003                __IFG2 = 0x3
                0x0000000000000006                __UC1IE = 0x6
                0x0000000000000007                __UC1IFG = 0x7
                0x00000000000001a0                __ADC12CTL0 = 0x1a0
                0x00000000000001a2                __ADC12CTL1 = 0x1a2
                0x00000000000001a4                __ADC12IFG = 0x1a4
                0x00000000000001a6                __ADC12IE = 0x1a6
                0x00000000000001a8                __ADC12IV = 0x1a8
                0x0000000000000140                __ADC12MEM0 = 0x140
                0x0000000000000142                __ADC12MEM1 = 0x142
                0x0000000000000144                __ADC12MEM2 = 0x144
                0x0000000000000146                __ADC12MEM3 = 0x146
                0x0000000000000148                __ADC12MEM4 = 0x148
                0x000000000000014a                __ADC12MEM5 = 0x14a
                0x000000000000014c                __ADC12MEM6 = 0x14c
                0x000000000000014e                __ADC12MEM7 = 0x14e
                0x0000000000000150                __ADC12MEM8 = 0x150
                0x0000000000000152                __ADC12MEM9 = 0x152
                0x0000000000000154                __ADC12MEM10 = 0x154
                0x0000000000000156                __ADC12MEM11 = 0x156
                0x0000000000000158                __ADC12MEM12 = 0x158
                0x000000000000015a                __ADC12MEM13 = 0x15a
                0x000000000000015c                __ADC12MEM14 = 0x15c
                0x000000000000015e                __ADC12MEM15 = 0x15e
                0x0000000000000080                __ADC12MCTL0 = 0x80
                0x0000000000000081                __ADC12MCTL1 = 0x81
                0x0000000000000082                __ADC12MCTL2 = 0x82
                0x0000000000000083                __ADC12MCTL3 = 0x83
                0x0000000000000084                __ADC12MCTL4 = 0x84
                0x0000000000000085                __ADC12MCTL5 = 0x85
                0x0000000000000086                __ADC12MCTL6 = 0x86
                0x0000000000000087                __ADC12MCTL7 = 0x87
                0x0000000000000088                __ADC12MCTL8 = 0x88
                0x0000000000000089                __ADC12MCTL9 = 0x89
                0x000000000000008a                __ADC12MCTL10 = 0x8a
                0x000000000000008b                __ADC12MCTL11 = 0x8b
                0x000000000000008c                __ADC12MCTL12 = 0x8c
                0x000000000000008d                __ADC12MCTL13 = 0x8d
                0x000000000000008e                __ADC12MCTL14 = 0x8e
                0x000000000000008f                __ADC12MCTL15 = 0x8f
                0x0000000000000056                __DCOCTL = 0x56
                0x0000000000000057                __BCSCTL1 = 0x57
                0x0000000000000058                __BCSCTL2 = 0x58
                0x0000000000000053                __BCSCTL3 = 0x53
                0x0000000000000059                __CACTL1 = 0x59
                0x000000000000005a                __CACTL2 = 0x5a
                0x000000000000005b                __CAPD = 0x5b
                0x00000000000001c0                __DAC12_0CTL = 0x1c0
                0x00000000000001c2                __DAC12_1CTL = 0x1c2
                0x00000000000001c8                __DAC12_0DAT = 0x1c8
                0x00000000000001ca                __DAC12_1DAT = 0x1ca
                0x0000000000000122                __DMACTL0 = 0x122
                0x0000000000000124                __DMACTL1 = 0x124
                0x0000000000000126                __DMAIV = 0x126
                0x00000000000001d0                __DMA0CTL = 0x1d0
                0x00000000000001dc                __DMA1CTL = 0x1dc
                0x00000000000001e8                __DMA2CTL = 0x1e8
                0x00000000000001d2                __DMA0SA = 0x1d2
                0x00000000000001d2                __DMA0SAL = 0x1d2
                0x00000000000001d6                __DMA0DA = 0x1d6
                0x00000000000001d6                __DMA0DAL = 0x1d6
                0x00000000000001da                __DMA0SZ = 0x1da
                0x00000000000001de                __DMA1SA = 0x1de
                0x00000000000001de                __DMA1SAL = 0x1de
                0x00000000000001e2                __DMA1DA = 0x1e2
                0x00000000000001e2                __DMA1DAL = 0x1e2
                0x00000000000001e6                __DMA1SZ = 0x1e6
                0x00000000000001ea                __DMA2SA = 0x1ea
                0x00000000000001ea                __DMA2SAL = 0x1ea
                0x00000000000001ee                __DMA2DA = 0x1ee
                0x00000000000001ee                __DMA2DAL = 0x1ee
                0x00000000000001f2                __DMA2SZ = 0x1f2
                0x0000000000000128                __FCTL1 = 0x128
                0x000000000000012a                __FCTL2 = 0x12a
                0x000000000000012c                __FCTL3 = 0x12c
                0x00000000000001be                __FCTL4 = 0x1be
                0x0000000000000130                __MPY = 0x130
                0x0000000000000132                __MPYS = 0x132
                0x0000000000000134                __MAC = 0x134
                0x0000000000000136                __MACS = 0x136
                0x0000000000000138                __OP2 = 0x138
                0x000000000000013a                __RESLO = 0x13a
                0x000000000000013c                __RESHI = 0x13c
                0x000000000000013e                __SUMEXT = 0x13e
                0x0000000000000020                __P1IN = 0x20
                0x0000000000000021                __P1OUT = 0x21
                0x0000000000000022                __P1DIR = 0x22
                0x0000000000000023                __P1IFG = 0x23
                0x0000000000000024                __P1IES = 0x24
                0x0000000000000025                __P1IE = 0x25
                0x0000000000000026                __P1SEL = 0x26
                0x0000000000000027                __P1REN = 0x27
                0x0000000000000028                __P2IN = 0x28
                0x0000000000000029                __P2OUT = 0x29
                0x000000000000002a                __P2DIR = 0x2a
                0x000000000000002b                __P2IFG = 0x2b
                0x000000000000002c                __P2IES = 0x2c
                0x000000000000002d                __P2IE = 0x2d
                0x000000000000002e                __P2SEL = 0x2e
                0x000000000000002f                __P2REN = 0x2f
                0x0000000000000018                __P3IN = 0x18
                0x0000000000000019                __P3OUT = 0x19
                0x000000000000001a                __P3DIR = 0x1a
                0x000000000000001b                __P3SEL = 0x1b
                0x0000000000000010                __P3REN = 0x10
                0x000000000000001c                __P4IN = 0x1c
                0x000000000000001d                __P4OUT = 0x1d
                0x000000000000001e                __P4DIR = 0x1e
                0x000000000000001f                __P4SEL = 0x1f
                0x0000000000000011                __P4REN = 0x11
                0x0000000000000030                __P5IN = 0x30
                0x0000000000000031                __P5OUT = 0x31
                0x0000000000000032                __P5DIR = 0x32
                0x0000000000000033                __P5SEL = 0x33
                0x0000000000000012                __P5REN = 0x12
                0x0000000000000034                __P6IN = 0x34
                0x0000000000000035                __P6OUT = 0x35
                0x0000000000000036                __P6DIR = 0x36
                0x0000000000000037                __P6SEL = 0x37
                0x0000000000000013                __P6REN = 0x13
                0x0000000000000038                __P7IN = 0x38
                0x000000000000003a                __P7OUT = 0x3a
                0x000000000000003c                __P7DIR = 0x3c
                0x000000000000003e                __P7SEL = 0x3e
                0x0000000000000014                __P7REN = 0x14
                0x0000000000000039                __P8IN = 0x39
                0x000000000000003b                __P8OUT = 0x3b
                0x000000000000003d                __P8DIR = 0x3d
                0x000000000000003f                __P8SEL = 0x3f
                0x0000000000000015                __P8REN = 0x15
                0x0000000000000038                __PAIN = 0x38
                0x000000000000003a                __PAOUT = 0x3a
                0x000000000000003c                __PADIR = 0x3c
                0x000000000000003e                __PASEL = 0x3e
                0x0000000000000014                __PAREN = 0x14
                0x0000000000000055                __SVSCTL = 0x55
                0x000000000000012e                __TAIV = 0x12e
                0x0000000000000160                __TACTL = 0x160
                0x0000000000000162                __TACCTL0 = 0x162
                0x0000000000000164                __TACCTL1 = 0x164
                0x0000000000000166                __TACCTL2 = 0x166
                0x0000000000000170                __TAR = 0x170
                0x0000000000000172                __TACCR0 = 0x172
                0x0000000000000174                __TACCR1 = 0x174
                0x0000000000000176                __TACCR2 = 0x176
                0x000000000000011e                __TBIV = 0x11e
                0x0000000000000180                __TBCTL = 0x180
                0x0000000000000182                __TBCCTL0 = 0x182
                0x0000000000000184                __TBCCTL1 = 0x184
                0x0000000000000186                __TBCCTL2 = 0x186
                0x0000000000000188                __TBCCTL3 = 0x188
                0x000000000000018a                __TBCCTL4 = 0x18a
                0x000000000000018c                __TBCCTL5 = 0x18c
                0x000000000000018e                __TBCCTL6 = 0x18e
                0x0000000000000190                __TBR = 0x190
                0x0000000000000192                __TBCCR0 = 0x192
                0x0000000000000194                __TBCCR1 = 0x194
                0x0000000000000196                __TBCCR2 = 0x196
                0x0000000000000198                __TBCCR3 = 0x198
                0x000000000000019a                __TBCCR4 = 0x19a
                0x000000000000019c                __TBCCR5 = 0x19c
                0x000000000000019e                __TBCCR6 = 0x19e
                0x0000000000000060                __UCA0CTL0 = 0x60
                0x0000000000000061                __UCA0CTL1 = 0x61
                0x0000000000000062                __UCA0BR0 = 0x62
                0x0000000000000063                __UCA0BR1 = 0x63
                0x0000000000000064                __UCA0MCTL = 0x64
                0x0000000000000065                __UCA0STAT = 0x65
                0x0000000000000066                __UCA0RXBUF = 0x66
                0x0000000000000067                __UCA0TXBUF = 0x67
                0x000000000000005d                __UCA0ABCTL = 0x5d
                0x000000000000005e                __UCA0IRTCTL = 0x5e
                0x000000000000005f                __UCA0IRRCTL = 0x5f
                0x0000000000000068                __UCB0CTL0 = 0x68
                0x0000000000000069                __UCB0CTL1 = 0x69
                0x000000000000006a                __UCB0BR0 = 0x6a
                0x000000000000006b                __UCB0BR1 = 0x6b
                0x000000000000006c                __UCB0I2CIE = 0x6c
                0x000000000000006d                __UCB0STAT = 0x6d
                0x000000000000006e                __UCB0RXBUF = 0x6e
                0x000000000000006f                __UCB0TXBUF = 0x6f
                0x0000000000000118                __UCB0I2COA = 0x118
                0x000000000000011a                __UCB0I2CSA = 0x11a
                0x00000000000000d0                __UCA1CTL0 = 0xd0
                0x00000000000000d1                __UCA1CTL1 = 0xd1
                0x00000000000000d2                __UCA1BR0 = 0xd2
                0x00000000000000d3                __UCA1BR1 = 0xd3
                0x00000000000000d4                __UCA1MCTL = 0xd4
                0x00000000000000d5                __UCA1STAT = 0xd5
                0x00000000000000d6                __UCA1RXBUF = 0xd6
                0x00000000000000d7                __UCA1TXBUF = 0xd7
                0x00000000000000cd                __UCA1ABCTL = 0xcd
                0x00000000000000ce                __UCA1IRTCTL = 0xce
                0x00000000000000cf                __UCA1IRRCTL = 0xcf
                0x00000000000000d8                __UCB1CTL0 = 0xd8
                0x00000000000000d9                __UCB1CTL1 = 0xd9
                0x00000000000000da                __UCB1BR0 = 0xda
                0x00000000000000db                __UCB1BR1 = 0xdb
                0x00000000000000dc                __UCB1I2CIE = 0xdc
                0x00000000000000dd                __UCB1STAT = 0xdd
                0x00000000000000de                __UCB1RXBUF = 0xde
                0x00000000000000df                __UCB1TXBUF = 0xdf
                0x000000000000017c                __UCB1I2COA = 0x17c
                0x000000000000017e                __UCB1I2CSA = 0x17e
                0x0000000000000120                __WDTCTL = 0x120
                0x00000000000010c0                __TLV_CHECKSUM = 0x10c0
                0x00000000000010f6                __TLV_DCO_30_TAG = 0x10f6
                0x00000000000010f7                __TLV_DCO_30_LEN = 0x10f7
                0x00000000000010da                __TLV_ADC12_1_TAG = 0x10da
                0x00000000000010db                __TLV_ADC12_1_LEN = 0x10db
                0x00000000000010f8                __CALDCO_16MHZ = 0x10f8
                0x00000000000010f9                __CALBC1_16MHZ = 0x10f9
                0x00000000000010fa                __CALDCO_12MHZ = 0x10fa
                0x00000000000010fb                __CALBC1_12MHZ = 0x10fb
                0x00000000000010fc                __CALDCO_8MHZ = 0x10fc
                0x00000000000010fd                __CALBC1_8MHZ = 0x10fd
                0x00000000000010fe                __CALDCO_1MHZ = 0x10fe
                0x00000000000010ff                __CALBC1_1MHZ = 0x10ff

.hash
 *(.hash)

.dynsym
 *(.dynsym)

.dynstr
 *(.dynstr)

.gnu.version
 *(.gnu.version)

.gnu.version_d
 *(.gnu.version_d)

.gnu.version_r
 *(.gnu.version_r)

.rel.init
 *(.rel.init)

.rela.init
 *(.rela.init)

.rel.fini
 *(.rel.fini)

.rela.fini
 *(.rela.fini)

.rel.text
 *(.rel.text .rel.text.* .rel.gnu.linkonce.t.*)

.rela.text
 *(.rela.text .rela.text.* .rela.gnu.linkonce.t.*)

.rel.rodata
 *(.rel.rodata .rel.rodata.* .rel.gnu.linkonce.r.*)

.rela.rodata
 *(.rela.rodata .rela.rodata.* .rela.gnu.linkonce.r.*)

.rel.data
 *(.rel.data .rel.data.* .rel.gnu.linkonce.d.*)

.rela.data
 *(.rela.data .rela.data.* .rela.gnu.linkonce.d.*)

.rel.bss
 *(.rel.bss .rel.bss.* .rel.gnu.linkonce.b.*)

.rela.bss
 *(.rela.bss .rela.bss.* .rela.gnu.linkonce.b.*)

.rel.ctors
 *(.rel.ctors)

.rela.ctors
 *(.rela.ctors)

.rel.dtors
 *(.rel.dtors)

.rela.dtors
 *(.rela.dtors)

.rel.got
 *(.rel.got)

.rela.got
 *(.rela.got)

.rel.plt
 *(.rel.plt)

.rela.plt
 *(.rela.plt)

.text           0x0000000000003100     0xb36e
                0x0000000000003100                . = ALIGN (0x2)
 *(.init .init.*)
 *(.init0)
 .init0         0x0000000000003100        0x0 /opt/compilers/mspgcc-4.7.3/bin/../lib/gcc/msp430/4.7.3/mcpu-430x/mmpy-16/msr20/mc20/libcrt0.a(_reset_vector__.o)
                0x0000000000003100                _reset_vector__
 *(.init1)
 .init1         0x0000000000003100        0xc /opt/compilers/mspgcc-4.7.3/bin/../lib/gcc/msp430/4.7.3/mcpu-430x/mmpy-16/msr20/mc20/libcrt0.a(__watchdog_support.o)
                0x0000000000003100                __watchdog_support
 *(.init2)
 .init2         0x000000000000310c        0x4 /opt/compilers/mspgcc-4.7.3/bin/../lib/gcc/msp430/4.7.3/mcpu-430x/mmpy-16/msr20/mc20/libcrt0.a(__init_stack.o)
                0x000000000000310c                __init_stack
 *(.init3)
 .init3         0x0000000000003110        0x0 /opt/compilers/mspgcc-4.7.3/bin/../lib/gcc/msp430/4.7.3/mcpu-430x/mmpy-16/msr20/mc20/libcrt0.a(__low_level_init.o)
                0x0000000000003110                __low_level_init
 *(.init4)
 .init4         0x0000000000003110       0x18 /opt/compilers/mspgcc-4.7.3/bin/../lib/gcc/msp430/4.7.3/mcpu-430x/mmpy-16/msr20/mc20/libcrt0.a(_copy_data.o)
                0x0000000000003110                __do_copy_data
 .init4         0x0000000000003128       0x16 /opt/compilers/mspgcc-4.7.3/bin/../lib/gcc/msp430/4.7.3/mcpu-430x/mmpy-16/msr20/mc20/libcrt0.a(_clear_bss.o)
                0x0000000000003128                __do_clear_bss
 *(.init5)
 *(.init6)
 *(.init7)
 *(.init8)
 *(.init9)
 .init9         0x000000000000313e      0x354 obj_z1/contiki-z1-main.o
                0x000000000000313e                main
 *(.fini9)
 .fini9         0x0000000000003492        0x0 /opt/compilers/mspgcc-4.7.3/bin/../lib/gcc/msp430/4.7.3/mcpu-430x/mmpy-16/msr20/mc20/libcrt0.a(__stop_progExec__.o)
                0x0000000000003492                __stop_progExec__
 *(.fini8)
 *(.fini7)
 *(.fini6)
 *(.fini5)
 *(.fini4)
 *(.fini3)
 *(.fini2)
 *(.fini1)
 *(.fini0)
 .fini0         0x0000000000003492        0x6 /opt/compilers/mspgcc-4.7.3/bin/../lib/gcc/msp430/4.7.3/mcpu-430x/mmpy-16/msr20/mc20/libcrt0.a(_endless_loop__.o)
                0x0000000000003492                _endless_loop__
 *(.fini .fini.*)
                0x0000000000003498                . = ALIGN (0x2)
                0x0000000000003498                __ctors_start = .
 *(.ctors)
                0x0000000000003498                __ctors_end = .
                0x0000000000003498                __dtors_start = .
 *(.dtors)
                0x0000000000003498                __dtors_end = .
                0x0000000000003498                . = ALIGN (0x2)
 *(.text .text.* .gnu.linkonce.t.*)
 .text          0x0000000000003498        0x4 /opt/compilers/mspgcc-4.7.3/bin/../lib/gcc/msp430/4.7.3/mcpu-430x/mmpy-16/msr20/mc20/crt0ivtbl32.o
                0x0000000000003498                __isr_14
                0x0000000000003498                __isr_4
                0x0000000000003498                __isr_29
                0x0000000000003498                __isr_11
                0x0000000000003498                __isr_5
                0x0000000000003498                __isr_2
                0x0000000000003498                __isr_10
                0x0000000000003498                __isr_7
                0x0000000000003498                __isr_0
                0x0000000000003498                __isr_28
                0x0000000000003498                __isr_8
                0x0000000000003498                __isr_20
                0x0000000000003498                __isr_3
                0x0000000000003498                __isr_12
                0x0000000000003498                __isr_13
                0x0000000000003498                __isr_27
                0x0000000000003498                __isr_9
                0x0000000000003498                __isr_30
                0x0000000000003498                __isr_6
                0x0000000000003498                __isr_22
                0x0000000000003498                __isr_1
                0x0000000000003498                __isr_15
                0x0000000000003498                __isr_21
 .text.libgcc   0x000000000000349c       0x26 /opt/compilers/mspgcc-4.7.3/bin/../lib/gcc/msp430/4.7.3/mcpu-430x/mmpy-16/msr20/mc20/libgcc.a(_mulsi3.o)
                0x000000000000349c                __mulsi3
 .text.libgcc   0x00000000000034c2       0x22 /opt/compilers/mspgcc-4.7.3/bin/../lib/gcc/msp430/4.7.3/mcpu-430x/mmpy-16/msr20/mc20/libgcc.a(_udivmod16.o)
                0x00000000000034c2                __udivhi3
                0x00000000000034c2                __ext_udivmod16
                0x00000000000034dc                __umodhi3
 .text.libgcc   0x00000000000034e4       0x3a /opt/compilers/mspgcc-4.7.3/bin/../lib/gcc/msp430/4.7.3/mcpu-430x/mmpy-16/msr20/mc20/libgcc.a(_divmod16.o)
                0x00000000000034e4                __ext_divmod16
                0x00000000000034e4                __divhi3
                0x0000000000003516                __modhi3
 .text.libgcc   0x000000000000351e       0x38 /opt/compilers/mspgcc-4.7.3/bin/../lib/gcc/msp430/4.7.3/mcpu-430x/mmpy-16/msr20/mc20/libgcc.a(_udivmod32.o)
                0x000000000000351e                __udivsi3
                0x000000000000351e                __ext_udivmod32
                0x000000000000354c                __umodsi3
 .text.libgcc   0x0000000000003556       0x4c /opt/compilers/mspgcc-4.7.3/bin/../lib/gcc/msp430/4.7.3/mcpu-430x/mmpy-16/msr20/mc20/libgcc.a(_divmod32.o)
                0x0000000000003556                __ext_divmod32
                0x0000000000003556                __divsi3
                0x0000000000003598                __modsi3
 .text.libgcc   0x00000000000035a2       0xbc /opt/compilers/mspgcc-4.7.3/bin/../lib/gcc/msp430/4.7.3/mcpu-430x/mmpy-16/msr20/mc20/libgcc.a(_udivmod64.o)
                0x00000000000035a2                __xabi_udivmod64
                0x00000000000035f4                __udivdi3
                0x000000000000360e                __umoddi3
                0x0000000000003630                __udivmoddi4
 .text.crt0     0x000000000000365e        0x2 /opt/compilers/mspgcc-4.7.3/bin/../lib/gcc/msp430/4.7.3/mcpu-430x/mmpy-16/msr20/mc20/libcrt0.a(_unexpected_.o)
                0x000000000000365e                _unexpected_
 *(.near.text .near.text.*)
 .near.text.watchdog_interrupt
                0x0000000000003660        0x6 contiki-z1.a(watchdog.o)
                0x0000000000003660                __isr_26
                0x0000000000003660                watchdog_interrupt
 .near.text.uart0_rx_interrupt
                0x0000000000003666       0x64 contiki-z1.a(uart0.o)
                0x0000000000003666                __isr_23
                0x0000000000003666                uart0_rx_interrupt
 .near.text.port1_isr
                0x00000000000036ca       0xbe contiki-z1.a(adxl345.o)
                0x00000000000036ca                port1_isr
                0x00000000000036ca                __isr_18
 .near.text.timera1
                0x0000000000003788      0x10a contiki-z1.a(clock.o)
                0x0000000000003788                __isr_24
                0x0000000000003788                timera1
 .near.text.timera0
                0x0000000000003892       0x5c contiki-z1.a(rtimer-arch.o)
                0x0000000000003892                __isr_25
                0x0000000000003892                timera0
 .near.text.i2c_tx_interrupt
                0x00000000000038ee       0x84 contiki-z1.a(i2cmaster.o)
                0x00000000000038ee                __isr_16
                0x00000000000038ee                i2c_tx_interrupt
 .near.text.i2c_rx_interrupt
                0x0000000000003972       0x14 contiki-z1.a(i2cmaster.o)
                0x0000000000003972                i2c_rx_interrupt
                0x0000000000003972                __isr_17
 .near.text.irq_p2
                0x0000000000003986       0x76 contiki-z1.a(button-sensor.o)
                0x0000000000003986                irq_p2
                0x0000000000003986                __isr_19
 .any.text.process_thread_udp_client_process
                0x00000000000039fc      0x2b8 udp-client-mal.co
 .any.text.send_packet
                0x0000000000003cb4       0x70 udp-client-mal.co
 .any.text.init_platform
                0x0000000000003d24        0xc contiki-z1.a(contiki-z1-plat)
                0x0000000000003d24                init_platform
 .any.text.msp430_init_dco
                0x0000000000003d30       0x28 contiki-z1.a(msp430.o)
                0x0000000000003d30                msp430_init_dco
 .any.text.splhigh_
                0x0000000000003d58        0x8 contiki-z1.a(msp430.o)
                0x0000000000003d58                splhigh_
 .any.text.msp430_sync_dco
                0x0000000000003d60       0x6e contiki-z1.a(msp430.o)
                0x0000000000003d60                msp430_sync_dco
 .any.text.msp430_cpu_init
                0x0000000000003dce       0x2e contiki-z1.a(msp430.o)
                0x0000000000003dce                msp430_cpu_init
 .any.text.show_leds
                0x0000000000003dfc       0xe8 contiki-z1.a(leds.o)
 .any.text.leds_init
                0x0000000000003ee4        0xa contiki-z1.a(leds.o)
                0x0000000000003ee4                leds_init
 .any.text.leds_on
                0x0000000000003eee        0xa contiki-z1.a(leds.o)
                0x0000000000003eee                leds_on
 .any.text.leds_off
                0x0000000000003ef8        0xe contiki-z1.a(leds.o)
                0x0000000000003ef8                leds_off
 .any.text.watchdog_start
                0x0000000000003f06       0x14 contiki-z1.a(watchdog.o)
                0x0000000000003f06                watchdog_start
 .any.text.watchdog_periodic
                0x0000000000003f1a       0x12 contiki-z1.a(watchdog.o)
                0x0000000000003f1a                watchdog_periodic
 .any.text.watchdog_stop
                0x0000000000003f2c       0x16 contiki-z1.a(watchdog.o)
                0x0000000000003f2c                watchdog_stop
 .any.text.watchdog_init
                0x0000000000003f42       0x12 contiki-z1.a(watchdog.o)
                0x0000000000003f42                watchdog_init
 .any.text.wait_ready
                0x0000000000003f54       0x46 contiki-z1.a(xmem.o)
 .any.text.xmem_init
                0x0000000000003f9a       0x1e contiki-z1.a(xmem.o)
                0x0000000000003f9a                xmem_init
 .any.text.xmem_pread
                0x0000000000003fb8       0xc0 contiki-z1.a(xmem.o)
                0x0000000000003fb8                xmem_pread
 .any.text.spi_init
                0x0000000000004078       0x32 contiki-z1.a(spi.o)
                0x0000000000004078                spi_init
 .any.text.get_object
                0x00000000000040aa        0x4 contiki-z1.a(cc2420.o)
 .any.text.set_object
                0x00000000000040ae        0x4 contiki-z1.a(cc2420.o)
 .any.text.strobe
                0x00000000000040b2       0x1a contiki-z1.a(cc2420.o)
 .any.text.getreg
                0x00000000000040cc       0x46 contiki-z1.a(cc2420.o)
 .any.text.setreg
                0x0000000000004112       0x44 contiki-z1.a(cc2420.o)
 .any.text.write_ram
                0x0000000000004156       0x72 contiki-z1.a(cc2420.o)
 .any.text.write_fifo_buf
                0x00000000000041c8       0x38 contiki-z1.a(cc2420.o)
 .any.text.get_status
                0x0000000000004200       0x1e contiki-z1.a(cc2420.o)
 .any.text.set_txpower
                0x000000000000421e       0x24 contiki-z1.a(cc2420.o)
 .any.text.cc2420_receiving_packet
                0x0000000000004242        0xa contiki-z1.a(cc2420.o)
 .any.text.pending_packet
                0x000000000000424c        0xa contiki-z1.a(cc2420.o)
 .any.text.on   0x0000000000004256       0x26 contiki-z1.a(cc2420.o)
 .any.text.wait_for_transmission
                0x000000000000427c       0x22 contiki-z1.a(cc2420.o)
 .any.text.wait_for_status
                0x000000000000429e       0x24 contiki-z1.a(cc2420.o)
 .any.text.getrxdata
                0x00000000000042c2       0x4c contiki-z1.a(cc2420.o)
 .any.text.flushrx
                0x000000000000430e       0x1a contiki-z1.a(cc2420.o)
 .any.text.off  0x0000000000004328       0x5a contiki-z1.a(cc2420.o)
 .any.text.RELEASE_LOCK
                0x0000000000004382       0x28 contiki-z1.a(cc2420.o)
 .any.text.set_frame_filtering
                0x00000000000043aa       0x30 contiki-z1.a(cc2420.o)
 .any.text.set_auto_ack
                0x00000000000043da       0x30 contiki-z1.a(cc2420.o)
 .any.text.set_poll_mode
                0x000000000000440a       0x2c contiki-z1.a(cc2420.o)
 .any.text.cc2420_prepare
                0x0000000000004436       0x38 contiki-z1.a(cc2420.o)
 .any.text.cc2420_on
                0x000000000000446e       0x22 contiki-z1.a(cc2420.o)
                0x000000000000446e                cc2420_on
 .any.text.cc2420_off
                0x0000000000004490       0x30 contiki-z1.a(cc2420.o)
                0x0000000000004490                cc2420_off
 .any.text.cc2420_cca
                0x00000000000044c0       0x54 contiki-z1.a(cc2420.o)
 .any.text.cc2420_read
                0x0000000000004514       0xb8 contiki-z1.a(cc2420.o)
 .any.text.process_thread_cc2420_process
                0x00000000000045cc       0x5c contiki-z1.a(cc2420.o)
 .any.text.cc2420_set_channel
                0x0000000000004628       0x3a contiki-z1.a(cc2420.o)
                0x0000000000004628                cc2420_set_channel
 .any.text.cc2420_set_pan_addr
                0x0000000000004662       0x4c contiki-z1.a(cc2420.o)
                0x0000000000004662                cc2420_set_pan_addr
 .any.text.cc2420_interrupt
                0x00000000000046ae       0x16 contiki-z1.a(cc2420.o)
                0x00000000000046ae                cc2420_interrupt
 .any.text.cc2420_set_txpower
                0x00000000000046c4        0xe contiki-z1.a(cc2420.o)
                0x00000000000046c4                cc2420_set_txpower
 .any.text.cc2420_get_txpower
                0x00000000000046d2       0x1e contiki-z1.a(cc2420.o)
                0x00000000000046d2                cc2420_get_txpower
 .any.text.cc2420_transmit
                0x00000000000046f0      0x10e contiki-z1.a(cc2420.o)
 .any.text.cc2420_send
                0x00000000000047fe       0x12 contiki-z1.a(cc2420.o)
 .any.text.cc2420_rssi
                0x0000000000004810       0x48 contiki-z1.a(cc2420.o)
                0x0000000000004810                cc2420_rssi
 .any.text.get_value
                0x0000000000004858      0x104 contiki-z1.a(cc2420.o)
 .any.text.cc2420_set_cca_threshold
                0x000000000000495c       0x16 contiki-z1.a(cc2420.o)
                0x000000000000495c                cc2420_set_cca_threshold
 .any.text.set_value
                0x0000000000004972       0xb2 contiki-z1.a(cc2420.o)
 .any.text.cc2420_init
                0x0000000000004a24       0xea contiki-z1.a(cc2420.o)
                0x0000000000004a24                cc2420_init
 .any.text.cc2420_arch_init
                0x0000000000004b0e       0x1a contiki-z1.a(cc2420-arch.o)
                0x0000000000004b0e                cc2420_arch_init
 .any.text.node_id_restore
                0x0000000000004b28       0x4c contiki-z1.a(node-id.o)
                0x0000000000004b28                node_id_restore
 .any.text.process_thread_sensors_process
                0x0000000000004b74       0xc2 contiki-z1.a(sensors.o)
 .any.text.sensors_changed
                0x0000000000004c36       0x2a contiki-z1.a(sensors.o)
                0x0000000000004c36                sensors_changed
 .any.text.uart0_active
                0x0000000000004c60        0xe contiki-z1.a(uart0.o)
                0x0000000000004c60                uart0_active
 .any.text.uart0_writeb
                0x0000000000004c6e       0x16 contiki-z1.a(uart0.o)
                0x0000000000004c6e                uart0_writeb
 .any.text.uart0_init
                0x0000000000004c84       0x4e contiki-z1.a(uart0.o)
                0x0000000000004c84                uart0_init
 .any.text.putchar
                0x0000000000004cd2       0x10 contiki-z1.a(uart0-putchar.o)
                0x0000000000004cd2                putchar
 .any.text.status
                0x0000000000004ce2       0x12 contiki-z1.a(adxl345.o)
 .any.text.accm_write_reg
                0x0000000000004cf4       0x2e contiki-z1.a(adxl345.o)
 .any.text.accm_write_stream
                0x0000000000004d22       0x2a contiki-z1.a(adxl345.o)
 .any.text.accm_read_reg
                0x0000000000004d4c       0x54 contiki-z1.a(adxl345.o)
 .any.text.process_thread_accmeter_process
                0x0000000000004da0       0x56 contiki-z1.a(adxl345.o)
 .any.text.accm_read_axis.part.0
                0x0000000000004df6       0x5a contiki-z1.a(adxl345.o)
 .any.text.value
                0x0000000000004e50       0x1e contiki-z1.a(adxl345.o)
 .any.text.accm_init
                0x0000000000004e6e       0x78 contiki-z1.a(adxl345.o)
                0x0000000000004e6e                accm_init
 .any.text.accm_stop
                0x0000000000004ee6       0x32 contiki-z1.a(adxl345.o)
                0x0000000000004ee6                accm_stop
 .any.text.configure
                0x0000000000004f18       0x26 contiki-z1.a(adxl345.o)
 .any.text.status
                0x0000000000004f3e       0x12 contiki-z1.a(tmp102.o)
 .any.text.tmp102_init
                0x0000000000004f50       0x24 contiki-z1.a(tmp102.o)
                0x0000000000004f50                tmp102_init
 .any.text.tmp102_stop
                0x0000000000004f74        0xa contiki-z1.a(tmp102.o)
                0x0000000000004f74                tmp102_stop
 .any.text.configure
                0x0000000000004f7e       0x26 contiki-z1.a(tmp102.o)
 .any.text.tmp102_read_reg
                0x0000000000004fa4       0x5e contiki-z1.a(tmp102.o)
                0x0000000000004fa4                tmp102_read_reg
 .any.text.tmp102_read_temp_x100
                0x0000000000005002       0x58 contiki-z1.a(tmp102.o)
                0x0000000000005002                tmp102_read_temp_x100
 .any.text.value
                0x000000000000505a        0x6 contiki-z1.a(tmp102.o)
 .any.text.clock_time
                0x0000000000005060       0x1a contiki-z1.a(clock.o)
                0x0000000000005060                clock_time
 .any.text.clock_init
                0x000000000000507a       0x28 contiki-z1.a(clock.o)
                0x000000000000507a                clock_init
 .any.text.clock_delay
                0x00000000000050a2        0xc contiki-z1.a(clock.o)
                0x00000000000050a2                clock_delay
 .any.text.clock_wait
                0x00000000000050ae       0x24 contiki-z1.a(clock.o)
                0x00000000000050ae                clock_wait
 .any.text.clock_seconds
                0x00000000000050d2       0x1a contiki-z1.a(clock.o)
                0x00000000000050d2                clock_seconds
 .any.text.leds_arch_init
                0x00000000000050ec        0xe contiki-z1.a(leds-arch.o)
                0x00000000000050ec                leds_arch_init
 .any.text.leds_arch_set
                0x00000000000050fa       0x38 contiki-z1.a(leds-arch.o)
                0x00000000000050fa                leds_arch_set
 .any.text.rtimer_arch_init
                0x0000000000005132        0xe contiki-z1.a(rtimer-arch.o)
                0x0000000000005132                rtimer_arch_init
 .any.text.rtimer_arch_now
                0x0000000000005140        0xe contiki-z1.a(rtimer-arch.o)
                0x0000000000005140                rtimer_arch_now
 .any.text.rtimer_arch_schedule
                0x000000000000514e        0x6 contiki-z1.a(rtimer-arch.o)
                0x000000000000514e                rtimer_arch_schedule
 .any.text.autostart_start
                0x0000000000005154       0x16 contiki-z1.a(autostart.o)
                0x0000000000005154                autostart_start
 .any.text.process_thread_ctimer_process
                0x000000000000516a       0xa0 contiki-z1.a(ctimer.o)
 .any.text.ctimer_init
                0x000000000000520a       0x18 contiki-z1.a(ctimer.o)
                0x000000000000520a                ctimer_init
 .any.text.ctimer_set_with_process
                0x0000000000005222       0x4a contiki-z1.a(ctimer.o)
                0x0000000000005222                ctimer_set_with_process
 .any.text.ctimer_set
                0x000000000000526c       0x10 contiki-z1.a(ctimer.o)
                0x000000000000526c                ctimer_set
 .any.text.ctimer_reset
                0x000000000000527c       0x2c contiki-z1.a(ctimer.o)
                0x000000000000527c                ctimer_reset
 .any.text.ctimer_restart
                0x00000000000052a8       0x2c contiki-z1.a(ctimer.o)
                0x00000000000052a8                ctimer_restart
 .any.text.ctimer_stop
                0x00000000000052d4       0x28 contiki-z1.a(ctimer.o)
                0x00000000000052d4                ctimer_stop
 .any.text.energest_init
                0x00000000000052fc       0x24 contiki-z1.a(energest.o)
                0x00000000000052fc                energest_init
 .any.text.energest_type_time
                0x0000000000005320       0x3c contiki-z1.a(energest.o)
                0x0000000000005320                energest_type_time
 .any.text.energest_type_set
                0x000000000000535c        0xc contiki-z1.a(energest.o)
                0x000000000000535c                energest_type_set
 .any.text.energest_flush
                0x0000000000005368       0x38 contiki-z1.a(energest.o)
                0x0000000000005368                energest_flush
 .any.text.stimer_set
                0x00000000000053a0       0x1c contiki-z1.a(stimer.o)
                0x00000000000053a0                stimer_set
 .any.text.stimer_expired
                0x00000000000053bc       0x30 contiki-z1.a(stimer.o)
                0x00000000000053bc                stimer_expired
 .any.text.stimer_remaining
                0x00000000000053ec       0x24 contiki-z1.a(stimer.o)
                0x00000000000053ec                stimer_remaining
 .any.text.update_time
                0x0000000000005410       0x70 contiki-z1.a(etimer.o)
 .any.text.etimer_request_poll
                0x0000000000005480        0xa contiki-z1.a(etimer.o)
                0x0000000000005480                etimer_request_poll
 .any.text.process_thread_etimer_process
                0x000000000000548a       0xc4 contiki-z1.a(etimer.o)
 .any.text.add_timer
                0x000000000000554e       0x40 contiki-z1.a(etimer.o)
 .any.text.etimer_set
                0x000000000000558e       0x12 contiki-z1.a(etimer.o)
                0x000000000000558e                etimer_set
 .any.text.etimer_reset
                0x00000000000055a0       0x12 contiki-z1.a(etimer.o)
                0x00000000000055a0                etimer_reset
 .any.text.etimer_restart
                0x00000000000055b2       0x12 contiki-z1.a(etimer.o)
                0x00000000000055b2                etimer_restart
 .any.text.etimer_expired
                0x00000000000055c4        0xe contiki-z1.a(etimer.o)
                0x00000000000055c4                etimer_expired
 .any.text.etimer_expiration_time
                0x00000000000055d2       0x14 contiki-z1.a(etimer.o)
                0x00000000000055d2                etimer_expiration_time
 .any.text.etimer_pending
                0x00000000000055e6        0xc contiki-z1.a(etimer.o)
                0x00000000000055e6                etimer_pending
 .any.text.etimer_next_expiration_time
                0x00000000000055f2       0x16 contiki-z1.a(etimer.o)
                0x00000000000055f2                etimer_next_expiration_time
 .any.text.etimer_stop
                0x0000000000005608       0x3e contiki-z1.a(etimer.o)
                0x0000000000005608                etimer_stop
 .any.text.call_process
                0x0000000000005646       0x40 contiki-z1.a(process.o)
 .any.text.exit_process
                0x0000000000005686       0x88 contiki-z1.a(process.o)
 .any.text.do_poll
                0x000000000000570e       0x30 contiki-z1.a(process.o)
 .any.text.process_alloc_event
                0x000000000000573e        0xe contiki-z1.a(process.o)
                0x000000000000573e                process_alloc_event
 .any.text.process_init
                0x000000000000574c       0x1c contiki-z1.a(process.o)
                0x000000000000574c                process_init
 .any.text.process_run
                0x0000000000005768       0x8c contiki-z1.a(process.o)
                0x0000000000005768                process_run
 .any.text.process_nevents
                0x00000000000057f4        0xe contiki-z1.a(process.o)
                0x00000000000057f4                process_nevents
 .any.text.process_post
                0x0000000000005802       0x4a contiki-z1.a(process.o)
                0x0000000000005802                process_post
 .any.text.process_post_synch
                0x000000000000584c       0x12 contiki-z1.a(process.o)
                0x000000000000584c                process_post_synch
 .any.text.process_start
                0x000000000000585e       0x36 contiki-z1.a(process.o)
                0x000000000000585e                process_start
 .any.text.process_poll
                0x0000000000005894       0x18 contiki-z1.a(process.o)
                0x0000000000005894                process_poll
 .any.text.rtimer_init
                0x00000000000058ac        0x6 contiki-z1.a(rtimer.o)
                0x00000000000058ac                rtimer_init
 .any.text.rtimer_run_next
                0x00000000000058b2       0x26 contiki-z1.a(rtimer.o)
                0x00000000000058b2                rtimer_run_next
 .any.text.timer_set
                0x00000000000058d8       0x1c contiki-z1.a(timer.o)
                0x00000000000058d8                timer_set
 .any.text.timer_reset
                0x00000000000058f4        0xe contiki-z1.a(timer.o)
                0x00000000000058f4                timer_reset
 .any.text.timer_restart
                0x0000000000005902       0x14 contiki-z1.a(timer.o)
                0x0000000000005902                timer_restart
 .any.text.timer_expired
                0x0000000000005916       0x2a contiki-z1.a(timer.o)
                0x0000000000005916                timer_expired
 .any.text.list_init
                0x0000000000005940        0x6 contiki-z1.a(list.o)
                0x0000000000005940                list_init
 .any.text.list_head
                0x0000000000005946        0x4 contiki-z1.a(list.o)
                0x0000000000005946                list_head
 .any.text.list_tail
                0x000000000000594a       0x12 contiki-z1.a(list.o)
                0x000000000000594a                list_tail
 .any.text.list_remove
                0x000000000000595c       0x34 contiki-z1.a(list.o)
                0x000000000000595c                list_remove
 .any.text.list_push
                0x0000000000005990       0x16 contiki-z1.a(list.o)
                0x0000000000005990                list_push
 .any.text.list_add
                0x00000000000059a6       0x26 contiki-z1.a(list.o)
                0x00000000000059a6                list_add
 .any.text.list_length
                0x00000000000059cc       0x10 contiki-z1.a(list.o)
                0x00000000000059cc                list_length
 .any.text.list_item_next
                0x00000000000059dc        0xc contiki-z1.a(list.o)
                0x00000000000059dc                list_item_next
 .any.text.random_init
                0x00000000000059e8        0x6 contiki-z1.a(random.o)
                0x00000000000059e8                random_init
 .any.text.random_rand
                0x00000000000059ee        0x6 contiki-z1.a(random.o)
                0x00000000000059ee                random_rand
 .any.text.uip_ds6_list_loop
                0x00000000000059f4       0x66 contiki-z1.a(uip-ds6.o)
                0x00000000000059f4                uip_ds6_list_loop
 .any.text.uip_ds6_prefix_add
                0x0000000000005a5a       0x70 contiki-z1.a(uip-ds6.o)
                0x0000000000005a5a                uip_ds6_prefix_add
 .any.text.uip_ds6_is_addr_onlink
                0x0000000000005aca       0x42 contiki-z1.a(uip-ds6.o)
                0x0000000000005aca                uip_ds6_is_addr_onlink
 .any.text.uip_ds6_addr_lookup
                0x0000000000005b0c       0x2a contiki-z1.a(uip-ds6.o)
                0x0000000000005b0c                uip_ds6_addr_lookup
 .any.text.uip_ds6_get_link_local
                0x0000000000005b36       0x3e contiki-z1.a(uip-ds6.o)
                0x0000000000005b36                uip_ds6_get_link_local
 .any.text.uip_ds6_maddr_add
                0x0000000000005b74       0x48 contiki-z1.a(uip-ds6.o)
                0x0000000000005b74                uip_ds6_maddr_add
 .any.text.uip_ds6_addr_add
                0x0000000000005bbc       0xb4 contiki-z1.a(uip-ds6.o)
                0x0000000000005bbc                uip_ds6_addr_add
 .any.text.uip_ds6_maddr_rm
                0x0000000000005c70        0xa contiki-z1.a(uip-ds6.o)
                0x0000000000005c70                uip_ds6_maddr_rm
 .any.text.uip_ds6_maddr_lookup
                0x0000000000005c7a       0x2a contiki-z1.a(uip-ds6.o)
                0x0000000000005c7a                uip_ds6_maddr_lookup
 .any.text.uip_ds6_addr_rm
                0x0000000000005ca4       0x54 contiki-z1.a(uip-ds6.o)
                0x0000000000005ca4                uip_ds6_addr_rm
 .any.text.uip_ds6_periodic
                0x0000000000005cf8       0x46 contiki-z1.a(uip-ds6.o)
                0x0000000000005cf8                uip_ds6_periodic
 .any.text.uip_ds6_set_addr_iid
                0x0000000000005d3e       0x14 contiki-z1.a(uip-ds6.o)
                0x0000000000005d3e                uip_ds6_set_addr_iid
 .any.text.get_match_length
                0x0000000000005d52       0x3c contiki-z1.a(uip-ds6.o)
                0x0000000000005d52                get_match_length
 .any.text.uip_ds6_select_src
                0x0000000000005d8e       0x9a contiki-z1.a(uip-ds6.o)
                0x0000000000005d8e                uip_ds6_select_src
 .any.text.uip_ds6_compute_reachable_time
                0x0000000000005e28       0x36 contiki-z1.a(uip-ds6.o)
                0x0000000000005e28                uip_ds6_compute_reachable_time
 .any.text.uip_ds6_init
                0x0000000000005e5e      0x138 contiki-z1.a(uip-ds6.o)
                0x0000000000005e5e                uip_ds6_init
 .any.text.call_route_callback
                0x0000000000005f96       0x40 contiki-z1.a(uip-ds6-route.o)
 .any.text.uip_ds6_route_init
                0x0000000000005fd6       0x36 contiki-z1.a(uip-ds6-route.o)
                0x0000000000005fd6                uip_ds6_route_init
 .any.text.uip_ds6_route_nexthop
                0x000000000000600c       0x1a contiki-z1.a(uip-ds6-route.o)
                0x000000000000600c                uip_ds6_route_nexthop
 .any.text.uip_ds6_route_head
                0x0000000000006026        0xa contiki-z1.a(uip-ds6-route.o)
                0x0000000000006026                uip_ds6_route_head
 .any.text.uip_ds6_route_next
                0x0000000000006030        0xe contiki-z1.a(uip-ds6-route.o)
                0x0000000000006030                uip_ds6_route_next
 .any.text.uip_ds6_route_is_nexthop
                0x000000000000603e       0x22 contiki-z1.a(uip-ds6-route.o)
                0x000000000000603e                uip_ds6_route_is_nexthop
 .any.text.uip_ds6_route_lookup
                0x0000000000006060       0x6e contiki-z1.a(uip-ds6-route.o)
                0x0000000000006060                uip_ds6_route_lookup
 .any.text.uip_ds6_route_rm
                0x00000000000060ce       0xa2 contiki-z1.a(uip-ds6-route.o)
                0x00000000000060ce                uip_ds6_route_rm
 .any.text.rm_routelist
                0x0000000000006170       0x34 contiki-z1.a(uip-ds6-route.o)
 .any.text.rm_routelist_callback
                0x00000000000061a4        0x6 contiki-z1.a(uip-ds6-route.o)
 .any.text.uip_ds6_route_add
                0x00000000000061aa       0xfc contiki-z1.a(uip-ds6-route.o)
                0x00000000000061aa                uip_ds6_route_add
 .any.text.uip_ds6_defrt_rm
                0x00000000000062a6       0x44 contiki-z1.a(uip-ds6-route.o)
                0x00000000000062a6                uip_ds6_defrt_rm
 .any.text.uip_ds6_defrt_lookup
                0x00000000000062ea       0x32 contiki-z1.a(uip-ds6-route.o)
                0x00000000000062ea                uip_ds6_defrt_lookup
 .any.text.uip_ds6_defrt_add
                0x000000000000631c       0x68 contiki-z1.a(uip-ds6-route.o)
                0x000000000000631c                uip_ds6_defrt_add
 .any.text.uip_ds6_defrt_choose
                0x0000000000006384       0x36 contiki-z1.a(uip-ds6-route.o)
                0x0000000000006384                uip_ds6_defrt_choose
 .any.text.uip_ds6_defrt_periodic
                0x00000000000063ba       0x38 contiki-z1.a(uip-ds6-route.o)
                0x00000000000063ba                uip_ds6_defrt_periodic
 .any.text.chksum
                0x00000000000063f2       0x32 contiki-z1.a(uip6.o)
 .any.text.upper_layer_chksum
                0x0000000000006424       0x70 contiki-z1.a(uip6.o)
 .any.text.ext_hdr_options_process
                0x0000000000006494      0x110 contiki-z1.a(uip6.o)
 .any.text.uip_add32
                0x00000000000065a4       0x60 contiki-z1.a(uip6.o)
                0x00000000000065a4                uip_add32
 .any.text.uip_add_rcv_nxt
                0x0000000000006604       0x2e contiki-z1.a(uip6.o)
 .any.text.uip_icmp6chksum
                0x0000000000006632        0xa contiki-z1.a(uip6.o)
                0x0000000000006632                uip_icmp6chksum
 .any.text.uip_tcpchksum
                0x000000000000663c        0xa contiki-z1.a(uip6.o)
                0x000000000000663c                uip_tcpchksum
 .any.text.uip_udpchksum
                0x0000000000006646        0xa contiki-z1.a(uip6.o)
                0x0000000000006646                uip_udpchksum
 .any.text.uip_init
                0x0000000000006650       0x56 contiki-z1.a(uip6.o)
                0x0000000000006650                uip_init
 .any.text.remove_ext_hdr
                0x00000000000066a6       0x6e contiki-z1.a(uip6.o)
                0x00000000000066a6                remove_ext_hdr
 .any.text.uip_udp_new
                0x0000000000006714       0xa2 contiki-z1.a(uip6.o)
                0x0000000000006714                uip_udp_new
 .any.text.uip_unlisten
                0x00000000000067b6       0x1a contiki-z1.a(uip6.o)
                0x00000000000067b6                uip_unlisten
 .any.text.uip_process
                0x00000000000067d0      0xf92 contiki-z1.a(uip6.o)
                0x00000000000067d0                uip_process
 .any.text.uip_htonl
                0x0000000000007762       0x2a contiki-z1.a(uip6.o)
                0x0000000000007762                uip_htonl
 .any.text.uip_ds6_nbr_rm
                0x000000000000778c       0x1e contiki-z1.a(uip-ds6-nbr.o)
                0x000000000000778c                uip_ds6_nbr_rm
 .any.text.uip_ds6_neighbors_init
                0x00000000000077aa       0x12 contiki-z1.a(uip-ds6-nbr.o)
                0x00000000000077aa                uip_ds6_neighbors_init
 .any.text.uip_ds6_nbr_add
                0x00000000000077bc       0x36 contiki-z1.a(uip-ds6-nbr.o)
                0x00000000000077bc                uip_ds6_nbr_add
 .any.text.uip_ds6_nbr_get_ll
                0x00000000000077f2        0xc contiki-z1.a(uip-ds6-nbr.o)
                0x00000000000077f2                uip_ds6_nbr_get_ll
 .any.text.uip_ds6_nbr_num
                0x00000000000077fe       0x24 contiki-z1.a(uip-ds6-nbr.o)
                0x00000000000077fe                uip_ds6_nbr_num
 .any.text.uip_ds6_nbr_lookup
                0x0000000000007822       0x3e contiki-z1.a(uip-ds6-nbr.o)
                0x0000000000007822                uip_ds6_nbr_lookup
 .any.text.uip_ds6_nbr_ll_lookup
                0x0000000000007860        0xc contiki-z1.a(uip-ds6-nbr.o)
                0x0000000000007860                uip_ds6_nbr_ll_lookup
 .any.text.uip_ds6_nbr_ipaddr_from_lladdr
                0x000000000000786c        0x6 contiki-z1.a(uip-ds6-nbr.o)
                0x000000000000786c                uip_ds6_nbr_ipaddr_from_lladdr
 .any.text.uip_ds6_nbr_lladdr_from_ipaddr
                0x0000000000007872       0x12 contiki-z1.a(uip-ds6-nbr.o)
                0x0000000000007872                uip_ds6_nbr_lladdr_from_ipaddr
 .any.text.uip_ds6_link_neighbor_callback
                0x0000000000007884       0x32 contiki-z1.a(uip-ds6-nbr.o)
                0x0000000000007884                uip_ds6_link_neighbor_callback
 .any.text.ns_input
                0x00000000000078b6      0x26c contiki-z1.a(uip-nd6.o)
 .any.text.uip_nd6_init
                0x0000000000007b22        0xa contiki-z1.a(uip-nd6.o)
                0x0000000000007b22                uip_nd6_init
 .any.text.clear_fragments
                0x0000000000007b2c       0x38 contiki-z1.a(sicslowpan.o)
 .any.text.set_packet_attrs
                0x0000000000007b64       0x46 contiki-z1.a(sicslowpan.o)
 .any.text.addr_context_lookup_by_number
                0x0000000000007baa       0x30 contiki-z1.a(sicslowpan.o)
 .any.text.compress_addr_64
                0x0000000000007bda       0x9a contiki-z1.a(sicslowpan.o)
 .any.text.store_fragment
                0x0000000000007c74       0x6e contiki-z1.a(sicslowpan.o)
 .any.text.uncompress_addr
                0x0000000000007ce2       0x96 contiki-z1.a(sicslowpan.o)
 .any.text.sicslowpan_init
                0x0000000000007d78       0x24 contiki-z1.a(sicslowpan.o)
                0x0000000000007d78                sicslowpan_init
 .any.text.addr_context_lookup_by_prefix
                0x0000000000007d9c       0x4a contiki-z1.a(sicslowpan.o)
 .any.text.packet_sent
                0x0000000000007de6       0x22 contiki-z1.a(sicslowpan.o)
 .any.text.add_fragment
                0x0000000000007e08      0x160 contiki-z1.a(sicslowpan.o)
 .any.text.input
                0x0000000000007f68      0x60e contiki-z1.a(sicslowpan.o)
 .any.text.send_packet
                0x0000000000008576       0x1a contiki-z1.a(sicslowpan.o)
 .any.text.output
                0x0000000000008590      0x67c contiki-z1.a(sicslowpan.o)
 .any.text.uip_debug_ipaddr_print
                0x0000000000008c0c       0xbc contiki-z1.a(uip-debug.o)
                0x0000000000008c0c                uip_debug_ipaddr_print
 .any.text.uip_udp_packet_send
                0x0000000000008cc8       0x2a contiki-z1.a(uip-udp-packet.)
                0x0000000000008cc8                uip_udp_packet_send
 .any.text.uip_udp_packet_sendto
                0x0000000000008cf2       0x56 contiki-z1.a(uip-udp-packet.)
                0x0000000000008cf2                uip_udp_packet_sendto
 .any.text.start_periodic_tcp_timer
                0x0000000000008d48       0x16 contiki-z1.a(tcpip.o)
 .any.text.tcpip_output
                0x0000000000008d5e       0x10 contiki-z1.a(tcpip.o)
                0x0000000000008d5e                tcpip_output
 .any.text.tcpip_set_outputfunc
                0x0000000000008d6e        0x6 contiki-z1.a(tcpip.o)
                0x0000000000008d6e                tcpip_set_outputfunc
 .any.text.udp_new
                0x0000000000008d74       0x1a contiki-z1.a(tcpip.o)
                0x0000000000008d74                udp_new
 .any.text.tcpip_input
                0x0000000000008d8e       0x16 contiki-z1.a(tcpip.o)
                0x0000000000008d8e                tcpip_input
 .any.text.tcpip_ipv6_output
                0x0000000000008da4       0xcc contiki-z1.a(tcpip.o)
                0x0000000000008da4                tcpip_ipv6_output
 .any.text.process_thread_tcpip_process
                0x0000000000008e70      0x1a8 contiki-z1.a(tcpip.o)
 .any.text.tcpip_uipcall
                0x0000000000009018       0x62 contiki-z1.a(tcpip.o)
                0x0000000000009018                tcpip_uipcall
 .any.text.lollipop_greater_than
                0x000000000000907a       0x3c contiki-z1.a(rpl-dag.o)
 .any.text.find_parent_any_dag_any_instance
                0x00000000000090b6       0x14 contiki-z1.a(rpl-dag.o)
 .any.text.rpl_set_preferred_parent
                0x00000000000090ca       0x2c contiki-z1.a(rpl-dag.o)
 .any.text.set_ip_from_prefix
                0x00000000000090f6       0x30 contiki-z1.a(rpl-dag.o)
 .any.text.check_prefix
                0x0000000000009126       0x70 contiki-z1.a(rpl-dag.o)
 .any.text.rpl_dag_init
                0x0000000000009196        0xe contiki-z1.a(rpl-dag.o)
                0x0000000000009196                rpl_dag_init
 .any.text.rpl_get_parent
                0x00000000000091a4        0xc contiki-z1.a(rpl-dag.o)
                0x00000000000091a4                rpl_get_parent
 .any.text.rpl_get_parent_link_metric
                0x00000000000091b0       0x2a contiki-z1.a(rpl-dag.o)
                0x00000000000091b0                rpl_get_parent_link_metric
 .any.text.rpl_rank_via_parent
                0x00000000000091da       0x2a contiki-z1.a(rpl-dag.o)
                0x00000000000091da                rpl_rank_via_parent
 .any.text.rpl_get_parent_lladdr
                0x0000000000009204        0xc contiki-z1.a(rpl-dag.o)
                0x0000000000009204                rpl_get_parent_lladdr
 .any.text.rpl_get_parent_ipaddr
                0x0000000000009210        0xa contiki-z1.a(rpl-dag.o)
                0x0000000000009210                rpl_get_parent_ipaddr
 .any.text.rpl_get_parent_link_stats
                0x000000000000921a        0xa contiki-z1.a(rpl-dag.o)
                0x000000000000921a                rpl_get_parent_link_stats
 .any.text.rpl_print_neighbor_list
                0x0000000000009224      0x10e contiki-z1.a(rpl-dag.o)
                0x0000000000009224                rpl_print_neighbor_list
 .any.text.rpl_parent_is_fresh
                0x0000000000009332        0xa contiki-z1.a(rpl-dag.o)
                0x0000000000009332                rpl_parent_is_fresh
 .any.text.best_parent
                0x000000000000933c       0x72 contiki-z1.a(rpl-dag.o)
 .any.text.rpl_parent_is_reachable
                0x00000000000093ae       0x4a contiki-z1.a(rpl-dag.o)
                0x00000000000093ae                rpl_parent_is_reachable
 .any.text.rpl_set_prefix
                0x00000000000093f8       0x74 contiki-z1.a(rpl-dag.o)
                0x00000000000093f8                rpl_set_prefix
 .any.text.rpl_set_default_route
                0x000000000000946c       0x3a contiki-z1.a(rpl-dag.o)
                0x000000000000946c                rpl_set_default_route
 .any.text.rpl_alloc_instance
                0x00000000000094a6       0x34 contiki-z1.a(rpl-dag.o)
                0x00000000000094a6                rpl_alloc_instance
 .any.text.rpl_add_parent
                0x00000000000094da       0x3a contiki-z1.a(rpl-dag.o)
                0x00000000000094da                rpl_add_parent
 .any.text.rpl_find_parent
                0x0000000000009514       0x1a contiki-z1.a(rpl-dag.o)
                0x0000000000009514                rpl_find_parent
 .any.text.rpl_find_parent_any_dag
                0x000000000000952e       0x22 contiki-z1.a(rpl-dag.o)
                0x000000000000952e                rpl_find_parent_any_dag
 .any.text.rpl_select_parent
                0x0000000000009550       0x62 contiki-z1.a(rpl-dag.o)
                0x0000000000009550                rpl_select_parent
 .any.text.rpl_select_dag
                0x00000000000095b2      0x192 contiki-z1.a(rpl-dag.o)
                0x00000000000095b2                rpl_select_dag
 .any.text.rpl_nullify_parent
                0x0000000000009744       0x5c contiki-z1.a(rpl-dag.o)
                0x0000000000009744                rpl_nullify_parent
 .any.text.rpl_remove_parent
                0x00000000000097a0       0x16 contiki-z1.a(rpl-dag.o)
                0x00000000000097a0                rpl_remove_parent
 .any.text.nbr_callback
                0x00000000000097b6        0x6 contiki-z1.a(rpl-dag.o)
 .any.text.remove_parents.constprop.4
                0x00000000000097bc       0x2c contiki-z1.a(rpl-dag.o)
 .any.text.rpl_free_dag
                0x00000000000097e8       0x42 contiki-z1.a(rpl-dag.o)
                0x00000000000097e8                rpl_free_dag
 .any.text.rpl_move_parent
                0x000000000000982a       0x60 contiki-z1.a(rpl-dag.o)
                0x000000000000982a                rpl_move_parent
 .any.text.rpl_get_dag
                0x000000000000988a       0x5c contiki-z1.a(rpl-dag.o)
                0x000000000000988a                rpl_get_dag
 .any.text.rpl_get_any_dag
                0x00000000000098e6       0x16 contiki-z1.a(rpl-dag.o)
                0x00000000000098e6                rpl_get_any_dag
 .any.text.rpl_get_instance
                0x00000000000098fc       0x16 contiki-z1.a(rpl-dag.o)
                0x00000000000098fc                rpl_get_instance
 .any.text.rpl_alloc_dag
                0x0000000000009912       0x60 contiki-z1.a(rpl-dag.o)
                0x0000000000009912                rpl_alloc_dag
 .any.text.rpl_repair_root
                0x0000000000009972       0x4c contiki-z1.a(rpl-dag.o)
                0x0000000000009972                rpl_repair_root
 .any.text.rpl_find_of
                0x00000000000099be       0x10 contiki-z1.a(rpl-dag.o)
                0x00000000000099be                rpl_find_of
 .any.text.rpl_join_instance
                0x00000000000099ce      0x142 contiki-z1.a(rpl-dag.o)
                0x00000000000099ce                rpl_join_instance
 .any.text.rpl_local_repair
                0x0000000000009b10       0x82 contiki-z1.a(rpl-dag.o)
                0x0000000000009b10                rpl_local_repair
 .any.text.rpl_process_parent_event
                0x0000000000009b92       0xa8 contiki-z1.a(rpl-dag.o)
                0x0000000000009b92                rpl_process_parent_event
 .any.text.rpl_recalculate_ranks
                0x0000000000009c3a       0x44 contiki-z1.a(rpl-dag.o)
                0x0000000000009c3a                rpl_recalculate_ranks
 .any.text.rpl_add_dag
                0x0000000000009c7e      0x104 contiki-z1.a(rpl-dag.o)
                0x0000000000009c7e                rpl_add_dag
 .any.text.rpl_process_dio
                0x0000000000009d82      0x32c contiki-z1.a(rpl-dag.o)
                0x0000000000009d82                rpl_process_dio
 .any.text.handle_unicast_dio_timer
                0x000000000000a0ae       0x1c contiki-z1.a(rpl-timers.o)
 .any.text.new_dio_interval
                0x000000000000a0ca       0x98 contiki-z1.a(rpl-timers.o)
 .any.text.set_dao_lifetime_timer
                0x000000000000a162       0x8a contiki-z1.a(rpl-timers.o)
 .any.text.handle_dio_timer
                0x000000000000a1ec       0xe4 contiki-z1.a(rpl-timers.o)
 .any.text.handle_periodic_timer
                0x000000000000a2d0       0x44 contiki-z1.a(rpl-timers.o)
 .any.text.schedule_dao
                0x000000000000a314       0x88 contiki-z1.a(rpl-timers.o)
 .any.text.handle_dao_timer
                0x000000000000a39c       0x84 contiki-z1.a(rpl-timers.o)
 .any.text.rpl_reset_periodic_timer
                0x000000000000a420       0x42 contiki-z1.a(rpl-timers.o)
                0x000000000000a420                rpl_reset_periodic_timer
 .any.text.rpl_reset_dio_timer
                0x000000000000a462       0x18 contiki-z1.a(rpl-timers.o)
                0x000000000000a462                rpl_reset_dio_timer
 .any.text.rpl_schedule_dao
                0x000000000000a47a        0xc contiki-z1.a(rpl-timers.o)
                0x000000000000a47a                rpl_schedule_dao
 .any.text.rpl_schedule_unicast_dio_immediately
                0x000000000000a486       0x16 contiki-z1.a(rpl-timers.o)
                0x000000000000a486                rpl_schedule_unicast_dio_immediately
 .any.text.get_probing_delay
                0x000000000000a49c       0x40 contiki-z1.a(rpl-timers.o)
                0x000000000000a49c                get_probing_delay
 .any.text.get_probing_target
                0x000000000000a4dc       0xe2 contiki-z1.a(rpl-timers.o)
                0x000000000000a4dc                get_probing_target
 .any.text.rpl_schedule_probing
                0x000000000000a5be       0x26 contiki-z1.a(rpl-timers.o)
                0x000000000000a5be                rpl_schedule_probing
 .any.text.handle_probing_timer
                0x000000000000a5e4       0x84 contiki-z1.a(rpl-timers.o)
 .any.text.update_hbh_header
                0x000000000000a668       0xcc contiki-z1.a(rpl-ext-header.)
 .any.text.insert_hbh_header
                0x000000000000a734       0x94 contiki-z1.a(rpl-ext-header.)
 .any.text.rpl_verify_hbh_header
                0x000000000000a7c8       0xf4 contiki-z1.a(rpl-ext-header.)
                0x000000000000a7c8                rpl_verify_hbh_header
 .any.text.rpl_remove_header
                0x000000000000a8bc       0x76 contiki-z1.a(rpl-ext-header.)
                0x000000000000a8bc                rpl_remove_header
 .any.text.rpl_update_header
                0x000000000000a932       0x60 contiki-z1.a(rpl-ext-header.)
                0x000000000000a932                rpl_update_header
 .any.text.rpl_get_mode
                0x000000000000a992        0x6 contiki-z1.a(rpl.o)
                0x000000000000a992                rpl_get_mode
 .any.text.rpl_purge_routes
                0x000000000000a998       0x94 contiki-z1.a(rpl.o)
                0x000000000000a998                rpl_purge_routes
 .any.text.rpl_remove_routes
                0x000000000000aa2c       0x22 contiki-z1.a(rpl.o)
                0x000000000000aa2c                rpl_remove_routes
 .any.text.rpl_remove_routes_by_nexthop
                0x000000000000aa4e       0x3e contiki-z1.a(rpl.o)
                0x000000000000aa4e                rpl_remove_routes_by_nexthop
 .any.text.rpl_add_route
                0x000000000000aa8c       0x5c contiki-z1.a(rpl.o)
                0x000000000000aa8c                rpl_add_route
 .any.text.rpl_link_neighbor_callback
                0x000000000000aae8       0x4c contiki-z1.a(rpl.o)
                0x000000000000aae8                rpl_link_neighbor_callback
 .any.text.rpl_ipv6_neighbor_callback
                0x000000000000ab34       0x1e contiki-z1.a(rpl.o)
                0x000000000000ab34                rpl_ipv6_neighbor_callback
 .any.text.rpl_purge_dags
                0x000000000000ab52       0x60 contiki-z1.a(rpl.o)
                0x000000000000ab52                rpl_purge_dags
 .any.text.rpl_init
                0x000000000000abb2       0x44 contiki-z1.a(rpl.o)
                0x000000000000abb2                rpl_init
 .any.text.reset
                0x000000000000abf6        0x2 contiki-z1.a(rpl-mrhof.o)
 .any.text.update_metric_container
                0x000000000000abf8        0x6 contiki-z1.a(rpl-mrhof.o)
 .any.text.parent_link_metric
                0x000000000000abfe       0x10 contiki-z1.a(rpl-mrhof.o)
 .any.text.parent_has_usable_link
                0x000000000000ac0e       0x14 contiki-z1.a(rpl-mrhof.o)
 .any.text.best_dag
                0x000000000000ac22       0x2e contiki-z1.a(rpl-mrhof.o)
 .any.text.parent_path_cost
                0x000000000000ac50       0x40 contiki-z1.a(rpl-mrhof.o)
 .any.text.parent_is_acceptable
                0x000000000000ac90       0x2a contiki-z1.a(rpl-mrhof.o)
 .any.text.rank_via_parent
                0x000000000000acba       0x4e contiki-z1.a(rpl-mrhof.o)
 .any.text.best_parent
                0x000000000000ad08       0x76 contiki-z1.a(rpl-mrhof.o)
 .any.text.queuebuf_init
                0x000000000000ad7e       0x12 contiki-z1.a(queuebuf.o)
                0x000000000000ad7e                queuebuf_init
 .any.text.queuebuf_numfree
                0x000000000000ad90        0xa contiki-z1.a(queuebuf.o)
                0x000000000000ad90                queuebuf_numfree
 .any.text.queuebuf_new_from_packetbuf
                0x000000000000ad9a       0x4e contiki-z1.a(queuebuf.o)
                0x000000000000ad9a                queuebuf_new_from_packetbuf
 .any.text.queuebuf_update_attr_from_packetbuf
                0x000000000000ade8       0x12 contiki-z1.a(queuebuf.o)
                0x000000000000ade8                queuebuf_update_attr_from_packetbuf
 .any.text.queuebuf_free
                0x000000000000adfa       0x2a contiki-z1.a(queuebuf.o)
                0x000000000000adfa                queuebuf_free
 .any.text.queuebuf_to_packetbuf
                0x000000000000ae24       0x32 contiki-z1.a(queuebuf.o)
                0x000000000000ae24                queuebuf_to_packetbuf
 .any.text.queuebuf_attr
                0x000000000000ae56        0xe contiki-z1.a(queuebuf.o)
                0x000000000000ae56                queuebuf_attr
 .any.text.key_from_index
                0x000000000000ae64       0x18 contiki-z1.a(nbr-table.o)
 .any.text.item_from_index
                0x000000000000ae7c       0x2a contiki-z1.a(nbr-table.o)
 .any.text.index_from_key
                0x000000000000aea6       0x26 contiki-z1.a(nbr-table.o)
 .any.text.index_from_item
                0x000000000000aecc       0x1e contiki-z1.a(nbr-table.o)
 .any.text.nbr_set_bit
                0x000000000000aeea       0x50 contiki-z1.a(nbr-table.o)
 .any.text.index_from_lladdr
                0x000000000000af3a       0x3e contiki-z1.a(nbr-table.o)
 .any.text.nbr_get_bit.constprop.0
                0x000000000000af78       0x2c contiki-z1.a(nbr-table.o)
 .any.text.remove_key
                0x000000000000afa4       0x56 contiki-z1.a(nbr-table.o)
 .any.text.nbr_table_register
                0x000000000000affa       0x26 contiki-z1.a(nbr-table.o)
                0x000000000000affa                nbr_table_register
 .any.text.nbr_table_next
                0x000000000000b020       0x3a contiki-z1.a(nbr-table.o)
                0x000000000000b020                nbr_table_next
 .any.text.nbr_table_head
                0x000000000000b05a       0x36 contiki-z1.a(nbr-table.o)
                0x000000000000b05a                nbr_table_head
 .any.text.nbr_table_add_lladdr
                0x000000000000b090       0xfc contiki-z1.a(nbr-table.o)
                0x000000000000b090                nbr_table_add_lladdr
 .any.text.nbr_table_get_from_lladdr
                0x000000000000b18c       0x28 contiki-z1.a(nbr-table.o)
                0x000000000000b18c                nbr_table_get_from_lladdr
 .any.text.nbr_table_remove
                0x000000000000b1b4       0x2a contiki-z1.a(nbr-table.o)
                0x000000000000b1b4                nbr_table_remove
 .any.text.nbr_table_lock
                0x000000000000b1de       0x10 contiki-z1.a(nbr-table.o)
                0x000000000000b1de                nbr_table_lock
 .any.text.nbr_table_unlock
                0x000000000000b1ee       0x10 contiki-z1.a(nbr-table.o)
                0x000000000000b1ee                nbr_table_unlock
 .any.text.nbr_table_get_lladdr
                0x000000000000b1fe       0x14 contiki-z1.a(nbr-table.o)
                0x000000000000b1fe                nbr_table_get_lladdr
 .any.text.nbr_table_update_lladdr
                0x000000000000b212       0x48 contiki-z1.a(nbr-table.o)
                0x000000000000b212                nbr_table_update_lladdr
 .any.text.packetbuf_hdrreduce
                0x000000000000b25a       0x1a contiki-z1.a(packetbuf.o)
                0x000000000000b25a                packetbuf_hdrreduce
 .any.text.packetbuf_set_datalen
                0x000000000000b274        0x6 contiki-z1.a(packetbuf.o)
                0x000000000000b274                packetbuf_set_datalen
 .any.text.packetbuf_hdrptr
                0x000000000000b27a        0x6 contiki-z1.a(packetbuf.o)
                0x000000000000b27a                packetbuf_hdrptr
 .any.text.packetbuf_datalen
                0x000000000000b280        0x6 contiki-z1.a(packetbuf.o)
                0x000000000000b280                packetbuf_datalen
 .any.text.packetbuf_hdrlen
                0x000000000000b286        0xa contiki-z1.a(packetbuf.o)
                0x000000000000b286                packetbuf_hdrlen
 .any.text.packetbuf_dataptr
                0x000000000000b290        0xc contiki-z1.a(packetbuf.o)
                0x000000000000b290                packetbuf_dataptr
 .any.text.packetbuf_copyto
                0x000000000000b29c       0x3a contiki-z1.a(packetbuf.o)
                0x000000000000b29c                packetbuf_copyto
 .any.text.packetbuf_totlen
                0x000000000000b2d6        0xc contiki-z1.a(packetbuf.o)
                0x000000000000b2d6                packetbuf_totlen
 .any.text.packetbuf_hdralloc
                0x000000000000b2e2       0x3c contiki-z1.a(packetbuf.o)
                0x000000000000b2e2                packetbuf_hdralloc
 .any.text.packetbuf_attr_clear
                0x000000000000b31e       0x28 contiki-z1.a(packetbuf.o)
                0x000000000000b31e                packetbuf_attr_clear
 .any.text.packetbuf_clear
                0x000000000000b346       0x12 contiki-z1.a(packetbuf.o)
                0x000000000000b346                packetbuf_clear
 .any.text.packetbuf_copyfrom
                0x000000000000b358       0x2a contiki-z1.a(packetbuf.o)
                0x000000000000b358                packetbuf_copyfrom
 .any.text.packetbuf_attr_copyto
                0x000000000000b382       0x22 contiki-z1.a(packetbuf.o)
                0x000000000000b382                packetbuf_attr_copyto
 .any.text.packetbuf_attr_copyfrom
                0x000000000000b3a4       0x24 contiki-z1.a(packetbuf.o)
                0x000000000000b3a4                packetbuf_attr_copyfrom
 .any.text.packetbuf_holds_broadcast
                0x000000000000b3c8        0xe contiki-z1.a(packetbuf.o)
                0x000000000000b3c8                packetbuf_holds_broadcast
 .any.text.linkaddr_copy
                0x000000000000b3d6        0x8 contiki-z1.a(linkaddr.o)
                0x000000000000b3d6                linkaddr_copy
 .any.text.linkaddr_cmp
                0x000000000000b3de       0x12 contiki-z1.a(linkaddr.o)
                0x000000000000b3de                linkaddr_cmp
 .any.text.linkaddr_set_node_addr
                0x000000000000b3f0        0xc contiki-z1.a(linkaddr.o)
                0x000000000000b3f0                linkaddr_set_node_addr
 .any.text.periodic
                0x000000000000b3fc       0x2c contiki-z1.a(link-stats.o)
 .any.text.link_stats_from_lladdr
                0x000000000000b428        0xc contiki-z1.a(link-stats.o)
                0x000000000000b428                link_stats_from_lladdr
 .any.text.link_stats_is_fresh
                0x000000000000b434       0x32 contiki-z1.a(link-stats.o)
                0x000000000000b434                link_stats_is_fresh
 .any.text.link_stats_packet_sent
                0x000000000000b466       0xc4 contiki-z1.a(link-stats.o)
                0x000000000000b466                link_stats_packet_sent
 .any.text.link_stats_input_callback
                0x000000000000b52a       0xa6 contiki-z1.a(link-stats.o)
                0x000000000000b52a                link_stats_input_callback
 .any.text.link_stats_init
                0x000000000000b5d0       0x22 contiki-z1.a(link-stats.o)
                0x000000000000b5d0                link_stats_init
 .any.text.create_frame.isra.0
                0x000000000000b5f2      0x114 contiki-z1.a(framer-802154.o)
 .any.text.create
                0x000000000000b706        0x8 contiki-z1.a(framer-802154.o)
 .any.text.hdr_length
                0x000000000000b70e        0x8 contiki-z1.a(framer-802154.o)
 .any.text.parse
                0x000000000000b716       0x9a contiki-z1.a(framer-802154.o)
 .any.text.input_packet
                0x000000000000b7b0        0x6 contiki-z1.a(csma.o)
 .any.text.on   0x000000000000b7b6        0x6 contiki-z1.a(csma.o)
 .any.text.off  0x000000000000b7bc        0x6 contiki-z1.a(csma.o)
 .any.text.channel_check_interval
                0x000000000000b7c2       0x10 contiki-z1.a(csma.o)
 .any.text.transmit_packet_list
                0x000000000000b7d2       0x24 contiki-z1.a(csma.o)
 .any.text.schedule_transmission
                0x000000000000b7f6       0x84 contiki-z1.a(csma.o)
 .any.text.init
                0x000000000000b87a       0x1a contiki-z1.a(csma.o)
 .any.text.tx_done
                0x000000000000b894       0x86 contiki-z1.a(csma.o)
 .any.text.send_packet
                0x000000000000b91a      0x158 contiki-z1.a(csma.o)
 .any.text.packet_sent
                0x000000000000ba72       0xca contiki-z1.a(csma.o)
 .any.text.frame802154_get_pan_id
                0x000000000000bb3c        0x6 contiki-z1.a(frame802154.o)
                0x000000000000bb3c                frame802154_get_pan_id
 .any.text.frame802154_has_panid
                0x000000000000bb42       0xe0 contiki-z1.a(frame802154.o)
                0x000000000000bb42                frame802154_has_panid
 .any.text.field_len
                0x000000000000bc22       0xa8 contiki-z1.a(frame802154.o)
 .any.text.frame802154_is_broadcast_addr
                0x000000000000bcca       0x28 contiki-z1.a(frame802154.o)
                0x000000000000bcca                frame802154_is_broadcast_addr
 .any.text.frame802154_hdrlen
                0x000000000000bcf2       0x32 contiki-z1.a(frame802154.o)
                0x000000000000bcf2                frame802154_hdrlen
 .any.text.frame802154_create_fcf
                0x000000000000bd24       0x6e contiki-z1.a(frame802154.o)
                0x000000000000bd24                frame802154_create_fcf
 .any.text.frame802154_create
                0x000000000000bd92       0xd4 contiki-z1.a(frame802154.o)
                0x000000000000bd92                frame802154_create
 .any.text.frame802154_parse_fcf
                0x000000000000be66       0x8c contiki-z1.a(frame802154.o)
                0x000000000000be66                frame802154_parse_fcf
 .any.text.frame802154_parse
                0x000000000000bef2      0x15c contiki-z1.a(frame802154.o)
                0x000000000000bef2                frame802154_parse
 .any.text.mac_call_sent_callback
                0x000000000000c04e       0x14 contiki-z1.a(mac.o)
                0x000000000000c04e                mac_call_sent_callback
 .any.text.on   0x000000000000c062        0x6 contiki-z1.a(nullrdc.o)
 .any.text.channel_check_interval
                0x000000000000c068        0x4 contiki-z1.a(nullrdc.o)
 .any.text.init
                0x000000000000c06c        0x6 contiki-z1.a(nullrdc.o)
 .any.text.off  0x000000000000c072       0x10 contiki-z1.a(nullrdc.o)
 .any.text.packet_input
                0x000000000000c082       0x28 contiki-z1.a(nullrdc.o)
 .any.text.send_one_packet
                0x000000000000c0aa       0x62 contiki-z1.a(nullrdc.o)
 .any.text.send_list
                0x000000000000c10c       0x28 contiki-z1.a(nullrdc.o)
 .any.text.send_packet
                0x000000000000c134        0x6 contiki-z1.a(nullrdc.o)
 .any.text.init
                0x000000000000c13a        0x2 contiki-z1.a(nullsec.o)
 .any.text.send
                0x000000000000c13c        0xa contiki-z1.a(nullsec.o)
 .any.text.input
                0x000000000000c146        0x6 contiki-z1.a(nullsec.o)
 .any.text.i2c_receiveinit
                0x000000000000c14c       0x36 contiki-z1.a(i2cmaster.o)
                0x000000000000c14c                i2c_receiveinit
 .any.text.i2c_transmitinit
                0x000000000000c182       0x30 contiki-z1.a(i2cmaster.o)
                0x000000000000c182                i2c_transmitinit
 .any.text.i2c_receive_n
                0x000000000000c1b2       0x3e contiki-z1.a(i2cmaster.o)
                0x000000000000c1b2                i2c_receive_n
 .any.text.i2c_busy
                0x000000000000c1f0        0xa contiki-z1.a(i2cmaster.o)
                0x000000000000c1f0                i2c_busy
 .any.text.i2c_enable
                0x000000000000c1fa       0x22 contiki-z1.a(i2cmaster.o)
                0x000000000000c1fa                i2c_enable
 .any.text.i2c_transmit_n
                0x000000000000c21c       0x14 contiki-z1.a(i2cmaster.o)
                0x000000000000c21c                i2c_transmit_n
 .any.text.status
                0x000000000000c230       0x18 contiki-z1.a(button-sensor.o)
 .any.text.value
                0x000000000000c248       0x20 contiki-z1.a(button-sensor.o)
 .any.text.configure
                0x000000000000c268       0x4e contiki-z1.a(button-sensor.o)
 .any.text.memb_init
                0x000000000000c2b6       0x36 contiki-z1.a(memb.o)
                0x000000000000c2b6                memb_init
 .any.text.memb_alloc
                0x000000000000c2ec       0x3e contiki-z1.a(memb.o)
                0x000000000000c2ec                memb_alloc
 .any.text.memb_free
                0x000000000000c32a       0x3a contiki-z1.a(memb.o)
                0x000000000000c32a                memb_free
 .any.text.memb_inmemb
                0x000000000000c364       0x2a contiki-z1.a(memb.o)
                0x000000000000c364                memb_inmemb
 .any.text.memb_numfree
                0x000000000000c38e       0x26 contiki-z1.a(memb.o)
                0x000000000000c38e                memb_numfree
 .any.text.echo_reply_input
                0x000000000000c3b4       0xaa contiki-z1.a(uip-icmp6.o)
 .any.text.echo_request_input
                0x000000000000c45e       0xce contiki-z1.a(uip-icmp6.o)
 .any.text.uip_icmp6_input
                0x000000000000c52c       0x44 contiki-z1.a(uip-icmp6.o)
                0x000000000000c52c                uip_icmp6_input
 .any.text.uip_icmp6_register_input_handler
                0x000000000000c570        0xc contiki-z1.a(uip-icmp6.o)
                0x000000000000c570                uip_icmp6_register_input_handler
 .any.text.uip_icmp6_error_output
                0x000000000000c57c      0x172 contiki-z1.a(uip-icmp6.o)
                0x000000000000c57c                uip_icmp6_error_output
 .any.text.uip_icmp6_send
                0x000000000000c6ee       0x90 contiki-z1.a(uip-icmp6.o)
                0x000000000000c6ee                uip_icmp6_send
 .any.text.uip_icmp6_init
                0x000000000000c77e       0x12 contiki-z1.a(uip-icmp6.o)
                0x000000000000c77e                uip_icmp6_init
 .any.text.get32
                0x000000000000c790       0x3e contiki-z1.a(rpl-icmp6.o)
 .any.text.set32
                0x000000000000c7ce       0x2a contiki-z1.a(rpl-icmp6.o)
 .any.text.get16
                0x000000000000c7f8        0xe contiki-z1.a(rpl-icmp6.o)
 .any.text.set16
                0x000000000000c806       0x10 contiki-z1.a(rpl-icmp6.o)
 .any.text.dao_ack_input
                0x000000000000c816        0xa contiki-z1.a(rpl-icmp6.o)
 .any.text.dio_input
                0x000000000000c820      0x3ce contiki-z1.a(rpl-icmp6.o)
 .any.text.rpl_icmp6_update_nbr_table
                0x000000000000cbee       0x5c contiki-z1.a(rpl-icmp6.o)
                0x000000000000cbee                rpl_icmp6_update_nbr_table
 .any.text.dao_input
                0x000000000000cc4a      0x470 contiki-z1.a(rpl-icmp6.o)
 .any.text.dis_output
                0x000000000000d0ba       0x70 contiki-z1.a(rpl-icmp6.o)
                0x000000000000d0ba                dis_output
 .any.text.dio_output
                0x000000000000d12a      0x2b4 contiki-z1.a(rpl-icmp6.o)
                0x000000000000d12a                dio_output
 .any.text.dis_input
                0x000000000000d3de       0x96 contiki-z1.a(rpl-icmp6.o)
 .any.text.dao_output_target
                0x000000000000d474      0x16c contiki-z1.a(rpl-icmp6.o)
                0x000000000000d474                dao_output_target
 .any.text.dao_output
                0x000000000000d5e0       0xa8 contiki-z1.a(rpl-icmp6.o)
                0x000000000000d5e0                dao_output
 .any.text.rpl_icmp6_register_handlers
                0x000000000000d688       0x22 contiki-z1.a(rpl-icmp6.o)
                0x000000000000d688                rpl_icmp6_register_handlers
 .any.text.update_nbr
                0x000000000000d6aa       0xda contiki-z1.a(rpl-nbr-policy.)
 .any.text.handle_periodic_timer
                0x000000000000d784        0xe contiki-z1.a(rpl-nbr-policy.)
 .any.text.find_removable_dis
                0x000000000000d792       0x14 contiki-z1.a(rpl-nbr-policy.)
                0x000000000000d792                find_removable_dis
 .any.text.find_removable_dio
                0x000000000000d7a6       0x3c contiki-z1.a(rpl-nbr-policy.)
                0x000000000000d7a6                find_removable_dio
 .any.text.find_removable_dao
                0x000000000000d7e2       0x32 contiki-z1.a(rpl-nbr-policy.)
                0x000000000000d7e2                find_removable_dao
 .any.text.rpl_nbr_policy_find_removable
                0x000000000000d814       0x30 contiki-z1.a(rpl-nbr-policy.)
                0x000000000000d814                rpl_nbr_policy_find_removable
 .any.text.net_debug_lladdr_print
                0x000000000000d844       0x3c contiki-z1.a(net-debug.o)
                0x000000000000d844                net_debug_lladdr_print
 .any.text.printf
                0x000000000000d880       0x10 /opt/compilers/mspgcc-4.7.3/bin/../lib/gcc/msp430/4.7.3/../../../../msp430/lib/mcpu-430x/mmpy-16/msr20/mc20/libc.a(printf.o)
                0x000000000000d880                printf
 .any.text.append
                0x000000000000d890       0x22 /opt/compilers/mspgcc-4.7.3/bin/../lib/gcc/msp430/4.7.3/../../../../msp430/lib/mcpu-430x/mmpy-16/msr20/mc20/libc.a(sprintf.o)
 .any.text.call_vuprintf
                0x000000000000d8b2       0x36 /opt/compilers/mspgcc-4.7.3/bin/../lib/gcc/msp430/4.7.3/../../../../msp430/lib/mcpu-430x/mmpy-16/msr20/mc20/libc.a(sprintf.o)
 .any.text.sprintf
                0x000000000000d8e8       0x1a /opt/compilers/mspgcc-4.7.3/bin/../lib/gcc/msp430/4.7.3/../../../../msp430/lib/mcpu-430x/mmpy-16/msr20/mc20/libc.a(sprintf.o)
                0x000000000000d8e8                sprintf
 .any.text.print_field
                0x000000000000d902      0x176 /opt/compilers/mspgcc-4.7.3/bin/../lib/gcc/msp430/4.7.3/../../../../msp430/lib/mcpu-430x/mmpy-16/msr20/mc20/libc.a(vuprintf.o)
 .any.text.vuprintf
                0x000000000000da78      0x742 /opt/compilers/mspgcc-4.7.3/bin/../lib/gcc/msp430/4.7.3/../../../../msp430/lib/mcpu-430x/mmpy-16/msr20/mc20/libc.a(vuprintf.o)
                0x000000000000da78                vuprintf
 .any.text.puts
                0x000000000000e1ba       0x2c /opt/compilers/mspgcc-4.7.3/bin/../lib/gcc/msp430/4.7.3/../../../../msp430/lib/mcpu-430x/mmpy-16/msr20/mc20/libc.a(puts.o)
                0x000000000000e1ba                puts
 .any.text.rand
                0x000000000000e1e6       0x26 /opt/compilers/mspgcc-4.7.3/bin/../lib/gcc/msp430/4.7.3/../../../../msp430/lib/mcpu-430x/mmpy-16/msr20/mc20/libc.a(rand.o)
                0x000000000000e1e6                rand
 .any.text.srand
                0x000000000000e20c        0xa /opt/compilers/mspgcc-4.7.3/bin/../lib/gcc/msp430/4.7.3/../../../../msp430/lib/mcpu-430x/mmpy-16/msr20/mc20/libc.a(rand.o)
                0x000000000000e20c                srand
 .any.text.memcmp
                0x000000000000e216       0x2c /opt/compilers/mspgcc-4.7.3/bin/../lib/gcc/msp430/4.7.3/../../../../msp430/lib/mcpu-430x/mmpy-16/msr20/mc20/libc.a(memcmp.o)
                0x000000000000e216                memcmp
 .any.text.memcpy
                0x000000000000e242       0xe8 /opt/compilers/mspgcc-4.7.3/bin/../lib/gcc/msp430/4.7.3/../../../../msp430/lib/mcpu-430x/mmpy-16/msr20/mc20/libc.a(memcpy.o)
                0x000000000000e242                memcpy
 .any.text.memmove
                0x000000000000e32a       0xe8 /opt/compilers/mspgcc-4.7.3/bin/../lib/gcc/msp430/4.7.3/../../../../msp430/lib/mcpu-430x/mmpy-16/msr20/mc20/libc.a(memmove.o)
                0x000000000000e32a                memmove
 .any.text.memset
                0x000000000000e412       0x5c /opt/compilers/mspgcc-4.7.3/bin/../lib/gcc/msp430/4.7.3/../../../../msp430/lib/mcpu-430x/mmpy-16/msr20/mc20/libc.a(memset.o)
                0x000000000000e412                memset

.rodata         0x000000000000e470     0x144f
                0x000000000000e470                . = ALIGN (0x2)
 *(.rodata .rodata.* .gnu.linkonce.r.*)
 .rodata.process_thread_udp_client_process
                0x000000000000e470      0x129 udp-client-mal.co
 .rodata.send_packet
                0x000000000000e599       0x35 udp-client-mal.co
 .rodata.autostart_processes
                0x000000000000e5ce        0x4 udp-client-mal.co
                0x000000000000e5ce                autostart_processes
 .rodata        0x000000000000e5d2       0x13 udp-client-mal.co
 .rodata        0x000000000000e5e5      0x111 obj_z1/contiki-z1-main.o
 *fill*         0x000000000000e6f6        0x2 00
 .rodata.get_value
                0x000000000000e6f8       0x44 contiki-z1.a(cc2420.o)
 .rodata.set_value
                0x000000000000e73c       0x20 contiki-z1.a(cc2420.o)
 .rodata.cc2420_driver
                0x000000000000e75c       0x38 contiki-z1.a(cc2420.o)
                0x000000000000e75c                cc2420_driver
 .rodata        0x000000000000e794        0xe contiki-z1.a(cc2420.o)
 .rodata.output_power
                0x000000000000e7a2       0x10 contiki-z1.a(cc2420.o)
 .rodata        0x000000000000e7b2        0x8 contiki-z1.a(sensors.o)
 .rodata        0x000000000000e7ba       0x25 contiki-z1.a(adxl345.o)
 *fill*         0x000000000000e7df        0x1 00
 .rodata.adxl345
                0x000000000000e7e0        0xe contiki-z1.a(adxl345.o)
                0x000000000000e7e0                adxl345
 .rodata        0x000000000000e7ee        0xe contiki-z1.a(tmp102.o)
 .rodata.tmp102
                0x000000000000e7fc        0xe contiki-z1.a(tmp102.o)
                0x000000000000e7fc                tmp102
 .rodata        0x000000000000e80a        0xf contiki-z1.a(ctimer.o)
 .rodata        0x000000000000e819        0xc contiki-z1.a(etimer.o)
 .rodata.upper_layer_chksum
                0x000000000000e825       0x27 contiki-z1.a(uip6.o)
 .rodata.ext_hdr_options_process
                0x000000000000e84c       0x6e contiki-z1.a(uip6.o)
 .rodata.remove_ext_hdr
                0x000000000000e8ba       0x6c contiki-z1.a(uip6.o)
 *fill*         0x000000000000e926        0x2 00
 .rodata.uip_process
                0x000000000000e928      0x348 contiki-z1.a(uip6.o)
 .rodata        0x000000000000ec70        0xb contiki-z1.a(sicslowpan.o)
 *fill*         0x000000000000ec7b        0x1 00
 .rodata.sicslowpan_driver
                0x000000000000ec7c        0xa contiki-z1.a(sicslowpan.o)
                0x000000000000ec7c                sicslowpan_driver
 .rodata.llprefix
                0x000000000000ec86        0x2 contiki-z1.a(sicslowpan.o)
                0x000000000000ec86                llprefix
 .rodata.unc_mxconf
                0x000000000000ec88        0x4 contiki-z1.a(sicslowpan.o)
                0x000000000000ec88                unc_mxconf
 .rodata.unc_ctxconf
                0x000000000000ec8c        0x4 contiki-z1.a(sicslowpan.o)
                0x000000000000ec8c                unc_ctxconf
 .rodata.unc_llconf
                0x000000000000ec90        0x4 contiki-z1.a(sicslowpan.o)
                0x000000000000ec90                unc_llconf
 .rodata.ttl_values
                0x000000000000ec94        0x4 contiki-z1.a(sicslowpan.o)
 .rodata.uip_debug_ipaddr_print
                0x000000000000ec98       0x28 contiki-z1.a(uip-debug.o)
 .rodata        0x000000000000ecc0        0xd contiki-z1.a(tcpip.o)
 .rodata.rpl_print_neighbor_list
                0x000000000000eccd       0x84 contiki-z1.a(rpl-dag.o)
 .rodata.new_dio_interval
                0x000000000000ed51       0x3a contiki-z1.a(rpl-timers.o)
 .rodata.set_dao_lifetime_timer
                0x000000000000ed8b       0x3b contiki-z1.a(rpl-timers.o)
 .rodata.handle_dio_timer
                0x000000000000edc6       0xe5 contiki-z1.a(rpl-timers.o)
 .rodata.schedule_dao
                0x000000000000eeab       0x53 contiki-z1.a(rpl-timers.o)
 .rodata.handle_dao_timer
                0x000000000000eefe       0x5f contiki-z1.a(rpl-timers.o)