Archive member included because of file (symbol)

contiki-z1.a(contiki-z1-plat)
                              obj_z1/contiki-z1-main.o (init_platform)
contiki-z1.a(msp430.o)        obj_z1/contiki-z1-main.o (splhigh_)
contiki-z1.a(leds.o)          obj_z1/contiki-z1-main.o (leds_init)
contiki-z1.a(watchdog.o)      obj_z1/contiki-z1-main.o (watchdog_start)
contiki-z1.a(xmem.o)          obj_z1/contiki-z1-main.o (xmem_init)
contiki-z1.a(spi.o)           contiki-z1.a(xmem.o) (spi_init)
contiki-z1.a(cc2420.o)        obj_z1/contiki-z1-main.o (cc2420_set_pan_addr)
contiki-z1.a(cc2420-arch.o)   contiki-z1.a(cc2420.o) (cc2420_arch_init)
contiki-z1.a(node-id.o)       obj_z1/contiki-z1-main.o (node_id_restore)
contiki-z1.a(sensors.o)       contiki-z1.a(contiki-z1-plat) (sensors_process)
contiki-z1.a(uart0.o)         obj_z1/contiki-z1-main.o (uart0_active)
contiki-z1.a(uart0-putchar.o)
                              udp-client-ids.co (putchar)
contiki-z1.a(z1-sensors.o)    contiki-z1.a(sensors.o) (sensors_flags)
contiki-z1.a(adxl345.o)       obj_z1/contiki-z1-main.o (adxl345)
contiki-z1.a(tmp102.o)        contiki-z1.a(z1-sensors.o) (tmp102)
contiki-z1.a(clock.o)         obj_z1/contiki-z1-main.o (clock_init)
contiki-z1.a(leds-arch.o)     contiki-z1.a(leds.o) (leds_arch_init)
contiki-z1.a(rtimer-arch.o)   obj_z1/contiki-z1-main.o (rtimer_arch_now)
contiki-z1.a(autostart.o)     obj_z1/contiki-z1-main.o (autostart_start)
contiki-z1.a(ctimer.o)        obj_z1/contiki-z1-main.o (ctimer_init)
contiki-z1.a(energest.o)      obj_z1/contiki-z1-main.o (energest_init)
contiki-z1.a(stimer.o)        udp-client-ids.co (stimer_remaining)
contiki-z1.a(etimer.o)        contiki-z1.a(clock.o) (etimer_request_poll)
contiki-z1.a(process.o)       udp-client-ids.co (process_current)
contiki-z1.a(rtimer.o)        obj_z1/contiki-z1-main.o (rtimer_init)
contiki-z1.a(timer.o)         contiki-z1.a(adxl345.o) (timer_set)
contiki-z1.a(serial-line.o)   udp-client-ids.co (serial_line_event_message)
contiki-z1.a(list.o)          contiki-z1.a(ctimer.o) (list_init)
contiki-z1.a(random.o)        obj_z1/contiki-z1-main.o (random_init)
contiki-z1.a(ringbuf.o)       contiki-z1.a(serial-line.o) (ringbuf_init)
contiki-z1.a(uip-ds6.o)       udp-client-ids.co (uip_ds6_if)
contiki-z1.a(uip-ds6-route.o)
                              contiki-z1.a(uip-ds6.o) (uip_ds6_route_init)
contiki-z1.a(uip6.o)          udp-client-ids.co (uip_aligned_buf)
contiki-z1.a(uip-ds6-nbr.o)   contiki-z1.a(uip-ds6.o) (uip_ds6_neighbors_init)
contiki-z1.a(uip-nd6.o)       contiki-z1.a(uip6.o) (uip_nd6_init)
contiki-z1.a(sicslowpan.o)    obj_z1/contiki-z1-main.o (sicslowpan_driver)
contiki-z1.a(tcpip.o)         contiki-z1.a(sicslowpan.o) (tcpip_set_outputfunc)
contiki-z1.a(uip-debug.o)     udp-client-ids.co (uip_debug_ipaddr_print)
contiki-z1.a(rpl-dag.o)       contiki-z1.a(tcpip.o) (rpl_repair_root)
contiki-z1.a(rpl-timers.o)    contiki-z1.a(rpl-dag.o) (rpl_reset_dio_timer)
contiki-z1.a(rpl-ext-header.)
                              contiki-z1.a(uip6.o) (rpl_verify_hbh_header)
contiki-z1.a(rpl.o)           contiki-z1.a(rpl-timers.o) (rpl_get_mode)
contiki-z1.a(rpl-mrhof.o)     contiki-z1.a(rpl-dag.o) (rpl_mrhof)
contiki-z1.a(rpl-icmp6.o)     contiki-z1.a(rpl-dag.o) (rpl_icmp6_update_nbr_table)
contiki-z1.a(queuebuf.o)      obj_z1/contiki-z1-main.o (queuebuf_init)
contiki-z1.a(nbr-table.o)     contiki-z1.a(uip-ds6-route.o) (nbr_table_register)
contiki-z1.a(packetbuf.o)     contiki-z1.a(cc2420.o) (packetbuf_set_datalen)
contiki-z1.a(linkaddr.o)      obj_z1/contiki-z1-main.o (linkaddr_copy)
contiki-z1.a(net-debug.o)     contiki-z1.a(rpl-icmp6.o) (net_debug_lladdr_print)
contiki-z1.a(link-stats.o)    contiki-z1.a(rpl-dag.o) (link_stats_from_lladdr)
contiki-z1.a(nullmac.o)       udp-client-ids.co (nullmac_driver)
contiki-z1.a(framer-802154.o)
                              contiki-z1.a(sicslowpan.o) (framer_802154)
contiki-z1.a(frame802154.o)   contiki-z1.a(framer-802154.o) (frame802154_get_pan_id)
contiki-z1.a(nullrdc.o)       obj_z1/contiki-z1-main.o (nullrdc_driver)
contiki-z1.a(nullsec.o)       obj_z1/contiki-z1-main.o (nullsec_driver)
contiki-z1.a(i2cmaster.o)     contiki-z1.a(adxl345.o) (i2c_receiveinit)
contiki-z1.a(button-sensor.o)
                              contiki-z1.a(z1-sensors.o) (button_sensor)
contiki-z1.a(memb.o)          contiki-z1.a(uip-ds6-route.o) (memb_init)
contiki-z1.a(uip-icmp6.o)     contiki-z1.a(uip-nd6.o) (uip_icmp6_register_input_handler)
contiki-z1.a(rpl-nbr-policy.)
                              contiki-z1.a(nbr-table.o) (rpl_nbr_policy_find_removable)
contiki-z1.a(mac-sequence.o)  contiki-z1.a(nullrdc.o) (mac_sequence_is_duplicate)
contiki-z1.a(mac.o)           contiki-z1.a(nullrdc.o) (mac_call_sent_callback)
/usr/local/bin/../lib/gcc/msp430/4.7.3/mcpu-430x/mmpy-16/msr20/mc20/libgcc.a(_mulsi3.o)
                              contiki-z1.a(rpl-timers.o) (__mulsi3)
/usr/local/bin/../lib/gcc/msp430/4.7.3/mcpu-430x/mmpy-16/msr20/mc20/libgcc.a(_udivmod16.o)
[...]
Memory Configuration

Name             Origin             Length             Attributes
sfr              0x0000000000000000 0x0000000000000010
peripheral_8bit  0x0000000000000010 0x00000000000000f0
peripheral_16bit 0x0000000000000100 0x0000000000000100
ram_mirror       0x0000000000000200 0x0000000000000800 xw
infomem          0x0000000000001000 0x0000000000000100
infod            0x0000000000001000 0x0000000000000040
infoc            0x0000000000001040 0x0000000000000040
infob            0x0000000000001080 0x0000000000000040
infoa            0x00000000000010c0 0x0000000000000040
ram              0x0000000000001100 0x0000000000002000 xw
rom              0x0000000000003100 0x000000000000cebe xr
vectors          0x000000000000ffc0 0x0000000000000040
far_rom          0x0000000000010000 0x000000000000a000
bsl              0x0000000000000000 0x0000000000000000
ram2             0x0000000000000000 0x0000000000000000 xw
usbram           0x0000000000000000 0x0000000000000000 xw
*default*        0x0000000000000000 0xffffffffffffffff

Linker script and memory map

LOAD /usr/local/bin/../lib/gcc/msp430/4.7.3/mcpu-430x/mmpy-16/msr20/mc20/crt0ivtbl32.o
                0x0000000000000041                __P1SEL2 = 0x41
                0x0000000000000045                __P5SEL2 = 0x45
LOAD udp-client-ids.co
LOAD obj_z1/contiki-z1-main.o
LOAD contiki-z1.a
LOAD /usr/local/bin/../lib/gcc/msp430/4.7.3/mcpu-430x/mmpy-16/msr20/mc20/libgcc.a
LOAD /usr/local/bin/../lib/gcc/msp430/4.7.3/../../../../msp430/lib/mcpu-430x/mmpy-16/msr20/mc20/libc.a
LOAD /usr/local/bin/../lib/gcc/msp430/4.7.3/mcpu-430x/mmpy-16/msr20/mc20/libgcc.a
LOAD /usr/local/bin/../lib/gcc/msp430/4.7.3/mcpu-430x/mmpy-16/msr20/mc20/libcrt0.a
                0x0000000000000040                PROVIDE (__info_segment_size, 0x40)
                0x0000000000001000                PROVIDE (__infod, 0x1000)
                0x0000000000001040                PROVIDE (__infoc, 0x1040)
                0x0000000000001080                PROVIDE (__infob, 0x1080)
                0x00000000000010c0                PROVIDE (__infoa, 0x10c0)
                0x0000000000000000                __IE1 = 0x0
                0x0000000000000002                __IFG1 = 0x2
                0x0000000000000001                __IE2 = 0x1
                0x0000000000000003                __IFG2 = 0x3
                0x0000000000000006                __UC1IE = 0x6
                0x0000000000000007                __UC1IFG = 0x7
                0x00000000000001a0                __ADC12CTL0 = 0x1a0
                0x00000000000001a2                __ADC12CTL1 = 0x1a2
                0x00000000000001a4                __ADC12IFG = 0x1a4
                0x00000000000001a6                __ADC12IE = 0x1a6
                0x00000000000001a8                __ADC12IV = 0x1a8
                0x0000000000000140                __ADC12MEM0 = 0x140
                0x0000000000000142                __ADC12MEM1 = 0x142
                0x0000000000000144                __ADC12MEM2 = 0x144
                0x0000000000000146                __ADC12MEM3 = 0x146
                0x0000000000000148                __ADC12MEM4 = 0x148
                0x000000000000014a                __ADC12MEM5 = 0x14a
                0x000000000000014c                __ADC12MEM6 = 0x14c
                0x000000000000014e                __ADC12MEM7 = 0x14e
                0x0000000000000150                __ADC12MEM8 = 0x150
                0x0000000000000152                __ADC12MEM9 = 0x152
                0x0000000000000154                __ADC12MEM10 = 0x154
                0x0000000000000156                __ADC12MEM11 = 0x156
                0x0000000000000158                __ADC12MEM12 = 0x158
                0x000000000000015a                __ADC12MEM13 = 0x15a
                0x000000000000015c                __ADC12MEM14 = 0x15c
                0x000000000000015e                __ADC12MEM15 = 0x15e
                0x0000000000000080                __ADC12MCTL0 = 0x80
                0x0000000000000081                __ADC12MCTL1 = 0x81
                0x0000000000000082                __ADC12MCTL2 = 0x82
                0x0000000000000083                __ADC12MCTL3 = 0x83
                0x0000000000000084                __ADC12MCTL4 = 0x84
                0x0000000000000085                __ADC12MCTL5 = 0x85
                0x0000000000000086                __ADC12MCTL6 = 0x86
                0x0000000000000087                __ADC12MCTL7 = 0x87
                0x0000000000000088                __ADC12MCTL8 = 0x88
                0x0000000000000089                __ADC12MCTL9 = 0x89
                0x000000000000008a                __ADC12MCTL10 = 0x8a
                0x000000000000008b                __ADC12MCTL11 = 0x8b
                0x000000000000008c                __ADC12MCTL12 = 0x8c
                0x000000000000008d                __ADC12MCTL13 = 0x8d
                0x000000000000008e                __ADC12MCTL14 = 0x8e
                0x000000000000008f                __ADC12MCTL15 = 0x8f
                0x0000000000000056                __DCOCTL = 0x56
                0x0000000000000057                __BCSCTL1 = 0x57
                0x0000000000000058                __BCSCTL2 = 0x58
                0x0000000000000053                __BCSCTL3 = 0x53
                0x0000000000000059                __CACTL1 = 0x59
                0x000000000000005a                __CACTL2 = 0x5a
                0x000000000000005b                __CAPD = 0x5b
                0x00000000000001c0                __DAC12_0CTL = 0x1c0
                0x00000000000001c2                __DAC12_1CTL = 0x1c2
                0x00000000000001c8                __DAC12_0DAT = 0x1c8
                0x00000000000001ca                __DAC12_1DAT = 0x1ca
                0x0000000000000122                __DMACTL0 = 0x122
                0x0000000000000124                __DMACTL1 = 0x124
                0x0000000000000126                __DMAIV = 0x126
                0x00000000000001d0                __DMA0CTL = 0x1d0
                0x00000000000001dc                __DMA1CTL = 0x1dc
                0x00000000000001e8                __DMA2CTL = 0x1e8
                0x00000000000001d2                __DMA0SA = 0x1d2
                0x00000000000001d2                __DMA0SAL = 0x1d2
                0x00000000000001d6                __DMA0DA = 0x1d6
                0x00000000000001d6                __DMA0DAL = 0x1d6
                0x00000000000001da                __DMA0SZ = 0x1da
                0x00000000000001de                __DMA1SA = 0x1de
                0x00000000000001de                __DMA1SAL = 0x1de
                0x00000000000001e2                __DMA1DA = 0x1e2
                0x00000000000001e2                __DMA1DAL = 0x1e2
                0x00000000000001e6                __DMA1SZ = 0x1e6
                0x00000000000001ea                __DMA2SA = 0x1ea
                0x00000000000001ea                __DMA2SAL = 0x1ea
                0x00000000000001ee                __DMA2DA = 0x1ee
                0x00000000000001ee                __DMA2DAL = 0x1ee
                0x00000000000001f2                __DMA2SZ = 0x1f2
                0x0000000000000128                __FCTL1 = 0x128
                0x000000000000012a                __FCTL2 = 0x12a
                0x000000000000012c                __FCTL3 = 0x12c
                0x00000000000001be                __FCTL4 = 0x1be
                0x0000000000000130                __MPY = 0x130
                0x0000000000000132                __MPYS = 0x132
                0x0000000000000134                __MAC = 0x134
                0x0000000000000136                __MACS = 0x136
                0x0000000000000138                __OP2 = 0x138
                0x000000000000013a                __RESLO = 0x13a
                0x000000000000013c                __RESHI = 0x13c
                0x000000000000013e                __SUMEXT = 0x13e
                0x0000000000000020                __P1IN = 0x20
                0x0000000000000021                __P1OUT = 0x21
                0x0000000000000022                __P1DIR = 0x22
                0x0000000000000023                __P1IFG = 0x23
                0x0000000000000024                __P1IES = 0x24
                0x0000000000000025                __P1IE = 0x25
                0x0000000000000026                __P1SEL = 0x26
                0x0000000000000027                __P1REN = 0x27
                0x0000000000000028                __P2IN = 0x28
                0x0000000000000029                __P2OUT = 0x29
                0x000000000000002a                __P2DIR = 0x2a
                0x000000000000002b                __P2IFG = 0x2b
                0x000000000000002c                __P2IES = 0x2c
                0x000000000000002d                __P2IE = 0x2d
                0x000000000000002e                __P2SEL = 0x2e
                0x000000000000002f                __P2REN = 0x2f
                0x0000000000000018                __P3IN = 0x18
                0x0000000000000019                __P3OUT = 0x19
                0x000000000000001a                __P3DIR = 0x1a
                0x000000000000001b                __P3SEL = 0x1b
                0x0000000000000010                __P3REN = 0x10
                0x000000000000001c                __P4IN = 0x1c
                0x000000000000001d                __P4OUT = 0x1d
                0x000000000000001e                __P4DIR = 0x1e
                0x000000000000001f                __P4SEL = 0x1f
                0x0000000000000011                __P4REN = 0x11
                0x0000000000000030                __P5IN = 0x30
                0x0000000000000031                __P5OUT = 0x31
                0x0000000000000032                __P5DIR = 0x32
                0x0000000000000033                __P5SEL = 0x33
                0x0000000000000012                __P5REN = 0x12
                0x0000000000000034                __P6IN = 0x34
                0x0000000000000035                __P6OUT = 0x35
                0x0000000000000036                __P6DIR = 0x36
                0x0000000000000037                __P6SEL = 0x37
                0x0000000000000013                __P6REN = 0x13
                0x0000000000000038                __P7IN = 0x38
                0x000000000000003a                __P7OUT = 0x3a
                0x000000000000003c                __P7DIR = 0x3c
                0x000000000000003e                __P7SEL = 0x3e
                0x0000000000000014                __P7REN = 0x14
                0x0000000000000039                __P8IN = 0x39
                0x000000000000003b                __P8OUT = 0x3b
                0x000000000000003d                __P8DIR = 0x3d
                0x000000000000003f                __P8SEL = 0x3f
                0x0000000000000015                __P8REN = 0x15
                0x0000000000000038                __PAIN = 0x38
                0x000000000000003a                __PAOUT = 0x3a
                0x000000000000003c                __PADIR = 0x3c
                0x000000000000003e                __PASEL = 0x3e
                0x0000000000000014                __PAREN = 0x14
                0x0000000000000055                __SVSCTL = 0x55
                0x000000000000012e                __TAIV = 0x12e
                0x0000000000000160                __TACTL = 0x160
                0x0000000000000162                __TACCTL0 = 0x162
                0x0000000000000164                __TACCTL1 = 0x164
                0x0000000000000166                __TACCTL2 = 0x166
                0x0000000000000170                __TAR = 0x170
                0x0000000000000172                __TACCR0 = 0x172
                0x0000000000000174                __TACCR1 = 0x174
                0x0000000000000176                __TACCR2 = 0x176
                0x000000000000011e                __TBIV = 0x11e
                0x0000000000000180                __TBCTL = 0x180
                0x0000000000000182                __TBCCTL0 = 0x182
                0x0000000000000184                __TBCCTL1 = 0x184
                0x0000000000000186                __TBCCTL2 = 0x186
                0x0000000000000188                __TBCCTL3 = 0x188
                0x000000000000018a                __TBCCTL4 = 0x18a
                0x000000000000018c                __TBCCTL5 = 0x18c
                0x000000000000018e                __TBCCTL6 = 0x18e
                0x0000000000000190                __TBR = 0x190
                0x0000000000000192                __TBCCR0 = 0x192
                0x0000000000000194                __TBCCR1 = 0x194
                0x0000000000000196                __TBCCR2 = 0x196
                0x0000000000000198                __TBCCR3 = 0x198
                0x000000000000019a                __TBCCR4 = 0x19a
                0x000000000000019c                __TBCCR5 = 0x19c
                0x000000000000019e                __TBCCR6 = 0x19e
                0x0000000000000060                __UCA0CTL0 = 0x60
                0x0000000000000061                __UCA0CTL1 = 0x61
                0x0000000000000062                __UCA0BR0 = 0x62
                0x0000000000000063                __UCA0BR1 = 0x63
                0x0000000000000064                __UCA0MCTL = 0x64
                0x0000000000000065                __UCA0STAT = 0x65
                0x0000000000000066                __UCA0RXBUF = 0x66
                0x0000000000000067                __UCA0TXBUF = 0x67
                0x000000000000005d                __UCA0ABCTL = 0x5d
                0x000000000000005e                __UCA0IRTCTL = 0x5e
                0x000000000000005f                __UCA0IRRCTL = 0x5f
                0x0000000000000068                __UCB0CTL0 = 0x68
                0x0000000000000069                __UCB0CTL1 = 0x69
                0x000000000000006a                __UCB0BR0 = 0x6a
                0x000000000000006b                __UCB0BR1 = 0x6b
                0x000000000000006c                __UCB0I2CIE = 0x6c
                0x000000000000006d                __UCB0STAT = 0x6d
                0x000000000000006e                __UCB0RXBUF = 0x6e
                0x000000000000006f                __UCB0TXBUF = 0x6f
                0x0000000000000118                __UCB0I2COA = 0x118
                0x000000000000011a                __UCB0I2CSA = 0x11a
                0x00000000000000d0                __UCA1CTL0 = 0xd0
                0x00000000000000d1                __UCA1CTL1 = 0xd1
                0x00000000000000d2                __UCA1BR0 = 0xd2
                0x00000000000000d3                __UCA1BR1 = 0xd3
                0x00000000000000d4                __UCA1MCTL = 0xd4
                0x00000000000000d5                __UCA1STAT = 0xd5
                0x00000000000000d6                __UCA1RXBUF = 0xd6
                0x00000000000000d7                __UCA1TXBUF = 0xd7
                0x00000000000000cd                __UCA1ABCTL = 0xcd
                0x00000000000000ce                __UCA1IRTCTL = 0xce
                0x00000000000000cf                __UCA1IRRCTL = 0xcf
                0x00000000000000d8                __UCB1CTL0 = 0xd8
                0x00000000000000d9                __UCB1CTL1 = 0xd9
                0x00000000000000da                __UCB1BR0 = 0xda
                0x00000000000000db                __UCB1BR1 = 0xdb
                0x00000000000000dc                __UCB1I2CIE = 0xdc
                0x00000000000000dd                __UCB1STAT = 0xdd
                0x00000000000000de                __UCB1RXBUF = 0xde
                0x00000000000000df                __UCB1TXBUF = 0xdf
                0x000000000000017c                __UCB1I2COA = 0x17c
                0x000000000000017e                __UCB1I2CSA = 0x17e
                0x0000000000000120                __WDTCTL = 0x120
                0x00000000000010c0                __TLV_CHECKSUM = 0x10c0
                0x00000000000010f6                __TLV_DCO_30_TAG = 0x10f6
                0x00000000000010f7                __TLV_DCO_30_LEN = 0x10f7
                0x00000000000010da                __TLV_ADC12_1_TAG = 0x10da
                0x00000000000010db                __TLV_ADC12_1_LEN = 0x10db
                0x00000000000010f8                __CALDCO_16MHZ = 0x10f8
                0x00000000000010f9                __CALBC1_16MHZ = 0x10f9
                0x00000000000010fa                __CALDCO_12MHZ = 0x10fa
                0x00000000000010fb                __CALBC1_12MHZ = 0x10fb
                0x00000000000010fc                __CALDCO_8MHZ = 0x10fc
                0x00000000000010fd                __CALBC1_8MHZ = 0x10fd
                0x00000000000010fe                __CALDCO_1MHZ = 0x10fe
                0x00000000000010ff                __CALBC1_1MHZ = 0x10ff

.hash
 *(.hash)

.dynsym
 *(.dynsym)

.dynstr
 *(.dynstr)

.gnu.version
 *(.gnu.version)

.gnu.version_d
 *(.gnu.version_d)

.gnu.version_r
 *(.gnu.version_r)

.rel.init
 *(.rel.init)

.rela.init
 *(.rela.init)

.rel.fini
 *(.rel.fini)

.rela.fini
 *(.rela.fini)

.rel.text
 *(.rel.text .rel.text.* .rel.gnu.linkonce.t.*)

.rela.text
 *(.rela.text .rela.text.* .rela.gnu.linkonce.t.*)

.rel.rodata
 *(.rel.rodata .rel.rodata.* .rel.gnu.linkonce.r.*)

.rela.rodata
 *(.rela.rodata .rela.rodata.* .rela.gnu.linkonce.r.*)

.rel.data
 *(.rel.data .rel.data.* .rel.gnu.linkonce.d.*)

.rela.data
 *(.rela.data .rela.data.* .rela.gnu.linkonce.d.*)

.rel.bss
 *(.rel.bss .rel.bss.* .rel.gnu.linkonce.b.*)

.rela.bss
 *(.rela.bss .rela.bss.* .rela.gnu.linkonce.b.*)

.rel.ctors
 *(.rel.ctors)

.rela.ctors
 *(.rela.ctors)

.rel.dtors
 *(.rel.dtors)

.rela.dtors
 *(.rela.dtors)

.rel.got
 *(.rel.got)

.rela.got
 *(.rela.got)

.rel.plt
 *(.rel.plt)

.rela.plt
 *(.rela.plt)

.text           0x0000000000003100     0xacb0
                0x0000000000003100                . = ALIGN (0x2)
 *(.init .init.*)
 *(.init0)
 .init0         0x0000000000003100        0x0 /usr/local/bin/../lib/gcc/msp430/4.7.3/mcpu-430x/mmpy-16/msr20/mc20/libcrt0.a(_reset_vector__.o)
                0x0000000000003100                _reset_vector__
 *(.init1)
 .init1         0x0000000000003100        0xc /usr/local/bin/../lib/gcc/msp430/4.7.3/mcpu-430x/mmpy-16/msr20/mc20/libcrt0.a(__watchdog_support.o)
                0x0000000000003100                __watchdog_support
 *(.init2)
 .init2         0x000000000000310c        0x4 /usr/local/bin/../lib/gcc/msp430/4.7.3/mcpu-430x/mmpy-16/msr20/mc20/libcrt0.a(__init_stack.o)
                0x000000000000310c                __init_stack
 *(.init3)
 .init3         0x0000000000003110        0x0 /usr/local/bin/../lib/gcc/msp430/4.7.3/mcpu-430x/mmpy-16/msr20/mc20/libcrt0.a(__low_level_init.o)
                0x0000000000003110                __low_level_init
 *(.init4)
 .init4         0x0000000000003110       0x18 /usr/local/bin/../lib/gcc/msp430/4.7.3/mcpu-430x/mmpy-16/msr20/mc20/libcrt0.a(_copy_data.o)
                0x0000000000003110                __do_copy_data
 .init4         0x0000000000003128       0x16 /usr/local/bin/../lib/gcc/msp430/4.7.3/mcpu-430x/mmpy-16/msr20/mc20/libcrt0.a(_clear_bss.o)
                0x0000000000003128                __do_clear_bss
 *(.init5)
 *(.init6)
 *(.init7)
 *(.init8)
 *(.init9)
 .init9         0x000000000000313e      0x354 obj_z1/contiki-z1-main.o
                0x000000000000313e                main
 *(.fini9)
 .fini9         0x0000000000003492        0x0 /usr/local/bin/../lib/gcc/msp430/4.7.3/mcpu-430x/mmpy-16/msr20/mc20/libcrt0.a(__stop_progExec__.o)
                0x0000000000003492                __stop_progExec__
 *(.fini8)
 *(.fini7)
 *(.fini6)
 *(.fini5)
 *(.fini4)
 *(.fini3)
 *(.fini2)
 *(.fini1)
 *(.fini0)
 .fini0         0x0000000000003492        0x6 /usr/local/bin/../lib/gcc/msp430/4.7.3/mcpu-430x/mmpy-16/msr20/mc20/libcrt0.a(_endless_loop__.o)
                0x0000000000003492                _endless_loop__
 *(.fini .fini.*)
                0x0000000000003498                . = ALIGN (0x2)
                0x0000000000003498                __ctors_start = .
 *(.ctors)
                0x0000000000003498                __ctors_end = .
                0x0000000000003498                __dtors_start = .
 *(.dtors)
                0x0000000000003498                __dtors_end = .
                0x0000000000003498                . = ALIGN (0x2)
 *(.text .text.* .gnu.linkonce.t.*)
 .text          0x0000000000003498        0x4 /usr/local/bin/../lib/gcc/msp430/4.7.3/mcpu-430x/mmpy-16/msr20/mc20/crt0ivtbl32.o
                0x0000000000003498                __isr_14
                0x0000000000003498                __isr_4
                0x0000000000003498                __isr_29
                0x0000000000003498                __isr_11
                0x0000000000003498                __isr_5
                0x0000000000003498                __isr_2
                0x0000000000003498                __isr_10
                0x0000000000003498                __isr_7
                0x0000000000003498                __isr_0
                0x0000000000003498                __isr_28
                0x0000000000003498                __isr_8
                0x0000000000003498                __isr_20
                0x0000000000003498                __isr_3
                0x0000000000003498                __isr_12
                0x0000000000003498                __isr_13
                0x0000000000003498                __isr_27
                0x0000000000003498                __isr_9
                0x0000000000003498                __isr_30
                0x0000000000003498                __isr_6
                0x0000000000003498                __isr_22
                0x0000000000003498                __isr_1
                0x0000000000003498                __isr_15
                0x0000000000003498                __isr_21
 .text.libgcc   0x000000000000349c       0x26 /usr/local/bin/../lib/gcc/msp430/4.7.3/mcpu-430x/mmpy-16/msr20/mc20/libgcc.a(_mulsi3.o)
                0x000000000000349c                __mulsi3
 .text.libgcc   0x00000000000034c2       0x22 /usr/local/bin/../lib/gcc/msp430/4.7.3/mcpu-430x/mmpy-16/msr20/mc20/libgcc.a(_udivmod16.o)
                0x00000000000034c2                __udivhi3
                0x00000000000034c2                __ext_udivmod16
                0x00000000000034dc                __umodhi3
 .text.libgcc   0x00000000000034e4       0x3a /usr/local/bin/../lib/gcc/msp430/4.7.3/mcpu-430x/mmpy-16/msr20/mc20/libgcc.a(_divmod16.o)
                0x00000000000034e4                __ext_divmod16
                0x00000000000034e4                __divhi3
                0x0000000000003516                __modhi3
 .text.libgcc   0x000000000000351e       0x38 /usr/local/bin/../lib/gcc/msp430/4.7.3/mcpu-430x/mmpy-16/msr20/mc20/libgcc.a(_udivmod32.o)
                0x000000000000351e                __udivsi3
                0x000000000000351e                __ext_udivmod32
                0x000000000000354c                __umodsi3
 .text.libgcc   0x0000000000003556       0x4c /usr/local/bin/../lib/gcc/msp430/4.7.3/mcpu-430x/mmpy-16/msr20/mc20/libgcc.a(_divmod32.o)
                0x0000000000003556                __ext_divmod32
                0x0000000000003556                __divsi3
                0x0000000000003598                __modsi3
 .text.libgcc   0x00000000000035a2       0xbc /usr/local/bin/../lib/gcc/msp430/4.7.3/mcpu-430x/mmpy-16/msr20/mc20/libgcc.a(_udivmod64.o)
                0x00000000000035a2                __xabi_udivmod64
                0x00000000000035f4                __udivdi3
                0x000000000000360e                __umoddi3
                0x0000000000003630                __udivmoddi4
 .text.crt0     0x000000000000365e        0x2 /usr/local/bin/../lib/gcc/msp430/4.7.3/mcpu-430x/mmpy-16/msr20/mc20/libcrt0.a(_unexpected_.o)
                0x000000000000365e                _unexpected_
 *(.near.text .near.text.*)
 .near.text.watchdog_interrupt
                0x0000000000003660        0x6 contiki-z1.a(watchdog.o)
                0x0000000000003660                __isr_26
                0x0000000000003660                watchdog_interrupt
 .near.text.uart0_rx_interrupt
                0x0000000000003666       0x64 contiki-z1.a(uart0.o)
                0x0000000000003666                __isr_23
                0x0000000000003666                uart0_rx_interrupt
 .near.text.port1_isr
                0x00000000000036ca       0xbe contiki-z1.a(adxl345.o)
                0x00000000000036ca                port1_isr
                0x00000000000036ca                __isr_18
 .near.text.timera1
                0x0000000000003788      0x10a contiki-z1.a(clock.o)
                0x0000000000003788                __isr_24
                0x0000000000003788                timera1
 .near.text.timera0
                0x0000000000003892       0x5c contiki-z1.a(rtimer-arch.o)
                0x0000000000003892                __isr_25
                0x0000000000003892                timera0
 .near.text.i2c_tx_interrupt
                0x00000000000038ee       0x84 contiki-z1.a(i2cmaster.o)
                0x00000000000038ee                __isr_16
                0x00000000000038ee                i2c_tx_interrupt
 .near.text.i2c_rx_interrupt
                0x0000000000003972       0x14 contiki-z1.a(i2cmaster.o)
                0x0000000000003972                i2c_rx_interrupt
                0x0000000000003972                __isr_17
 .near.text.irq_p2
                0x0000000000003986       0x76 contiki-z1.a(button-sensor.o)
                0x0000000000003986                irq_p2
                0x0000000000003986                __isr_19
 .any.text.process_thread_udp_client_process
                0x00000000000039fc      0x25a udp-client-ids.co
 .any.text.init_platform
                0x0000000000003c56        0xc contiki-z1.a(contiki-z1-plat)
                0x0000000000003c56                init_platform
 .any.text.msp430_init_dco
                0x0000000000003c62       0x28 contiki-z1.a(msp430.o)
                0x0000000000003c62                msp430_init_dco
 .any.text.splhigh_
                0x0000000000003c8a        0x8 contiki-z1.a(msp430.o)
                0x0000000000003c8a                splhigh_
 .any.text.msp430_sync_dco
                0x0000000000003c92       0x6e contiki-z1.a(msp430.o)
                0x0000000000003c92                msp430_sync_dco
 .any.text.msp430_cpu_init
                0x0000000000003d00       0x2e contiki-z1.a(msp430.o)
                0x0000000000003d00                msp430_cpu_init
 .any.text.show_leds
                0x0000000000003d2e       0xe8 contiki-z1.a(leds.o)
 .any.text.leds_init
                0x0000000000003e16        0xa contiki-z1.a(leds.o)
                0x0000000000003e16                leds_init
 .any.text.leds_on
                0x0000000000003e20        0xa contiki-z1.a(leds.o)
                0x0000000000003e20                leds_on
 .any.text.leds_off
                0x0000000000003e2a        0xe contiki-z1.a(leds.o)
                0x0000000000003e2a                leds_off
 .any.text.watchdog_start
                0x0000000000003e38       0x14 contiki-z1.a(watchdog.o)
                0x0000000000003e38                watchdog_start
 .any.text.watchdog_periodic
                0x0000000000003e4c       0x12 contiki-z1.a(watchdog.o)
                0x0000000000003e4c                watchdog_periodic
 .any.text.watchdog_stop
                0x0000000000003e5e       0x16 contiki-z1.a(watchdog.o)
                0x0000000000003e5e                watchdog_stop
 .any.text.watchdog_init
                0x0000000000003e74       0x12 contiki-z1.a(watchdog.o)
                0x0000000000003e74                watchdog_init
 .any.text.wait_ready
                0x0000000000003e86       0x46 contiki-z1.a(xmem.o)
 .any.text.xmem_init
                0x0000000000003ecc       0x1e contiki-z1.a(xmem.o)
                0x0000000000003ecc                xmem_init
 .any.text.xmem_pread
                0x0000000000003eea       0xc0 contiki-z1.a(xmem.o)
                0x0000000000003eea                xmem_pread
 .any.text.spi_init
                0x0000000000003faa       0x32 contiki-z1.a(spi.o)
                0x0000000000003faa                spi_init
 .any.text.get_object
                0x0000000000003fdc        0x4 contiki-z1.a(cc2420.o)
 .any.text.set_object
                0x0000000000003fe0        0x4 contiki-z1.a(cc2420.o)
 .any.text.strobe
                0x0000000000003fe4       0x1a contiki-z1.a(cc2420.o)
 .any.text.getreg
                0x0000000000003ffe       0x46 contiki-z1.a(cc2420.o)
 .any.text.setreg
                0x0000000000004044       0x44 contiki-z1.a(cc2420.o)
 .any.text.write_ram
                0x0000000000004088       0x72 contiki-z1.a(cc2420.o)
 .any.text.write_fifo_buf
                0x00000000000040fa       0x38 contiki-z1.a(cc2420.o)
 .any.text.get_status
                0x0000000000004132       0x1e contiki-z1.a(cc2420.o)
 .any.text.set_txpower
                0x0000000000004150       0x24 contiki-z1.a(cc2420.o)
 .any.text.cc2420_receiving_packet
                0x0000000000004174        0xa contiki-z1.a(cc2420.o)
 .any.text.pending_packet
                0x000000000000417e        0xa contiki-z1.a(cc2420.o)
 .any.text.on   0x0000000000004188       0x26 contiki-z1.a(cc2420.o)
 .any.text.wait_for_transmission
                0x00000000000041ae       0x22 contiki-z1.a(cc2420.o)
 .any.text.wait_for_status
                0x00000000000041d0       0x24 contiki-z1.a(cc2420.o)
 .any.text.getrxdata
                0x00000000000041f4       0x4c contiki-z1.a(cc2420.o)
 .any.text.flushrx
                0x0000000000004240       0x1a contiki-z1.a(cc2420.o)
 .any.text.off  0x000000000000425a       0x5a contiki-z1.a(cc2420.o)
 .any.text.RELEASE_LOCK
                0x00000000000042b4       0x28 contiki-z1.a(cc2420.o)
 .any.text.set_frame_filtering
                0x00000000000042dc       0x30 contiki-z1.a(cc2420.o)
 .any.text.set_auto_ack
                0x000000000000430c       0x30 contiki-z1.a(cc2420.o)
 .any.text.set_poll_mode
                0x000000000000433c       0x2c contiki-z1.a(cc2420.o)
 .any.text.cc2420_prepare
                0x0000000000004368       0x38 contiki-z1.a(cc2420.o)
 .any.text.cc2420_on
                0x00000000000043a0       0x22 contiki-z1.a(cc2420.o)
                0x00000000000043a0                cc2420_on
 .any.text.cc2420_off
                0x00000000000043c2       0x30 contiki-z1.a(cc2420.o)
                0x00000000000043c2                cc2420_off
 .any.text.cc2420_cca
                0x00000000000043f2       0x54 contiki-z1.a(cc2420.o)
 .any.text.cc2420_read
                0x0000000000004446       0xb8 contiki-z1.a(cc2420.o)
 .any.text.process_thread_cc2420_process
                0x00000000000044fe       0x5c contiki-z1.a(cc2420.o)
 .any.text.cc2420_set_channel
                0x000000000000455a       0x3a contiki-z1.a(cc2420.o)
                0x000000000000455a                cc2420_set_channel
 .any.text.cc2420_set_pan_addr
                0x0000000000004594       0x4c contiki-z1.a(cc2420.o)
                0x0000000000004594                cc2420_set_pan_addr
 .any.text.cc2420_interrupt
                0x00000000000045e0       0x16 contiki-z1.a(cc2420.o)
                0x00000000000045e0                cc2420_interrupt
 .any.text.cc2420_set_txpower
                0x00000000000045f6        0xe contiki-z1.a(cc2420.o)
                0x00000000000045f6                cc2420_set_txpower
 .any.text.cc2420_get_txpower
                0x0000000000004604       0x1e contiki-z1.a(cc2420.o)
                0x0000000000004604                cc2420_get_txpower
 .any.text.cc2420_transmit
                0x0000000000004622      0x10e contiki-z1.a(cc2420.o)
 .any.text.cc2420_send
                0x0000000000004730       0x12 contiki-z1.a(cc2420.o)
 .any.text.cc2420_rssi
                0x0000000000004742       0x48 contiki-z1.a(cc2420.o)
                0x0000000000004742                cc2420_rssi
 .any.text.get_value
                0x000000000000478a      0x104 contiki-z1.a(cc2420.o)
 .any.text.cc2420_set_cca_threshold
                0x000000000000488e       0x16 contiki-z1.a(cc2420.o)
                0x000000000000488e                cc2420_set_cca_threshold
 .any.text.set_value
                0x00000000000048a4       0xb2 contiki-z1.a(cc2420.o)
 .any.text.cc2420_init
                0x0000000000004956       0xea contiki-z1.a(cc2420.o)
                0x0000000000004956                cc2420_init
 .any.text.cc2420_arch_init
                0x0000000000004a40       0x1a contiki-z1.a(cc2420-arch.o)
                0x0000000000004a40                cc2420_arch_init
 .any.text.node_id_restore
                0x0000000000004a5a       0x4c contiki-z1.a(node-id.o)
                0x0000000000004a5a                node_id_restore
 .any.text.process_thread_sensors_process
                0x0000000000004aa6       0xc2 contiki-z1.a(sensors.o)
 .any.text.sensors_changed
                0x0000000000004b68       0x2a contiki-z1.a(sensors.o)
                0x0000000000004b68                sensors_changed
 .any.text.uart0_active
                0x0000000000004b92        0xe contiki-z1.a(uart0.o)
                0x0000000000004b92                uart0_active
 .any.text.uart0_writeb
                0x0000000000004ba0       0x16 contiki-z1.a(uart0.o)
                0x0000000000004ba0                uart0_writeb
 .any.text.uart0_init
                0x0000000000004bb6       0x4e contiki-z1.a(uart0.o)
                0x0000000000004bb6                uart0_init
 .any.text.putchar
                0x0000000000004c04       0x10 contiki-z1.a(uart0-putchar.o)
                0x0000000000004c04                putchar
 .any.text.status
                0x0000000000004c14       0x12 contiki-z1.a(adxl345.o)
 .any.text.accm_write_reg
                0x0000000000004c26       0x2e contiki-z1.a(adxl345.o)
 .any.text.accm_write_stream
                0x0000000000004c54       0x2a contiki-z1.a(adxl345.o)
 .any.text.accm_read_reg
                0x0000000000004c7e       0x54 contiki-z1.a(adxl345.o)
 .any.text.process_thread_accmeter_process
                0x0000000000004cd2       0x56 contiki-z1.a(adxl345.o)
 .any.text.accm_read_axis.part.0
                0x0000000000004d28       0x5a contiki-z1.a(adxl345.o)
 .any.text.value
                0x0000000000004d82       0x1e contiki-z1.a(adxl345.o)
 .any.text.accm_init
                0x0000000000004da0       0x78 contiki-z1.a(adxl345.o)
                0x0000000000004da0                accm_init
 .any.text.accm_stop
                0x0000000000004e18       0x32 contiki-z1.a(adxl345.o)
                0x0000000000004e18                accm_stop
 .any.text.configure
                0x0000000000004e4a       0x26 contiki-z1.a(adxl345.o)
 .any.text.status
                0x0000000000004e70       0x12 contiki-z1.a(tmp102.o)
 .any.text.tmp102_init
                0x0000000000004e82       0x24 contiki-z1.a(tmp102.o)
                0x0000000000004e82                tmp102_init
 .any.text.tmp102_stop
                0x0000000000004ea6        0xa contiki-z1.a(tmp102.o)
                0x0000000000004ea6                tmp102_stop
 .any.text.configure
                0x0000000000004eb0       0x26 contiki-z1.a(tmp102.o)
 .any.text.tmp102_read_reg
                0x0000000000004ed6       0x5e contiki-z1.a(tmp102.o)
                0x0000000000004ed6                tmp102_read_reg
 .any.text.tmp102_read_temp_x100
                0x0000000000004f34       0x58 contiki-z1.a(tmp102.o)
                0x0000000000004f34                tmp102_read_temp_x100
 .any.text.value
                0x0000000000004f8c        0x6 contiki-z1.a(tmp102.o)
 .any.text.clock_time
                0x0000000000004f92       0x1a contiki-z1.a(clock.o)
                0x0000000000004f92                clock_time
 .any.text.clock_init
                0x0000000000004fac       0x28 contiki-z1.a(clock.o)
                0x0000000000004fac                clock_init
 .any.text.clock_delay
                0x0000000000004fd4        0xc contiki-z1.a(clock.o)
                0x0000000000004fd4                clock_delay
 .any.text.clock_wait
                0x0000000000004fe0       0x24 contiki-z1.a(clock.o)
                0x0000000000004fe0                clock_wait
 .any.text.clock_seconds
                0x0000000000005004       0x1a contiki-z1.a(clock.o)
                0x0000000000005004                clock_seconds
 .any.text.leds_arch_init
                0x000000000000501e        0xe contiki-z1.a(leds-arch.o)
                0x000000000000501e                leds_arch_init
 .any.text.leds_arch_set
                0x000000000000502c       0x38 contiki-z1.a(leds-arch.o)
                0x000000000000502c                leds_arch_set
 .any.text.rtimer_arch_init
                0x0000000000005064        0xe contiki-z1.a(rtimer-arch.o)
                0x0000000000005064                rtimer_arch_init
 .any.text.rtimer_arch_now
                0x0000000000005072        0xe contiki-z1.a(rtimer-arch.o)
                0x0000000000005072                rtimer_arch_now
 .any.text.rtimer_arch_schedule
                0x0000000000005080        0x6 contiki-z1.a(rtimer-arch.o)
                0x0000000000005080                rtimer_arch_schedule
 .any.text.autostart_start
                0x0000000000005086       0x16 contiki-z1.a(autostart.o)
                0x0000000000005086                autostart_start
 .any.text.process_thread_ctimer_process
                0x000000000000509c       0xa0 contiki-z1.a(ctimer.o)
 .any.text.ctimer_init
                0x000000000000513c       0x18 contiki-z1.a(ctimer.o)
                0x000000000000513c                ctimer_init
 .any.text.ctimer_set_with_process
                0x0000000000005154       0x4a contiki-z1.a(ctimer.o)
                0x0000000000005154                ctimer_set_with_process
 .any.text.ctimer_set
                0x000000000000519e       0x10 contiki-z1.a(ctimer.o)
                0x000000000000519e                ctimer_set
 .any.text.ctimer_reset
                0x00000000000051ae       0x2c contiki-z1.a(ctimer.o)
                0x00000000000051ae                ctimer_reset
 .any.text.ctimer_restart
                0x00000000000051da       0x2c contiki-z1.a(ctimer.o)
                0x00000000000051da                ctimer_restart
 .any.text.ctimer_stop
                0x0000000000005206       0x28 contiki-z1.a(ctimer.o)
                0x0000000000005206                ctimer_stop
 .any.text.energest_init
                0x000000000000522e       0x24 contiki-z1.a(energest.o)
                0x000000000000522e                energest_init
 .any.text.energest_type_time
                0x0000000000005252       0x3c contiki-z1.a(energest.o)
                0x0000000000005252                energest_type_time
 .any.text.energest_type_set
                0x000000000000528e        0xc contiki-z1.a(energest.o)
                0x000000000000528e                energest_type_set
 .any.text.energest_flush
                0x000000000000529a       0x38 contiki-z1.a(energest.o)
                0x000000000000529a                energest_flush
 .any.text.stimer_set
                0x00000000000052d2       0x1c contiki-z1.a(stimer.o)
                0x00000000000052d2                stimer_set
 .any.text.stimer_expired
                0x00000000000052ee       0x30 contiki-z1.a(stimer.o)
                0x00000000000052ee                stimer_expired
 .any.text.stimer_remaining
                0x000000000000531e       0x24 contiki-z1.a(stimer.o)
                0x000000000000531e                stimer_remaining
 .any.text.update_time
                0x0000000000005342       0x70 contiki-z1.a(etimer.o)
 .any.text.etimer_request_poll
                0x00000000000053b2        0xa contiki-z1.a(etimer.o)
                0x00000000000053b2                etimer_request_poll
 .any.text.process_thread_etimer_process
                0x00000000000053bc       0xc4 contiki-z1.a(etimer.o)
 .any.text.add_timer
                0x0000000000005480       0x40 contiki-z1.a(etimer.o)
 .any.text.etimer_set
                0x00000000000054c0       0x12 contiki-z1.a(etimer.o)
                0x00000000000054c0                etimer_set
 .any.text.etimer_reset
                0x00000000000054d2       0x12 contiki-z1.a(etimer.o)
                0x00000000000054d2                etimer_reset
 .any.text.etimer_restart
                0x00000000000054e4       0x12 contiki-z1.a(etimer.o)
                0x00000000000054e4                etimer_restart
 .any.text.etimer_expired
                0x00000000000054f6        0xe contiki-z1.a(etimer.o)
                0x00000000000054f6                etimer_expired
 .any.text.etimer_expiration_time
                0x0000000000005504       0x14 contiki-z1.a(etimer.o)
                0x0000000000005504                etimer_expiration_time
 .any.text.etimer_pending
                0x0000000000005518        0xc contiki-z1.a(etimer.o)
                0x0000000000005518                etimer_pending
 .any.text.etimer_next_expiration_time
                0x0000000000005524       0x16 contiki-z1.a(etimer.o)
                0x0000000000005524                etimer_next_expiration_time
 .any.text.etimer_stop
                0x000000000000553a       0x3e contiki-z1.a(etimer.o)
                0x000000000000553a                etimer_stop
 .any.text.call_process
                0x0000000000005578       0x40 contiki-z1.a(process.o)
 .any.text.exit_process
                0x00000000000055b8       0x88 contiki-z1.a(process.o)
 .any.text.do_poll
                0x0000000000005640       0x30 contiki-z1.a(process.o)
 .any.text.process_alloc_event
                0x0000000000005670        0xe contiki-z1.a(process.o)
                0x0000000000005670                process_alloc_event
 .any.text.process_init
                0x000000000000567e       0x1c contiki-z1.a(process.o)
                0x000000000000567e                process_init
 .any.text.process_run
                0x000000000000569a       0x8c contiki-z1.a(process.o)
                0x000000000000569a                process_run
 .any.text.process_nevents
                0x0000000000005726        0xe contiki-z1.a(process.o)
                0x0000000000005726                process_nevents
 .any.text.process_post
                0x0000000000005734       0x4a contiki-z1.a(process.o)
                0x0000000000005734                process_post
 .any.text.process_post_synch
                0x000000000000577e       0x12 contiki-z1.a(process.o)
                0x000000000000577e                process_post_synch
 .any.text.process_start
                0x0000000000005790       0x36 contiki-z1.a(process.o)
                0x0000000000005790                process_start
 .any.text.process_poll
                0x00000000000057c6       0x18 contiki-z1.a(process.o)
                0x00000000000057c6                process_poll
 .any.text.rtimer_init
                0x00000000000057de        0x6 contiki-z1.a(rtimer.o)
                0x00000000000057de                rtimer_init
 .any.text.rtimer_run_next
                0x00000000000057e4       0x26 contiki-z1.a(rtimer.o)
                0x00000000000057e4                rtimer_run_next
 .any.text.timer_set
                0x000000000000580a       0x1c contiki-z1.a(timer.o)
                0x000000000000580a                timer_set
 .any.text.timer_reset
                0x0000000000005826        0xe contiki-z1.a(timer.o)
                0x0000000000005826                timer_reset
 .any.text.timer_restart
                0x0000000000005834       0x14 contiki-z1.a(timer.o)
                0x0000000000005834                timer_restart
 .any.text.timer_expired
                0x0000000000005848       0x2a contiki-z1.a(timer.o)
                0x0000000000005848                timer_expired
 .any.text.list_init
                0x0000000000005872        0x6 contiki-z1.a(list.o)
                0x0000000000005872                list_init
 .any.text.list_head
                0x0000000000005878        0x4 contiki-z1.a(list.o)
                0x0000000000005878                list_head
 .any.text.list_tail
                0x000000000000587c       0x12 contiki-z1.a(list.o)
                0x000000000000587c                list_tail
 .any.text.list_remove
                0x000000000000588e       0x34 contiki-z1.a(list.o)
                0x000000000000588e                list_remove
 .any.text.list_push
                0x00000000000058c2       0x16 contiki-z1.a(list.o)
                0x00000000000058c2                list_push
 .any.text.list_add
                0x00000000000058d8       0x26 contiki-z1.a(list.o)
                0x00000000000058d8                list_add
 .any.text.list_length
                0x00000000000058fe       0x10 contiki-z1.a(list.o)
                0x00000000000058fe                list_length
 .any.text.list_item_next
                0x000000000000590e        0xc contiki-z1.a(list.o)
                0x000000000000590e                list_item_next
 .any.text.random_init
                0x000000000000591a        0x6 contiki-z1.a(random.o)
                0x000000000000591a                random_init
 .any.text.random_rand
                0x0000000000005920        0x6 contiki-z1.a(random.o)
                0x0000000000005920                random_rand
 .any.text.uip_ds6_list_loop
                0x0000000000005926       0x66 contiki-z1.a(uip-ds6.o)
                0x0000000000005926                uip_ds6_list_loop
 .any.text.uip_ds6_prefix_add
                0x000000000000598c       0x70 contiki-z1.a(uip-ds6.o)
                0x000000000000598c                uip_ds6_prefix_add
 .any.text.uip_ds6_is_addr_onlink
                0x00000000000059fc       0x42 contiki-z1.a(uip-ds6.o)
                0x00000000000059fc                uip_ds6_is_addr_onlink
 .any.text.uip_ds6_addr_lookup
                0x0000000000005a3e       0x2a contiki-z1.a(uip-ds6.o)
                0x0000000000005a3e                uip_ds6_addr_lookup
 .any.text.uip_ds6_get_link_local
                0x0000000000005a68       0x3e contiki-z1.a(uip-ds6.o)
                0x0000000000005a68                uip_ds6_get_link_local
 .any.text.uip_ds6_maddr_add
                0x0000000000005aa6       0x48 contiki-z1.a(uip-ds6.o)
                0x0000000000005aa6                uip_ds6_maddr_add
 .any.text.uip_ds6_addr_add
                0x0000000000005aee       0xb4 contiki-z1.a(uip-ds6.o)
                0x0000000000005aee                uip_ds6_addr_add
 .any.text.uip_ds6_maddr_rm
                0x0000000000005ba2        0xa contiki-z1.a(uip-ds6.o)
                0x0000000000005ba2                uip_ds6_maddr_rm
 .any.text.uip_ds6_maddr_lookup
                0x0000000000005bac       0x2a contiki-z1.a(uip-ds6.o)
                0x0000000000005bac                uip_ds6_maddr_lookup
 .any.text.uip_ds6_addr_rm
                0x0000000000005bd6       0x54 contiki-z1.a(uip-ds6.o)
                0x0000000000005bd6                uip_ds6_addr_rm
 .any.text.uip_ds6_periodic
                0x0000000000005c2a       0x46 contiki-z1.a(uip-ds6.o)
                0x0000000000005c2a                uip_ds6_periodic
 .any.text.uip_ds6_set_addr_iid
                0x0000000000005c70       0x14 contiki-z1.a(uip-ds6.o)
                0x0000000000005c70                uip_ds6_set_addr_iid
 .any.text.get_match_length
                0x0000000000005c84       0x3c contiki-z1.a(uip-ds6.o)
                0x0000000000005c84                get_match_length
 .any.text.uip_ds6_select_src
                0x0000000000005cc0       0x9a contiki-z1.a(uip-ds6.o)
                0x0000000000005cc0                uip_ds6_select_src
 .any.text.uip_ds6_compute_reachable_time
                0x0000000000005d5a       0x36 contiki-z1.a(uip-ds6.o)
                0x0000000000005d5a                uip_ds6_compute_reachable_time
 .any.text.uip_ds6_init
                0x0000000000005d90      0x138 contiki-z1.a(uip-ds6.o)
                0x0000000000005d90                uip_ds6_init
 .any.text.call_route_callback
                0x0000000000005ec8       0x40 contiki-z1.a(uip-ds6-route.o)
 .any.text.uip_ds6_route_init
                0x0000000000005f08       0x36 contiki-z1.a(uip-ds6-route.o)
                0x0000000000005f08                uip_ds6_route_init
 .any.text.uip_ds6_route_nexthop
                0x0000000000005f3e       0x1a contiki-z1.a(uip-ds6-route.o)
                0x0000000000005f3e                uip_ds6_route_nexthop
 .any.text.uip_ds6_route_head
                0x0000000000005f58        0xa contiki-z1.a(uip-ds6-route.o)
                0x0000000000005f58                uip_ds6_route_head
 .any.text.uip_ds6_route_next
                0x0000000000005f62        0xe contiki-z1.a(uip-ds6-route.o)
                0x0000000000005f62                uip_ds6_route_next
 .any.text.assert_nbr_routes_list_sane
                0x0000000000005f70       0x48 contiki-z1.a(uip-ds6-route.o)
 .any.text.uip_ds6_route_is_nexthop
                0x0000000000005fb8       0x22 contiki-z1.a(uip-ds6-route.o)
                0x0000000000005fb8                uip_ds6_route_is_nexthop
 .any.text.uip_ds6_route_lookup
                0x0000000000005fda       0x6e contiki-z1.a(uip-ds6-route.o)
                0x0000000000005fda                uip_ds6_route_lookup
 .any.text.uip_ds6_route_rm
                0x0000000000006048       0xc4 contiki-z1.a(uip-ds6-route.o)
                0x0000000000006048                uip_ds6_route_rm
 .any.text.rm_routelist
                0x000000000000610c       0x3c contiki-z1.a(uip-ds6-route.o)
 .any.text.rm_routelist_callback
                0x0000000000006148        0x6 contiki-z1.a(uip-ds6-route.o)
 .any.text.uip_ds6_route_add
                0x000000000000614e      0x114 contiki-z1.a(uip-ds6-route.o)
                0x000000000000614e                uip_ds6_route_add
 .any.text.uip_ds6_defrt_rm
                0x0000000000006262       0x5c contiki-z1.a(uip-ds6-route.o)
                0x0000000000006262                uip_ds6_defrt_rm
 .any.text.uip_ds6_defrt_lookup
                0x00000000000062be       0x32 contiki-z1.a(uip-ds6-route.o)
                0x00000000000062be                uip_ds6_defrt_lookup
 .any.text.uip_ds6_defrt_add
                0x00000000000062f0       0x82 contiki-z1.a(uip-ds6-route.o)
                0x00000000000062f0                uip_ds6_defrt_add
 .any.text.uip_ds6_defrt_choose
                0x0000000000006372       0x36 contiki-z1.a(uip-ds6-route.o)
                0x0000000000006372                uip_ds6_defrt_choose
 .any.text.uip_ds6_defrt_periodic
                0x00000000000063a8       0x38 contiki-z1.a(uip-ds6-route.o)
                0x00000000000063a8                uip_ds6_defrt_periodic
 .any.text.chksum
                0x00000000000063e0       0x32 contiki-z1.a(uip6.o)
 .any.text.upper_layer_chksum
                0x0000000000006412       0x70 contiki-z1.a(uip6.o)
 .any.text.ext_hdr_options_process
                0x0000000000006482      0x110 contiki-z1.a(uip6.o)
 .any.text.uip_add32
                0x0000000000006592       0x60 contiki-z1.a(uip6.o)
                0x0000000000006592                uip_add32
 .any.text.uip_add_rcv_nxt
                0x00000000000065f2       0x2e contiki-z1.a(uip6.o)
 .any.text.uip_icmp6chksum
                0x0000000000006620        0xa contiki-z1.a(uip6.o)
                0x0000000000006620                uip_icmp6chksum
 .any.text.uip_tcpchksum
                0x000000000000662a        0xa contiki-z1.a(uip6.o)
                0x000000000000662a                uip_tcpchksum
 .any.text.uip_udpchksum
                0x0000000000006634        0xa contiki-z1.a(uip6.o)
                0x0000000000006634                uip_udpchksum
 .any.text.uip_init
                0x000000000000663e       0x56 contiki-z1.a(uip6.o)
                0x000000000000663e                uip_init
 .any.text.remove_ext_hdr
                0x0000000000006694       0x6e contiki-z1.a(uip6.o)
                0x0000000000006694                remove_ext_hdr
 .any.text.uip_unlisten
                0x0000000000006702       0x1a contiki-z1.a(uip6.o)
                0x0000000000006702                uip_unlisten
 .any.text.calcAvg
                0x000000000000671c      0x216 contiki-z1.a(uip6.o)
                0x000000000000671c                calcAvg
 .any.text.checkIDS
                0x0000000000006932      0x1b4 contiki-z1.a(uip6.o)
                0x0000000000006932                checkIDS
 .any.text.uip_process
                0x0000000000006ae6      0xfd6 contiki-z1.a(uip6.o)
                0x0000000000006ae6                uip_process
 .any.text.uip_htonl
                0x0000000000007abc       0x2a contiki-z1.a(uip6.o)
                0x0000000000007abc                uip_htonl
 .any.text.uip_ds6_nbr_rm
                0x0000000000007ae6       0x1e contiki-z1.a(uip-ds6-nbr.o)
                0x0000000000007ae6                uip_ds6_nbr_rm
 .any.text.uip_ds6_neighbors_init
                0x0000000000007b04       0x12 contiki-z1.a(uip-ds6-nbr.o)
                0x0000000000007b04                uip_ds6_neighbors_init
 .any.text.uip_ds6_nbr_add
                0x0000000000007b16       0x36 contiki-z1.a(uip-ds6-nbr.o)
                0x0000000000007b16                uip_ds6_nbr_add
 .any.text.uip_ds6_nbr_get_ll
                0x0000000000007b4c        0xc contiki-z1.a(uip-ds6-nbr.o)
                0x0000000000007b4c                uip_ds6_nbr_get_ll
 .any.text.uip_ds6_nbr_num
                0x0000000000007b58       0x24 contiki-z1.a(uip-ds6-nbr.o)
                0x0000000000007b58                uip_ds6_nbr_num
 .any.text.uip_ds6_nbr_lookup
                0x0000000000007b7c       0x3e contiki-z1.a(uip-ds6-nbr.o)
                0x0000000000007b7c                uip_ds6_nbr_lookup
 .any.text.uip_ds6_nbr_ll_lookup
                0x0000000000007bba        0xc contiki-z1.a(uip-ds6-nbr.o)
                0x0000000000007bba                uip_ds6_nbr_ll_lookup
 .any.text.uip_ds6_nbr_ipaddr_from_lladdr
                0x0000000000007bc6        0x6 contiki-z1.a(uip-ds6-nbr.o)
                0x0000000000007bc6                uip_ds6_nbr_ipaddr_from_lladdr
 .any.text.uip_ds6_nbr_lladdr_from_ipaddr
                0x0000000000007bcc       0x12 contiki-z1.a(uip-ds6-nbr.o)
                0x0000000000007bcc                uip_ds6_nbr_lladdr_from_ipaddr
 .any.text.uip_ds6_link_neighbor_callback
                0x0000000000007bde       0x32 contiki-z1.a(uip-ds6-nbr.o)
                0x0000000000007bde                uip_ds6_link_neighbor_callback
 .any.text.ns_input
                0x0000000000007c10      0x26c contiki-z1.a(uip-nd6.o)
 .any.text.uip_nd6_init
                0x0000000000007e7c        0xa contiki-z1.a(uip-nd6.o)
                0x0000000000007e7c                uip_nd6_init
 .any.text.clear_fragments
                0x0000000000007e86       0x38 contiki-z1.a(sicslowpan.o)
 .any.text.set_packet_attrs
                0x0000000000007ebe       0x46 contiki-z1.a(sicslowpan.o)
 .any.text.addr_context_lookup_by_number
                0x0000000000007f04       0x30 contiki-z1.a(sicslowpan.o)
 .any.text.store_fragment
                0x0000000000007f34       0x7c contiki-z1.a(sicslowpan.o)
 .any.text.compress_addr_64
                0x0000000000007fb0       0x9a contiki-z1.a(sicslowpan.o)
 .any.text.add_fragment
                0x000000000000804a      0x1a0 contiki-z1.a(sicslowpan.o)
 .any.text.uncompress_addr
                0x00000000000081ea       0xbc contiki-z1.a(sicslowpan.o)
 .any.text.input
                0x00000000000082a6      0x7e8 contiki-z1.a(sicslowpan.o)
 .any.text.sicslowpan_init
                0x0000000000008a8e       0x24 contiki-z1.a(sicslowpan.o)
                0x0000000000008a8e                sicslowpan_init
 .any.text.addr_context_lookup_by_prefix
                0x0000000000008ab2       0x4a contiki-z1.a(sicslowpan.o)
 .any.text.packet_sent
                0x0000000000008afc       0x22 contiki-z1.a(sicslowpan.o)
 .any.text.send_packet
                0x0000000000008b1e       0x1a contiki-z1.a(sicslowpan.o)
 .any.text.output
                0x0000000000008b38      0x7f4 contiki-z1.a(sicslowpan.o)
 .any.text.start_periodic_tcp_timer
                0x000000000000932c       0x16 contiki-z1.a(tcpip.o)
 .any.text.tcpip_output
                0x0000000000009342       0x10 contiki-z1.a(tcpip.o)
                0x0000000000009342                tcpip_output
 .any.text.tcpip_set_outputfunc
                0x0000000000009352        0x6 contiki-z1.a(tcpip.o)
                0x0000000000009352                tcpip_set_outputfunc
 .any.text.tcpip_input
                0x0000000000009358       0x16 contiki-z1.a(tcpip.o)
                0x0000000000009358                tcpip_input
 .any.text.tcpip_ipv6_output
                0x000000000000936e       0xcc contiki-z1.a(tcpip.o)
                0x000000000000936e                tcpip_ipv6_output
 .any.text.process_thread_tcpip_process
                0x000000000000943a      0x1a8 contiki-z1.a(tcpip.o)
 .any.text.tcpip_uipcall
                0x00000000000095e2       0x62 contiki-z1.a(tcpip.o)
                0x00000000000095e2                tcpip_uipcall
 .any.text.uip_debug_ipaddr_print
                0x0000000000009644       0xbc contiki-z1.a(uip-debug.o)
                0x0000000000009644                uip_debug_ipaddr_print
 .any.text.lollipop_greater_than
                0x0000000000009700       0x3c contiki-z1.a(rpl-dag.o)
 .any.text.find_parent_any_dag_any_instance
                0x000000000000973c       0x14 contiki-z1.a(rpl-dag.o)
 .any.text.rpl_set_preferred_parent
                0x0000000000009750       0x2c contiki-z1.a(rpl-dag.o)
 .any.text.set_ip_from_prefix
                0x000000000000977c       0x30 contiki-z1.a(rpl-dag.o)
 .any.text.check_prefix
                0x00000000000097ac       0x70 contiki-z1.a(rpl-dag.o)
 .any.text.rpl_dag_init
                0x000000000000981c        0xe contiki-z1.a(rpl-dag.o)
                0x000000000000981c                rpl_dag_init
 .any.text.rpl_get_parent
                0x000000000000982a        0xc contiki-z1.a(rpl-dag.o)
                0x000000000000982a                rpl_get_parent
 .any.text.rpl_get_parent_link_metric
                0x0000000000009836       0x2a contiki-z1.a(rpl-dag.o)
                0x0000000000009836                rpl_get_parent_link_metric
 .any.text.rpl_rank_via_parent
                0x0000000000009860       0x2a contiki-z1.a(rpl-dag.o)
                0x0000000000009860                rpl_rank_via_parent
 .any.text.rpl_get_parent_lladdr
                0x000000000000988a        0xc contiki-z1.a(rpl-dag.o)
                0x000000000000988a                rpl_get_parent_lladdr
 .any.text.rpl_get_parent_ipaddr
                0x0000000000009896        0xa contiki-z1.a(rpl-dag.o)
                0x0000000000009896                rpl_get_parent_ipaddr
 .any.text.rpl_get_parent_link_stats
                0x00000000000098a0        0xa contiki-z1.a(rpl-dag.o)
                0x00000000000098a0                rpl_get_parent_link_stats
 .any.text.rpl_print_neighbor_list
                0x00000000000098aa      0x10e contiki-z1.a(rpl-dag.o)
                0x00000000000098aa                rpl_print_neighbor_list
 .any.text.rpl_parent_is_fresh
                0x00000000000099b8        0xa contiki-z1.a(rpl-dag.o)
                0x00000000000099b8                rpl_parent_is_fresh
 .any.text.best_parent
                0x00000000000099c2       0x72 contiki-z1.a(rpl-dag.o)
 .any.text.rpl_parent_is_reachable
                0x0000000000009a34       0x4a contiki-z1.a(rpl-dag.o)
                0x0000000000009a34                rpl_parent_is_reachable
 .any.text.rpl_set_prefix
                0x0000000000009a7e       0x74 contiki-z1.a(rpl-dag.o)
                0x0000000000009a7e                rpl_set_prefix
 .any.text.rpl_set_default_route
                0x0000000000009af2       0x3a contiki-z1.a(rpl-dag.o)
                0x0000000000009af2                rpl_set_default_route
 .any.text.rpl_alloc_instance
                0x0000000000009b2c       0x4a contiki-z1.a(rpl-dag.o)
                0x0000000000009b2c                rpl_alloc_instance
 .any.text.rpl_add_parent
                0x0000000000009b76       0x3a contiki-z1.a(rpl-dag.o)
                0x0000000000009b76                rpl_add_parent
 .any.text.rpl_find_parent
                0x0000000000009bb0       0x1a contiki-z1.a(rpl-dag.o)
                0x0000000000009bb0                rpl_find_parent
 .any.text.rpl_find_parent_any_dag
                0x0000000000009bca       0x22 contiki-z1.a(rpl-dag.o)
                0x0000000000009bca                rpl_find_parent_any_dag
 .any.text.rpl_select_parent
                0x0000000000009bec       0x62 contiki-z1.a(rpl-dag.o)
                0x0000000000009bec                rpl_select_parent
 .any.text.rpl_select_dag
                0x0000000000009c4e      0x192 contiki-z1.a(rpl-dag.o)
                0x0000000000009c4e                rpl_select_dag
 .any.text.rpl_nullify_parent
                0x0000000000009de0       0x5c contiki-z1.a(rpl-dag.o)
                0x0000000000009de0                rpl_nullify_parent
 .any.text.rpl_remove_parent
                0x0000000000009e3c       0x16 contiki-z1.a(rpl-dag.o)
                0x0000000000009e3c                rpl_remove_parent
 .any.text.nbr_callback
                0x0000000000009e52        0x6 contiki-z1.a(rpl-dag.o)
 .any.text.remove_parents.constprop.4
                0x0000000000009e58       0x2c contiki-z1.a(rpl-dag.o)
 .any.text.rpl_free_dag
                0x0000000000009e84       0x42 contiki-z1.a(rpl-dag.o)
                0x0000000000009e84                rpl_free_dag
 .any.text.rpl_move_parent
                0x0000000000009ec6       0x60 contiki-z1.a(rpl-dag.o)
                0x0000000000009ec6                rpl_move_parent
 .any.text.rpl_get_dag
                0x0000000000009f26       0xe6 contiki-z1.a(rpl-dag.o)
                0x0000000000009f26                rpl_get_dag
 .any.text.rpl_get_any_dag
                0x000000000000a00c       0x22 contiki-z1.a(rpl-dag.o)
                0x000000000000a00c                rpl_get_any_dag
 .any.text.rpl_get_instance
                0x000000000000a02e       0x3e contiki-z1.a(rpl-dag.o)
                0x000000000000a02e                rpl_get_instance
 .any.text.rpl_alloc_dag
                0x000000000000a06c       0x60 contiki-z1.a(rpl-dag.o)
                0x000000000000a06c                rpl_alloc_dag
 .any.text.rpl_repair_root
                0x000000000000a0cc       0x4c contiki-z1.a(rpl-dag.o)
                0x000000000000a0cc                rpl_repair_root
 .any.text.rpl_find_of
                0x000000000000a118       0x10 contiki-z1.a(rpl-dag.o)
                0x000000000000a118                rpl_find_of
 .any.text.rpl_join_instance
                0x000000000000a128      0x142 contiki-z1.a(rpl-dag.o)
                0x000000000000a128                rpl_join_instance
 .any.text.rpl_local_repair
                0x000000000000a26a       0x82 contiki-z1.a(rpl-dag.o)
                0x000000000000a26a                rpl_local_repair
 .any.text.rpl_process_parent_event
                0x000000000000a2ec       0xa8 contiki-z1.a(rpl-dag.o)
                0x000000000000a2ec                rpl_process_parent_event
 .any.text.rpl_recalculate_ranks
                0x000000000000a394       0x44 contiki-z1.a(rpl-dag.o)
                0x000000000000a394                rpl_recalculate_ranks
 .any.text.rpl_add_dag
                0x000000000000a3d8      0x104 contiki-z1.a(rpl-dag.o)
                0x000000000000a3d8                rpl_add_dag
 .any.text.rpl_process_dio
                0x000000000000a4dc      0x32c contiki-z1.a(rpl-dag.o)
                0x000000000000a4dc                rpl_process_dio
 .any.text.handle_unicast_dio_timer
                0x000000000000a808       0x1c contiki-z1.a(rpl-timers.o)
 .any.text.new_dio_interval
                0x000000000000a824       0x98 contiki-z1.a(rpl-timers.o)
 .any.text.set_dao_lifetime_timer
                0x000000000000a8bc       0x8a contiki-z1.a(rpl-timers.o)
 .any.text.handle_dio_timer
                0x000000000000a946       0xe4 contiki-z1.a(rpl-timers.o)
 .any.text.handle_periodic_timer
                0x000000000000aa2a       0x44 contiki-z1.a(rpl-timers.o)
 .any.text.schedule_dao
                0x000000000000aa6e       0x88 contiki-z1.a(rpl-timers.o)
 .any.text.handle_dao_timer
                0x000000000000aaf6       0x84 contiki-z1.a(rpl-timers.o)
 .any.text.rpl_reset_periodic_timer
                0x000000000000ab7a       0x54 contiki-z1.a(rpl-timers.o)
                0x000000000000ab7a                rpl_reset_periodic_timer
 .any.text.rpl_reset_dio_timer
                0x000000000000abce       0x18 contiki-z1.a(rpl-timers.o)
                0x000000000000abce                rpl_reset_dio_timer
 .any.text.rpl_schedule_dao
                0x000000000000abe6        0xc contiki-z1.a(rpl-timers.o)
                0x000000000000abe6                rpl_schedule_dao
 .any.text.rpl_schedule_unicast_dio_immediately
                0x000000000000abf2       0x16 contiki-z1.a(rpl-timers.o)
                0x000000000000abf2                rpl_schedule_unicast_dio_immediately
 .any.text.get_probing_delay
                0x000000000000ac08       0x40 contiki-z1.a(rpl-timers.o)
                0x000000000000ac08                get_probing_delay
 .any.text.get_probing_target
                0x000000000000ac48       0xe2 contiki-z1.a(rpl-timers.o)
                0x000000000000ac48                get_probing_target
 .any.text.rpl_schedule_probing
                0x000000000000ad2a       0x26 contiki-z1.a(rpl-timers.o)
                0x000000000000ad2a                rpl_schedule_probing
 .any.text.handle_probing_timer
                0x000000000000ad50       0x84 contiki-z1.a(rpl-timers.o)
 .any.text.update_hbh_header
                0x000000000000add4       0xcc contiki-z1.a(rpl-ext-header.)
 .any.text.insert_hbh_header
                0x000000000000aea0       0x94 contiki-z1.a(rpl-ext-header.)
 .any.text.rpl_verify_hbh_header
                0x000000000000af34       0xf4 contiki-z1.a(rpl-ext-header.)
                0x000000000000af34                rpl_verify_hbh_header
 .any.text.rpl_remove_header
                0x000000000000b028       0x76 contiki-z1.a(rpl-ext-header.)
                0x000000000000b028                rpl_remove_header
 .any.text.rpl_update_header
                0x000000000000b09e       0x60 contiki-z1.a(rpl-ext-header.)
                0x000000000000b09e                rpl_update_header
 .any.text.rpl_get_mode
                0x000000000000b0fe        0x6 contiki-z1.a(rpl.o)
                0x000000000000b0fe                rpl_get_mode
 .any.text.rpl_purge_routes
                0x000000000000b104       0xb6 contiki-z1.a(rpl.o)
                0x000000000000b104                rpl_purge_routes
 .any.text.rpl_remove_routes
                0x000000000000b1ba       0x22 contiki-z1.a(rpl.o)
                0x000000000000b1ba                rpl_remove_routes
 .any.text.rpl_remove_routes_by_nexthop
                0x000000000000b1dc       0x3e contiki-z1.a(rpl.o)
                0x000000000000b1dc                rpl_remove_routes_by_nexthop
 .any.text.rpl_add_route
                0x000000000000b21a       0x94 contiki-z1.a(rpl.o)
                0x000000000000b21a                rpl_add_route
 .any.text.rpl_link_neighbor_callback
                0x000000000000b2ae       0x66 contiki-z1.a(rpl.o)
                0x000000000000b2ae                rpl_link_neighbor_callback
 .any.text.rpl_ipv6_neighbor_callback
                0x000000000000b314       0x5a contiki-z1.a(rpl.o)
                0x000000000000b314                rpl_ipv6_neighbor_callback
 .any.text.rpl_purge_dags
                0x000000000000b36e       0x88 contiki-z1.a(rpl.o)
                0x000000000000b36e                rpl_purge_dags
 .any.text.rpl_init
                0x000000000000b3f6       0x4c contiki-z1.a(rpl.o)
                0x000000000000b3f6                rpl_init
 .any.text.reset
                0x000000000000b442        0x2 contiki-z1.a(rpl-mrhof.o)
 .any.text.update_metric_container
                0x000000000000b444        0x6 contiki-z1.a(rpl-mrhof.o)
 .any.text.parent_link_metric
                0x000000000000b44a       0x10 contiki-z1.a(rpl-mrhof.o)
 .any.text.parent_has_usable_link
                0x000000000000b45a       0x14 contiki-z1.a(rpl-mrhof.o)
 .any.text.best_dag
                0x000000000000b46e       0x2e contiki-z1.a(rpl-mrhof.o)
 .any.text.parent_path_cost
                0x000000000000b49c       0x40 contiki-z1.a(rpl-mrhof.o)
 .any.text.parent_is_acceptable
                0x000000000000b4dc       0x2a contiki-z1.a(rpl-mrhof.o)
 .any.text.rank_via_parent
                0x000000000000b506       0x4e contiki-z1.a(rpl-mrhof.o)
 .any.text.best_parent
                0x000000000000b554       0x76 contiki-z1.a(rpl-mrhof.o)
 .any.text.get32
                0x000000000000b5ca       0x3e contiki-z1.a(rpl-icmp6.o)
 .any.text.set32
                0x000000000000b608       0x2a contiki-z1.a(rpl-icmp6.o)
 .any.text.get16
                0x000000000000b632        0xe contiki-z1.a(rpl-icmp6.o)
 .any.text.set16
                0x000000000000b640       0x10 contiki-z1.a(rpl-icmp6.o)
 .any.text.dao_ack_input
                0x000000000000b650        0xa contiki-z1.a(rpl-icmp6.o)
 .any.text.dio_input
                0x000000000000b65a      0x3e8 contiki-z1.a(rpl-icmp6.o)
 .any.text.rpl_icmp6_update_nbr_table
                0x000000000000ba42       0x5c contiki-z1.a(rpl-icmp6.o)
                0x000000000000ba42                rpl_icmp6_update_nbr_table
 .any.text.dao_input
                0x000000000000ba9e      0x470 contiki-z1.a(rpl-icmp6.o)
 .any.text.dio_output
                0x000000000000bf0e      0x2b4 contiki-z1.a(rpl-icmp6.o)
                0x000000000000bf0e                dio_output
 .any.text.dis_input
                0x000000000000c1c2       0xbe contiki-z1.a(rpl-icmp6.o)
 .any.text.dao_output_target
                0x000000000000c280      0x16c contiki-z1.a(rpl-icmp6.o)
                0x000000000000c280                dao_output_target
 .any.text.dao_output
                0x000000000000c3ec       0xa8 contiki-z1.a(rpl-icmp6.o)
                0x000000000000c3ec                dao_output
 .any.text.rpl_icmp6_register_handlers
                0x000000000000c494       0x22 contiki-z1.a(rpl-icmp6.o)
                0x000000000000c494                rpl_icmp6_register_handlers
 .any.text.queuebuf_init
                0x000000000000c4b6       0x12 contiki-z1.a(queuebuf.o)
                0x000000000000c4b6                queuebuf_init
 .any.text.queuebuf_numfree
                0x000000000000c4c8        0xa contiki-z1.a(queuebuf.o)
                0x000000000000c4c8                queuebuf_numfree
 .any.text.queuebuf_new_from_packetbuf
                0x000000000000c4d2       0x4e contiki-z1.a(queuebuf.o)
                0x000000000000c4d2                queuebuf_new_from_packetbuf
 .any.text.queuebuf_free
                0x000000000000c520       0x2a contiki-z1.a(queuebuf.o)
                0x000000000000c520                queuebuf_free
 .any.text.queuebuf_to_packetbuf
                0x000000000000c54a       0x32 contiki-z1.a(queuebuf.o)
                0x000000000000c54a                queuebuf_to_packetbuf
 .any.text.key_from_index
                0x000000000000c57c       0x18 contiki-z1.a(nbr-table.o)
 .any.text.item_from_index
                0x000000000000c594       0x2a contiki-z1.a(nbr-table.o)
 .any.text.index_from_key
                0x000000000000c5be       0x26 contiki-z1.a(nbr-table.o)
 .any.text.index_from_item
                0x000000000000c5e4       0x1e contiki-z1.a(nbr-table.o)
 .any.text.nbr_set_bit
                0x000000000000c602       0x50 contiki-z1.a(nbr-table.o)
 .any.text.index_from_lladdr
                0x000000000000c652       0x3e contiki-z1.a(nbr-table.o)
 .any.text.nbr_get_bit.constprop.0
                0x000000000000c690       0x2c contiki-z1.a(nbr-table.o)
 .any.text.remove_key
                0x000000000000c6bc       0x56 contiki-z1.a(nbr-table.o)
 .any.text.nbr_table_register
                0x000000000000c712       0x26 contiki-z1.a(nbr-table.o)
                0x000000000000c712                nbr_table_register
 .any.text.nbr_table_next
                0x000000000000c738       0x3a contiki-z1.a(nbr-table.o)
                0x000000000000c738                nbr_table_next
 .any.text.nbr_table_head
                0x000000000000c772       0x36 contiki-z1.a(nbr-table.o)
                0x000000000000c772                nbr_table_head
 .any.text.nbr_table_add_lladdr
                0x000000000000c7a8       0xfc contiki-z1.a(nbr-table.o)
                0x000000000000c7a8                nbr_table_add_lladdr
 .any.text.nbr_table_get_from_lladdr
                0x000000000000c8a4       0x28 contiki-z1.a(nbr-table.o)
                0x000000000000c8a4                nbr_table_get_from_lladdr
 .any.text.nbr_table_remove
                0x000000000000c8cc       0x2a contiki-z1.a(nbr-table.o)
                0x000000000000c8cc                nbr_table_remove
 .any.text.nbr_table_lock
                0x000000000000c8f6       0x10 contiki-z1.a(nbr-table.o)
                0x000000000000c8f6                nbr_table_lock
 .any.text.nbr_table_unlock
                0x000000000000c906       0x10 contiki-z1.a(nbr-table.o)
                0x000000000000c906                nbr_table_unlock
 .any.text.nbr_table_get_lladdr
                0x000000000000c916       0x14 contiki-z1.a(nbr-table.o)
                0x000000000000c916                nbr_table_get_lladdr
 .any.text.nbr_table_update_lladdr
                0x000000000000c92a       0x48 contiki-z1.a(nbr-table.o)
                0x000000000000c92a                nbr_table_update_lladdr
 .any.text.packetbuf_hdrreduce
                0x000000000000c972       0x1a contiki-z1.a(packetbuf.o)
                0x000000000000c972                packetbuf_hdrreduce
 .any.text.packetbuf_set_datalen
                0x000000000000c98c        0x6 contiki-z1.a(packetbuf.o)
                0x000000000000c98c                packetbuf_set_datalen
 .any.text.packetbuf_hdrptr
                0x000000000000c992        0x6 contiki-z1.a(packetbuf.o)
                0x000000000000c992                packetbuf_hdrptr
 .any.text.packetbuf_datalen
                0x000000000000c998        0x6 contiki-z1.a(packetbuf.o)
                0x000000000000c998                packetbuf_datalen
 .any.text.packetbuf_hdrlen
                0x000000000000c99e        0xa contiki-z1.a(packetbuf.o)
                0x000000000000c99e                packetbuf_hdrlen
 .any.text.packetbuf_dataptr
                0x000000000000c9a8        0xc contiki-z1.a(packetbuf.o)
                0x000000000000c9a8                packetbuf_dataptr
 .any.text.packetbuf_copyto
                0x000000000000c9b4       0x3a contiki-z1.a(packetbuf.o)
                0x000000000000c9b4                packetbuf_copyto
 .any.text.packetbuf_totlen
                0x000000000000c9ee        0xc contiki-z1.a(packetbuf.o)
                0x000000000000c9ee                packetbuf_totlen
 .any.text.packetbuf_hdralloc
                0x000000000000c9fa       0x3c contiki-z1.a(packetbuf.o)
                0x000000000000c9fa                packetbuf_hdralloc
 .any.text.packetbuf_attr_clear
                0x000000000000ca36       0x28 contiki-z1.a(packetbuf.o)
                0x000000000000ca36                packetbuf_attr_clear
 .any.text.packetbuf_clear
                0x000000000000ca5e       0x12 contiki-z1.a(packetbuf.o)
                0x000000000000ca5e                packetbuf_clear
 .any.text.packetbuf_copyfrom
                0x000000000000ca70       0x2a contiki-z1.a(packetbuf.o)
                0x000000000000ca70                packetbuf_copyfrom
 .any.text.packetbuf_attr_copyto
                0x000000000000ca9a       0x22 contiki-z1.a(packetbuf.o)
                0x000000000000ca9a                packetbuf_attr_copyto
 .any.text.packetbuf_attr_copyfrom
                0x000000000000cabc       0x24 contiki-z1.a(packetbuf.o)
                0x000000000000cabc                packetbuf_attr_copyfrom
 .any.text.packetbuf_holds_broadcast
                0x000000000000cae0        0xe contiki-z1.a(packetbuf.o)
                0x000000000000cae0                packetbuf_holds_broadcast
 .any.text.linkaddr_copy
                0x000000000000caee        0x8 contiki-z1.a(linkaddr.o)
                0x000000000000caee                linkaddr_copy
 .any.text.linkaddr_cmp
                0x000000000000caf6       0x12 contiki-z1.a(linkaddr.o)
                0x000000000000caf6                linkaddr_cmp
 .any.text.linkaddr_set_node_addr
                0x000000000000cb08        0xc contiki-z1.a(linkaddr.o)
                0x000000000000cb08                linkaddr_set_node_addr
 .any.text.net_debug_lladdr_print
                0x000000000000cb14       0x3c contiki-z1.a(net-debug.o)
                0x000000000000cb14                net_debug_lladdr_print
 .any.text.periodic
                0x000000000000cb50       0x2c contiki-z1.a(link-stats.o)
 .any.text.link_stats_from_lladdr
                0x000000000000cb7c        0xc contiki-z1.a(link-stats.o)
                0x000000000000cb7c                link_stats_from_lladdr
 .any.text.link_stats_is_fresh
                0x000000000000cb88       0x32 contiki-z1.a(link-stats.o)
                0x000000000000cb88                link_stats_is_fresh
 .any.text.link_stats_packet_sent
                0x000000000000cbba       0xc4 contiki-z1.a(link-stats.o)
                0x000000000000cbba                link_stats_packet_sent
 .any.text.link_stats_input_callback
                0x000000000000cc7e       0xa6 contiki-z1.a(link-stats.o)
                0x000000000000cc7e                link_stats_input_callback
 .any.text.link_stats_init
                0x000000000000cd24       0x22 contiki-z1.a(link-stats.o)
                0x000000000000cd24                link_stats_init
 .any.text.send_packet
                0x000000000000cd46        0x6 contiki-z1.a(nullmac.o)
 .any.text.packet_input
                0x000000000000cd4c        0x6 contiki-z1.a(nullmac.o)
 .any.text.on   0x000000000000cd52        0x6 contiki-z1.a(nullmac.o)
 .any.text.off  0x000000000000cd58        0x6 contiki-z1.a(nullmac.o)
 .any.text.channel_check_interval
                0x000000000000cd5e        0x4 contiki-z1.a(nullmac.o)
 .any.text.init
                0x000000000000cd62        0x2 contiki-z1.a(nullmac.o)
 .any.text.create_frame.isra.0
                0x000000000000cd64      0x114 contiki-z1.a(framer-802154.o)
 .any.text.create
                0x000000000000ce78        0x8 contiki-z1.a(framer-802154.o)
 .any.text.hdr_length
                0x000000000000ce80        0x8 contiki-z1.a(framer-802154.o)
 .any.text.parse
                0x000000000000ce88       0x9a contiki-z1.a(framer-802154.o)
 .any.text.frame802154_get_pan_id
                0x000000000000cf22        0x6 contiki-z1.a(frame802154.o)
                0x000000000000cf22                frame802154_get_pan_id
 .any.text.frame802154_has_panid
                0x000000000000cf28       0xe0 contiki-z1.a(frame802154.o)
                0x000000000000cf28                frame802154_has_panid
 .any.text.field_len
                0x000000000000d008       0xa8 contiki-z1.a(frame802154.o)
 .any.text.frame802154_is_broadcast_addr
                0x000000000000d0b0       0x28 contiki-z1.a(frame802154.o)
                0x000000000000d0b0                frame802154_is_broadcast_addr
 .any.text.frame802154_hdrlen
                0x000000000000d0d8       0x32 contiki-z1.a(frame802154.o)
                0x000000000000d0d8                frame802154_hdrlen
 .any.text.frame802154_create_fcf
                0x000000000000d10a       0x6e contiki-z1.a(frame802154.o)
                0x000000000000d10a                frame802154_create_fcf
 .any.text.frame802154_create
                0x000000000000d178       0xd4 contiki-z1.a(frame802154.o)
                0x000000000000d178                frame802154_create
 .any.text.frame802154_parse_fcf
                0x000000000000d24c       0x8c contiki-z1.a(frame802154.o)
                0x000000000000d24c                frame802154_parse_fcf
 .any.text.frame802154_parse
                0x000000000000d2d8      0x15c contiki-z1.a(frame802154.o)
                0x000000000000d2d8                frame802154_parse
 .any.text.on   0x000000000000d434        0x6 contiki-z1.a(nullrdc.o)
 .any.text.channel_check_interval
                0x000000000000d43a        0x4 contiki-z1.a(nullrdc.o)
 .any.text.init
                0x000000000000d43e        0x6 contiki-z1.a(nullrdc.o)
 .any.text.off  0x000000000000d444       0x10 contiki-z1.a(nullrdc.o)
 .any.text.packet_input
                0x000000000000d454       0x4a contiki-z1.a(nullrdc.o)
 .any.text.send_one_packet
                0x000000000000d49e      0x122 contiki-z1.a(nullrdc.o)
 .any.text.send_list
                0x000000000000d5c0       0x28 contiki-z1.a(nullrdc.o)
 .any.text.send_packet
                0x000000000000d5e8        0x6 contiki-z1.a(nullrdc.o)
 .any.text.init
                0x000000000000d5ee        0x2 contiki-z1.a(nullsec.o)
 .any.text.send
                0x000000000000d5f0        0xa contiki-z1.a(nullsec.o)
 .any.text.input
                0x000000000000d5fa        0x6 contiki-z1.a(nullsec.o)
 .any.text.i2c_receiveinit
                0x000000000000d600       0x36 contiki-z1.a(i2cmaster.o)
                0x000000000000d600                i2c_receiveinit
 .any.text.i2c_transmitinit
                0x000000000000d636       0x30 contiki-z1.a(i2cmaster.o)
                0x000000000000d636                i2c_transmitinit
 .any.text.i2c_receive_n
                0x000000000000d666       0x3e contiki-z1.a(i2cmaster.o)
                0x000000000000d666                i2c_receive_n
 .any.text.i2c_busy
                0x000000000000d6a4        0xa contiki-z1.a(i2cmaster.o)
                0x000000000000d6a4                i2c_busy
 .any.text.i2c_enable
                0x000000000000d6ae       0x22 contiki-z1.a(i2cmaster.o)
                0x000000000000d6ae                i2c_enable
 .any.text.i2c_transmit_n
                0x000000000000d6d0       0x14 contiki-z1.a(i2cmaster.o)
                0x000000000000d6d0                i2c_transmit_n
 .any.text.status
                0x000000000000d6e4       0x18 contiki-z1.a(button-sensor.o)
 .any.text.value
                0x000000000000d6fc       0x20 contiki-z1.a(button-sensor.o)
 .any.text.configure
                0x000000000000d71c       0x4e contiki-z1.a(button-sensor.o)
 .any.text.memb_init
                0x000000000000d76a       0x36 contiki-z1.a(memb.o)
                0x000000000000d76a                memb_init
 .any.text.memb_alloc
                0x000000000000d7a0       0x3e contiki-z1.a(memb.o)
                0x000000000000d7a0                memb_alloc
 .any.text.memb_free
                0x000000000000d7de       0x3a contiki-z1.a(memb.o)
                0x000000000000d7de                memb_free
 .any.text.memb_inmemb
                0x000000000000d818       0x2a contiki-z1.a(memb.o)
                0x000000000000d818                memb_inmemb
 .any.text.memb_numfree
                0x000000000000d842       0x26 contiki-z1.a(memb.o)
                0x000000000000d842                memb_numfree
 .any.text.echo_reply_input
                0x000000000000d868      0x19e contiki-z1.a(uip-icmp6.o)
 .any.text.echo_request_input
                0x000000000000da06      0x2b6 contiki-z1.a(uip-icmp6.o)
 .any.text.uip_icmp6_register_input_handler
                0x000000000000dcbc        0xc contiki-z1.a(uip-icmp6.o)
                0x000000000000dcbc                uip_icmp6_register_input_handler
 .any.text.uip_icmp6_send
                0x000000000000dcc8       0x90 contiki-z1.a(uip-icmp6.o)
                0x000000000000dcc8                uip_icmp6_send
 .any.text.uip_icmp6_init
                0x000000000000dd58       0x12 contiki-z1.a(uip-icmp6.o)
                0x000000000000dd58                uip_icmp6_init
 .any.text.handle_periodic_timer
                0x000000000000dd6a        0xe contiki-z1.a(rpl-nbr-policy.)
 .any.text.find_removable_dis
                0x000000000000dd78       0x14 contiki-z1.a(rpl-nbr-policy.)
                0x000000000000dd78                find_removable_dis
 .any.text.mac_call_sent_callback
                0x000000000000dd8c       0x14 contiki-z1.a(mac.o)
                0x000000000000dd8c                mac_call_sent_callback
 .any.text.printf
                0x000000000000dda0       0x10 /usr/local/bin/../lib/gcc/msp430/4.7.3/../../../../msp430/lib/mcpu-430x/mmpy-16/msr20/mc20/libc.a(printf.o)
                0x000000000000dda0                printf

.rodata         0x000000000000ddb0     0x20cd
                0x000000000000ddb0                . = ALIGN (0x2)
 *(.rodata .rodata.* .gnu.linkonce.r.*)
 .rodata.process_thread_udp_client_process
                0x000000000000ddb0      0x10c udp-client-ids.co
 .rodata.autostart_processes
                0x000000000000debc        0x4 udp-client-ids.co
                0x000000000000debc                autostart_processes
 .rodata        0x000000000000dec0       0x13 udp-client-ids.co
 .rodata        0x000000000000ded3      0x111 obj_z1/contiki-z1-main.o
 .rodata.get_value
                0x000000000000dfe4       0x44 contiki-z1.a(cc2420.o)
 .rodata.set_value
                0x000000000000e028       0x20 contiki-z1.a(cc2420.o)
 .rodata.cc2420_driver
                0x000000000000e048       0x38 contiki-z1.a(cc2420.o)
                0x000000000000e048                cc2420_driver
 .rodata        0x000000000000e080        0xe contiki-z1.a(cc2420.o)
 .rodata.output_power
                0x000000000000e08e       0x10 contiki-z1.a(cc2420.o)
 .rodata        0x000000000000e09e        0x8 contiki-z1.a(sensors.o)
 .rodata        0x000000000000e0a6       0x25 contiki-z1.a(adxl345.o)
 *fill*         0x000000000000e0cb        0x1 00
 .rodata.adxl345
                0x000000000000e0cc        0xe contiki-z1.a(adxl345.o)
                0x000000000000e0cc                adxl345
 .rodata        0x000000000000e0da        0xe contiki-z1.a(tmp102.o)
 .rodata.tmp102
                0x000000000000e0e8        0xe contiki-z1.a(tmp102.o)
                0x000000000000e0e8                tmp102
 .rodata        0x000000000000e0f6        0xf contiki-z1.a(ctimer.o)
 .rodata        0x000000000000e105        0xc contiki-z1.a(etimer.o)
 .rodata.assert_nbr_routes_list_sane
                0x000000000000e111       0xb5 contiki-z1.a(uip-ds6-route.o)
 .rodata.uip_ds6_route_rm
                0x000000000000e1c6        0x9 contiki-z1.a(uip-ds6-route.o)
 .rodata.uip_ds6_route_add
                0x000000000000e1cf        0xe contiki-z1.a(uip-ds6-route.o)
 .rodata.uip_ds6_defrt_add
                0x000000000000e1dd        0x9 contiki-z1.a(uip-ds6-route.o)
 .rodata.upper_layer_chksum
                0x000000000000e1e6       0x27 contiki-z1.a(uip6.o)
 .rodata.ext_hdr_options_process
                0x000000000000e20d       0x6e contiki-z1.a(uip6.o)
 .rodata.remove_ext_hdr
                0x000000000000e27b       0x6c contiki-z1.a(uip6.o)
 .rodata.calcAvg
                0x000000000000e2e7       0xda contiki-z1.a(uip6.o)
 .rodata.checkIDS
                0x000000000000e3c1       0x2d contiki-z1.a(uip6.o)
 *fill*         0x000000000000e3ee        0x2 00
 .rodata.uip_process
                0x000000000000e3f0      0x348 contiki-z1.a(uip6.o)
 .rodata.store_fragment
                0x000000000000e738        0xe contiki-z1.a(sicslowpan.o)
 .rodata.add_fragment
                0x000000000000e746       0xc7 contiki-z1.a(sicslowpan.o)
 .rodata.uncompress_addr
                0x000000000000e80d       0x1a contiki-z1.a(sicslowpan.o)
 .rodata.input  0x000000000000e827      0x3cb contiki-z1.a(sicslowpan.o)
 .rodata.output
                0x000000000000ebf2      0x39b contiki-z1.a(sicslowpan.o)
 .rodata        0x000000000000ef8d        0xb contiki-z1.a(sicslowpan.o)
 .rodata.sicslowpan_driver
                0x000000000000ef98        0xa contiki-z1.a(sicslowpan.o)
                0x000000000000ef98                sicslowpan_driver
 .rodata.llprefix
                0x000000000000efa2        0x2 contiki-z1.a(sicslowpan.o)
                0x000000000000efa2                llprefix
 .rodata.unc_mxconf
                0x000000000000efa4        0x4 contiki-z1.a(sicslowpan.o)
                0x000000000000efa4                unc_mxconf
 .rodata.unc_ctxconf
                0x000000000000efa8        0x4 contiki-z1.a(sicslowpan.o)
                0x000000000000efa8                unc_ctxconf
 .rodata.unc_llconf
                0x000000000000efac        0x4 contiki-z1.a(sicslowpan.o)
                0x000000000000efac                unc_llconf
 .rodata.ttl_values
                0x000000000000efb0        0x4 contiki-z1.a(sicslowpan.o)
 .rodata        0x000000000000efb4        0xd contiki-z1.a(tcpip.o)
 .rodata.uip_debug_ipaddr_print
                0x000000000000efc1       0x28 contiki-z1.a(uip-debug.o)
 .rodata.rpl_print_neighbor_list
                0x000000000000efe9       0x84 contiki-z1.a(rpl-dag.o)
 .rodata.new_dio_interval
                0x000000000000f06d       0x3a contiki-z1.a(rpl-timers.o)
 .rodata.set_dao_lifetime_timer
                0x000000000000f0a7       0x3b contiki-z1.a(rpl-timers.o)
 .rodata.handle_dio_timer
                0x000000000000f0e2       0xe5 contiki-z1.a(rpl-timers.o)
 .rodata.handle_periodic_timer
                0x000000000000f1c7       0x1a contiki-z1.a(rpl-timers.o)
 .rodata.schedule_dao
                0x000000000000f1e1       0x53 contiki-z1.a(rpl-timers.o)
 .rodata.handle_dao_timer
                0x000000000000f234       0x5f contiki-z1.a(rpl-timers.o)
 .rodata.handle_probing_timer
                0x000000000000f293       0x31 contiki-z1.a(rpl-timers.o)
 .rodata.rpl_purge_routes
                0x000000000000f2c4       0x31 contiki-z1.a(rpl.o)
 .rodata.rpl_add_route
                0x000000000000f2f5       0x45 contiki-z1.a(rpl.o)
 .rodata.rpl_link_neighbor_callback
                0x000000000000f33a       0x32 contiki-z1.a(rpl.o)
 .rodata.rpl_ipv6_neighbor_callback
                0x000000000000f36c       0x5b contiki-z1.a(rpl.o)
 .rodata.rpl_purge_dags
                0x000000000000f3c7       0x13 contiki-z1.a(rpl.o)
 .rodata.rpl_init
                0x000000000000f3da       0x11 contiki-z1.a(rpl.o)
 .rodata.dio_input
                0x000000000000f3eb      0x2ab contiki-z1.a(rpl-icmp6.o)
 .rodata.rpl_icmp6_update_nbr_table
                0x000000000000f696       0x2a contiki-z1.a(rpl-icmp6.o)
 .rodata.dao_input
                0x000000000000f6c0      0x2c8 contiki-z1.a(rpl-icmp6.o)
 .rodata.dio_output
                0x000000000000f988       0xdc contiki-z1.a(rpl-icmp6.o)
 .rodata.dis_input
                0x000000000000fa64       0x99 contiki-z1.a(rpl-icmp6.o)
 .rodata.dao_output_target
                0x000000000000fafd      0x134 contiki-z1.a(rpl-icmp6.o)
 .rodata.dao_output
                0x000000000000fc31       0x3b contiki-z1.a(rpl-icmp6.o)
 .rodata.linkaddr_null
                0x000000000000fc6c        0x8 contiki-z1.a(linkaddr.o)
                0x000000000000fc6c                linkaddr_null
 .rodata.net_debug_lladdr_print
                0x000000000000fc74       0x14 contiki-z1.a(net-debug.o)
 .rodata        0x000000000000fc88        0x8 contiki-z1.a(nullmac.o)
 .rodata.nullmac_driver
                0x000000000000fc90       0x1a contiki-z1.a(nullmac.o)
                0x000000000000fc90                nullmac_driver
 .rodata.framer_802154
                0x000000000000fcaa        0xc contiki-z1.a(framer-802154.o)
                0x000000000000fcaa                framer_802154
 .rodata.CSWTCH.16
                0x000000000000fcb6        0x2 contiki-z1.a(frame802154.o)
 .rodata.packet_input
                0x000000000000fcb8       0x60 contiki-z1.a(nullrdc.o)
 .rodata.send_one_packet
                0x000000000000fd18       0x38 contiki-z1.a(nullrdc.o)
 .rodata        0x000000000000fd50        0x8 contiki-z1.a(nullrdc.o)
 .rodata.nullrdc_driver
                0x000000000000fd58       0x1e contiki-z1.a(nullrdc.o)
                0x000000000000fd58                nullrdc_driver
 .rodata        0x000000000000fd76        0x8 contiki-z1.a(nullsec.o)
 .rodata.nullsec_driver
                0x000000000000fd7e        0xe contiki-z1.a(nullsec.o)
                0x000000000000fd7e                nullsec_driver
 .rodata        0x000000000000fd8c        0x7 contiki-z1.a(button-sensor.o)
 *fill*         0x000000000000fd93        0x1 00
 .rodata.button_sensor
                0x000000000000fd94        0xe contiki-z1.a(button-sensor.o)
                0x000000000000fd94                button_sensor
 .rodata.echo_reply_input
                0x000000000000fda2       0x69 contiki-z1.a(uip-icmp6.o)
 .rodata.echo_request_input
                0x000000000000fe0b       0x3a contiki-z1.a(uip-icmp6.o)
 .rodata.uip_icmp6_error_output
                0x000000000000fe45       0x31 contiki-z1.a(uip-icmp6.o)
 .rodata.vuprintf
                0x000000000000fe76        0x7 /usr/local/bin/../lib/gcc/msp430/4.7.3/../../../../msp430/lib/mcpu-430x/mmpy-16/msr20/mc20/libc.a(vuprintf.o)
 *(.near.rodata .near.rodata.*)
                0x000000000000fe7e                . = ALIGN (0x2)
                0x000000000000fe7e                _etext = .

.data           0x0000000000001100      0x138 load address 0x000000000000fe7e
                0x0000000000001100                . = ALIGN (0x2)
                0x0000000000001100                __data_start = .
 *(.data .data.* .gnu.linkonce.d.*)
 .data.udp_client_process
                0x0000000000001100        0xc udp-client-ids.co
                0x0000000000001100                udp_client_process
 .data.cur_break
                0x000000000000110c        0x2 contiki-z1.a(msp430.o)
 .data.cc2420_process
                0x000000000000110e        0xc contiki-z1.a(cc2420.o)
                0x000000000000110e                cc2420_process
 .data.send_on_cca
                0x000000000000111a        0x1 contiki-z1.a(cc2420.o)